Linux 4.9.35-v7+ (raspberrypi) 	29/11/18 	_armv7l_	(4 CPU)

avg-cpu:  %user   %nice %system %iowait  %steal   %idle
           7.42    0.00    2.50   12.64    0.00   77.44

Device:            tps    kB_read/s    kB_wrtn/s    kB_read    kB_wrtn
mmcblk0           7.35       110.58        35.68     320945     103545

             total       used       free     shared    buffers     cached
Mem:          923M       436M       487M       8.8M        30M       297M
-/+ buffers/cache:       108M       815M
Swap:          99M         0B        99M
Linux 4.9.35-v7+ (raspberrypi) 	29/11/18 	_armv7l_	(4 CPU)

avg-cpu:  %user   %nice %system %iowait  %steal   %idle
           7.43    0.00    2.50   12.64    0.00   77.44

Device:            tps    kB_read/s    kB_wrtn/s    kB_read    kB_wrtn
mmcblk0           7.35       110.57        35.67     320945     103545

             total       used       free     shared    buffers     cached
Mem:          923M       438M       484M       8.8M        30M       297M
-/+ buffers/cache:       110M       812M
Swap:          99M         0B        99M
Linux 4.9.35-v7+ (raspberrypi) 	29/11/18 	_armv7l_	(4 CPU)

avg-cpu:  %user   %nice %system %iowait  %steal   %idle
           7.43    0.00    2.50   12.64    0.00   77.43

Device:            tps    kB_read/s    kB_wrtn/s    kB_read    kB_wrtn
mmcblk0           7.35       110.53        35.67     320945     103565

             total       used       free     shared    buffers     cached
Mem:          923M       436M       487M       8.8M        30M       297M
-/+ buffers/cache:       108M       815M
Swap:          99M         0B        99M
Linux 4.9.35-v7+ (raspberrypi) 	29/11/18 	_armv7l_	(4 CPU)

avg-cpu:  %user   %nice %system %iowait  %steal   %idle
           7.43    0.00    2.50   12.64    0.00   77.43

Device:            tps    kB_read/s    kB_wrtn/s    kB_read    kB_wrtn
mmcblk0           7.35       110.52        35.66     320945     103569

             total       used       free     shared    buffers     cached
Mem:          923M       438M       484M       8.8M        30M       297M
-/+ buffers/cache:       110M       812M
Swap:          99M         0B        99M
Linux 4.9.35-v7+ (raspberrypi) 	29/11/18 	_armv7l_	(4 CPU)

avg-cpu:  %user   %nice %system %iowait  %steal   %idle
           7.44    0.00    2.50   12.65    0.00   77.42

Device:            tps    kB_read/s    kB_wrtn/s    kB_read    kB_wrtn
mmcblk0           7.35       110.50        35.66     320945     103577

             total       used       free     shared    buffers     cached
Mem:          923M       436M       487M       8.8M        30M       297M
-/+ buffers/cache:       108M       815M
Swap:          99M         0B        99M
Linux 4.9.35-v7+ (raspberrypi) 	29/11/18 	_armv7l_	(4 CPU)

avg-cpu:  %user   %nice %system %iowait  %steal   %idle
           7.44    0.00    2.50   12.66    0.00   77.41

Device:            tps    kB_read/s    kB_wrtn/s    kB_read    kB_wrtn
mmcblk0           7.35       110.47        35.66     320945     103605

             total       used       free     shared    buffers     cached
Mem:          923M       439M       483M       8.8M        30M       297M
-/+ buffers/cache:       111M       811M
Swap:          99M         0B        99M
Linux 4.9.35-v7+ (raspberrypi) 	29/11/18 	_armv7l_	(4 CPU)

avg-cpu:  %user   %nice %system %iowait  %steal   %idle
           7.44    0.00    2.50   12.65    0.00   77.40

Device:            tps    kB_read/s    kB_wrtn/s    kB_read    kB_wrtn
mmcblk0           7.35       110.44        35.65     320945     103613

             total       used       free     shared    buffers     cached
Mem:          923M       443M       479M       8.8M        30M       297M
-/+ buffers/cache:       115M       807M
Swap:          99M         0B        99M
Linux 4.9.35-v7+ (raspberrypi) 	29/11/18 	_armv7l_	(4 CPU)

avg-cpu:  %user   %nice %system %iowait  %steal   %idle
           7.44    0.00    2.50   12.67    0.00   77.39

Device:            tps    kB_read/s    kB_wrtn/s    kB_read    kB_wrtn
mmcblk0           7.35       110.38        35.66     320945     103693

             total       used       free     shared    buffers     cached
Mem:          923M       436M       486M       8.8M        30M       297M
-/+ buffers/cache:       108M       814M
Swap:          99M         0B        99M
Linux 4.9.35-v7+ (raspberrypi) 	29/11/18 	_armv7l_	(4 CPU)

avg-cpu:  %user   %nice %system %iowait  %steal   %idle
           7.44    0.00    2.50   12.67    0.00   77.39

Device:            tps    kB_read/s    kB_wrtn/s    kB_read    kB_wrtn
mmcblk0           7.35       110.37        35.66     320945     103693

             total       used       free     shared    buffers     cached
Mem:          923M       439M       484M       8.8M        30M       297M
-/+ buffers/cache:       111M       812M
Swap:          99M         0B        99M
Linux 4.9.35-v7+ (raspberrypi) 	29/11/18 	_armv7l_	(4 CPU)

avg-cpu:  %user   %nice %system %iowait  %steal   %idle
           7.44    0.00    2.50   12.68    0.00   77.38

Device:            tps    kB_read/s    kB_wrtn/s    kB_read    kB_wrtn
mmcblk0           7.35       110.35        35.66     320945     103725

             total       used       free     shared    buffers     cached
Mem:          923M       439M       484M       8.8M        30M       297M
-/+ buffers/cache:       111M       812M
Swap:          99M         0B        99M
Linux 4.9.35-v7+ (raspberrypi) 	29/11/18 	_armv7l_	(4 CPU)

avg-cpu:  %user   %nice %system %iowait  %steal   %idle
           7.45    0.00    2.50   12.68    0.00   77.38

Device:            tps    kB_read/s    kB_wrtn/s    kB_read    kB_wrtn
mmcblk0           7.35       110.34        35.69     320945     103813

             total       used       free     shared    buffers     cached
Mem:          923M       441M       482M       8.8M        30M       297M
-/+ buffers/cache:       113M       810M
Swap:          99M         0B        99M
Linux 4.9.35-v7+ (raspberrypi) 	29/11/18 	_armv7l_	(4 CPU)

avg-cpu:  %user   %nice %system %iowait  %steal   %idle
           7.45    0.00    2.50   12.68    0.00   77.37

Device:            tps    kB_read/s    kB_wrtn/s    kB_read    kB_wrtn
mmcblk0           7.35       110.33        35.69     320945     103813

             total       used       free     shared    buffers     cached
Mem:          923M       436M       486M       8.8M        30M       297M
-/+ buffers/cache:       109M       814M
Swap:          99M         0B        99M
Linux 4.9.35-v7+ (raspberrypi) 	29/11/18 	_armv7l_	(4 CPU)

avg-cpu:  %user   %nice %system %iowait  %steal   %idle
           7.45    0.00    2.50   12.69    0.00   77.37

Device:            tps    kB_read/s    kB_wrtn/s    kB_read    kB_wrtn
mmcblk0           7.35       110.32        35.69     320945     103829

             total       used       free     shared    buffers     cached
Mem:          923M       440M       483M       8.8M        30M       297M
-/+ buffers/cache:       112M       811M
Swap:          99M         0B        99M
Linux 4.9.35-v7+ (raspberrypi) 	29/11/18 	_armv7l_	(4 CPU)

avg-cpu:  %user   %nice %system %iowait  %steal   %idle
           7.45    0.00    2.50   12.70    0.00   77.35

Device:            tps    kB_read/s    kB_wrtn/s    kB_read    kB_wrtn
mmcblk0           7.35       110.29        35.69     320945     103869

             total       used       free     shared    buffers     cached
Mem:          923M       437M       486M       8.8M        30M       297M
-/+ buffers/cache:       109M       814M
Swap:          99M         0B        99M
Linux 4.9.35-v7+ (raspberrypi) 	29/11/18 	_armv7l_	(4 CPU)

avg-cpu:  %user   %nice %system %iowait  %steal   %idle
           7.45    0.00    2.50   12.70    0.00   77.35

Device:            tps    kB_read/s    kB_wrtn/s    kB_read    kB_wrtn
mmcblk0           7.36       110.28        35.73     320945     103989

             total       used       free     shared    buffers     cached
Mem:          923M       439M       484M       8.8M        30M       297M
-/+ buffers/cache:       111M       812M
Swap:          99M         0B        99M
Linux 4.9.35-v7+ (raspberrypi) 	29/11/18 	_armv7l_	(4 CPU)

avg-cpu:  %user   %nice %system %iowait  %steal   %idle
           7.45    0.00    2.50   12.70    0.00   77.35

Device:            tps    kB_read/s    kB_wrtn/s    kB_read    kB_wrtn
mmcblk0           7.38       110.27        35.79     320945     104173

             total       used       free     shared    buffers     cached
Mem:          923M       441M       482M       8.8M        30M       297M
-/+ buffers/cache:       113M       810M
Swap:          99M         0B        99M
Linux 4.9.35-v7+ (raspberrypi) 	29/11/18 	_armv7l_	(4 CPU)

avg-cpu:  %user   %nice %system %iowait  %steal   %idle
           7.45    0.00    2.50   12.70    0.00   77.35

Device:            tps    kB_read/s    kB_wrtn/s    kB_read    kB_wrtn
mmcblk0           7.38       110.26        35.82     320945     104257

             total       used       free     shared    buffers     cached
Mem:          923M       436M       486M       8.8M        30M       297M
-/+ buffers/cache:       108M       814M
Swap:          99M         0B        99M
Linux 4.9.35-v7+ (raspberrypi) 	29/11/18 	_armv7l_	(4 CPU)

avg-cpu:  %user   %nice %system %iowait  %steal   %idle
           7.46    0.00    2.50   12.70    0.00   77.34

Device:            tps    kB_read/s    kB_wrtn/s    kB_read    kB_wrtn
mmcblk0           7.38       110.25        35.81     320945     104257

             total       used       free     shared    buffers     cached
Mem:          923M       439M       483M       8.8M        30M       297M
-/+ buffers/cache:       111M       811M
Swap:          99M         0B        99M
Linux 4.9.35-v7+ (raspberrypi) 	29/11/18 	_armv7l_	(4 CPU)

avg-cpu:  %user   %nice %system %iowait  %steal   %idle
           7.46    0.00    2.50   12.73    0.00   77.31

Device:            tps    kB_read/s    kB_wrtn/s    kB_read    kB_wrtn
mmcblk0           7.38       110.19        35.80     320945     104285

             total       used       free     shared    buffers     cached
Mem:          923M       439M       483M       8.8M        30M       297M
-/+ buffers/cache:       111M       811M
Swap:          99M         0B        99M
Linux 4.9.35-v7+ (raspberrypi) 	29/11/18 	_armv7l_	(4 CPU)

avg-cpu:  %user   %nice %system %iowait  %steal   %idle
           7.46    0.00    2.50   12.73    0.00   77.31

Device:            tps    kB_read/s    kB_wrtn/s    kB_read    kB_wrtn
mmcblk0           7.39       110.18        35.85     320945     104433

             total       used       free     shared    buffers     cached
Mem:          923M       441M       481M       8.8M        30M       297M
-/+ buffers/cache:       113M       809M
Swap:          99M         0B        99M
Linux 4.9.35-v7+ (raspberrypi) 	29/11/18 	_armv7l_	(4 CPU)

avg-cpu:  %user   %nice %system %iowait  %steal   %idle
           7.46    0.00    2.50   12.73    0.00   77.31

Device:            tps    kB_read/s    kB_wrtn/s    kB_read    kB_wrtn
mmcblk0           7.40       110.17        35.87     320945     104489

             total       used       free     shared    buffers     cached
Mem:          923M       443M       480M       8.8M        30M       297M
-/+ buffers/cache:       115M       808M
Swap:          99M         0B        99M
Linux 4.9.35-v7+ (raspberrypi) 	29/11/18 	_armv7l_	(4 CPU)

avg-cpu:  %user   %nice %system %iowait  %steal   %idle
           7.46    0.00    2.50   12.73    0.00   77.31

Device:            tps    kB_read/s    kB_wrtn/s    kB_read    kB_wrtn
mmcblk0           7.40       110.16        35.87     320945     104501

             total       used       free     shared    buffers     cached
Mem:          923M       440M       482M       8.8M        30M       297M
-/+ buffers/cache:       112M       810M
Swap:          99M         0B        99M
Linux 4.9.35-v7+ (raspberrypi) 	29/11/18 	_armv7l_	(4 CPU)

avg-cpu:  %user   %nice %system %iowait  %steal   %idle
           7.46    0.00    2.50   12.76    0.00   77.28

Device:            tps    kB_read/s    kB_wrtn/s    kB_read    kB_wrtn
mmcblk0           7.40       110.10        35.88     320945     104589

             total       used       free     shared    buffers     cached
Mem:          923M       436M       486M       8.8M        30M       297M
-/+ buffers/cache:       108M       814M
Swap:          99M         0B        99M
Linux 4.9.35-v7+ (raspberrypi) 	29/11/18 	_armv7l_	(4 CPU)

avg-cpu:  %user   %nice %system %iowait  %steal   %idle
           7.46    0.00    2.50   12.76    0.00   77.28

Device:            tps    kB_read/s    kB_wrtn/s    kB_read    kB_wrtn
mmcblk0           7.40       110.09        35.90     320945     104661

             total       used       free     shared    buffers     cached
Mem:          923M       439M       483M       8.8M        30M       297M
-/+ buffers/cache:       111M       811M
Swap:          99M         0B        99M
Linux 4.9.35-v7+ (raspberrypi) 	29/11/18 	_armv7l_	(4 CPU)

avg-cpu:  %user   %nice %system %iowait  %steal   %idle
           7.47    0.00    2.50   12.77    0.00   77.27

Device:            tps    kB_read/s    kB_wrtn/s    kB_read    kB_wrtn
mmcblk0           7.40       110.07        35.90     320945     104677

             total       used       free     shared    buffers     cached
Mem:          923M       436M       486M       8.8M        30M       297M
-/+ buffers/cache:       108M       814M
Swap:          99M         0B        99M
Linux 4.9.35-v7+ (raspberrypi) 	29/11/18 	_armv7l_	(4 CPU)

avg-cpu:  %user   %nice %system %iowait  %steal   %idle
           7.47    0.00    2.50   12.77    0.00   77.27

Device:            tps    kB_read/s    kB_wrtn/s    kB_read    kB_wrtn
mmcblk0           7.40       110.06        35.90     320945     104681

             total       used       free     shared    buffers     cached
Mem:          923M       438M       484M       8.8M        30M       297M
-/+ buffers/cache:       110M       812M
Swap:          99M         0B        99M
Linux 4.9.35-v7+ (raspberrypi) 	29/11/18 	_armv7l_	(4 CPU)

avg-cpu:  %user   %nice %system %iowait  %steal   %idle
           7.47    0.00    2.50   12.77    0.00   77.26

Device:            tps    kB_read/s    kB_wrtn/s    kB_read    kB_wrtn
mmcblk0           7.40       110.04        35.90     320945     104709

             total       used       free     shared    buffers     cached
Mem:          923M       442M       480M       8.8M        30M       297M
-/+ buffers/cache:       114M       808M
Swap:          99M         0B        99M
Linux 4.9.35-v7+ (raspberrypi) 	29/11/18 	_armv7l_	(4 CPU)

avg-cpu:  %user   %nice %system %iowait  %steal   %idle
           7.47    0.00    2.50   12.77    0.00   77.26

Device:            tps    kB_read/s    kB_wrtn/s    kB_read    kB_wrtn
mmcblk0           7.42       110.03        35.94     320945     104845

             total       used       free     shared    buffers     cached
Mem:          923M       443M       479M       8.8M        30M       297M
-/+ buffers/cache:       115M       807M
Swap:          99M         0B        99M
Linux 4.9.35-v7+ (raspberrypi) 	29/11/18 	_armv7l_	(4 CPU)

avg-cpu:  %user   %nice %system %iowait  %steal   %idle
           7.47    0.00    2.50   12.77    0.00   77.26

Device:            tps    kB_read/s    kB_wrtn/s    kB_read    kB_wrtn
mmcblk0           7.42       110.02        35.96     320945     104901

             total       used       free     shared    buffers     cached
Mem:          923M       439M       483M       8.8M        30M       297M
-/+ buffers/cache:       111M       811M
Swap:          99M         0B        99M
Linux 4.9.35-v7+ (raspberrypi) 	29/11/18 	_armv7l_	(4 CPU)

avg-cpu:  %user   %nice %system %iowait  %steal   %idle
           7.47    0.00    2.50   12.77    0.00   77.25

Device:            tps    kB_read/s    kB_wrtn/s    kB_read    kB_wrtn
mmcblk0           7.42       110.00        35.96     320945     104909

             total       used       free     shared    buffers     cached
Mem:          923M       443M       479M       8.8M        30M       297M
-/+ buffers/cache:       115M       807M
Swap:          99M         0B        99M
Linux 4.9.35-v7+ (raspberrypi) 	29/11/18 	_armv7l_	(4 CPU)

avg-cpu:  %user   %nice %system %iowait  %steal   %idle
           7.47    0.00    2.50   12.78    0.00   77.24

Device:            tps    kB_read/s    kB_wrtn/s    kB_read    kB_wrtn
mmcblk0           7.42       109.97        35.97     320945     104981

             total       used       free     shared    buffers     cached
Mem:          923M       436M       486M       8.8M        30M       297M
-/+ buffers/cache:       108M       814M
Swap:          99M         0B        99M
Linux 4.9.35-v7+ (raspberrypi) 	29/11/18 	_armv7l_	(4 CPU)

avg-cpu:  %user   %nice %system %iowait  %steal   %idle
           7.48    0.00    2.50   12.79    0.00   77.23

Device:            tps    kB_read/s    kB_wrtn/s    kB_read    kB_wrtn
mmcblk0           7.42       109.92        35.96     320945     105009

             total       used       free     shared    buffers     cached
Mem:          923M       443M       479M       8.8M        30M       297M
-/+ buffers/cache:       115M       807M
Swap:          99M         0B        99M
Linux 4.9.35-v7+ (raspberrypi) 	29/11/18 	_armv7l_	(4 CPU)

avg-cpu:  %user   %nice %system %iowait  %steal   %idle
           7.48    0.00    2.50   12.79    0.00   77.23

Device:            tps    kB_read/s    kB_wrtn/s    kB_read    kB_wrtn
mmcblk0           7.42       109.91        35.97     320945     105033

             total       used       free     shared    buffers     cached
Mem:          923M       439M       483M       8.8M        30M       297M
-/+ buffers/cache:       111M       811M
Swap:          99M         0B        99M
Linux 4.9.35-v7+ (raspberrypi) 	29/11/18 	_armv7l_	(4 CPU)

avg-cpu:  %user   %nice %system %iowait  %steal   %idle
           7.48    0.00    2.50   12.80    0.00   77.22

Device:            tps    kB_read/s    kB_wrtn/s    kB_read    kB_wrtn
mmcblk0           7.42       109.88        35.97     320945     105057

             total       used       free     shared    buffers     cached
Mem:          923M       437M       486M       8.8M        30M       297M
-/+ buffers/cache:       109M       814M
Swap:          99M         0B        99M
Linux 4.9.35-v7+ (raspberrypi) 	29/11/18 	_armv7l_	(4 CPU)

avg-cpu:  %user   %nice %system %iowait  %steal   %idle
           7.48    0.00    2.50   12.80    0.00   77.21

Device:            tps    kB_read/s    kB_wrtn/s    kB_read    kB_wrtn
mmcblk0           7.42       109.87        35.97     320945     105065

             total       used       free     shared    buffers     cached
Mem:          923M       439M       483M       8.8M        30M       297M
-/+ buffers/cache:       111M       811M
Swap:          99M         0B        99M
Linux 4.9.35-v7+ (raspberrypi) 	29/11/18 	_armv7l_	(4 CPU)

avg-cpu:  %user   %nice %system %iowait  %steal   %idle
           7.49    0.00    2.50   12.80    0.00   77.21

Device:            tps    kB_read/s    kB_wrtn/s    kB_read    kB_wrtn
mmcblk0           7.42       109.86        35.97     320945     105077

             total       used       free     shared    buffers     cached
Mem:          923M       438M       485M       8.8M        30M       297M
-/+ buffers/cache:       110M       813M
Swap:          99M         0B        99M
Linux 4.9.35-v7+ (raspberrypi) 	29/11/18 	_armv7l_	(4 CPU)

avg-cpu:  %user   %nice %system %iowait  %steal   %idle
           7.49    0.00    2.50   12.81    0.00   77.20

Device:            tps    kB_read/s    kB_wrtn/s    kB_read    kB_wrtn
mmcblk0           7.42       109.83        35.97     320945     105117

             total       used       free     shared    buffers     cached
Mem:          923M       440M       482M       8.8M        30M       297M
-/+ buffers/cache:       112M       810M
Swap:          99M         0B        99M
Linux 4.9.35-v7+ (raspberrypi) 	29/11/18 	_armv7l_	(4 CPU)

avg-cpu:  %user   %nice %system %iowait  %steal   %idle
           7.49    0.00    2.50   12.81    0.00   77.20

Device:            tps    kB_read/s    kB_wrtn/s    kB_read    kB_wrtn
mmcblk0           7.43       109.82        36.01     320945     105237

             total       used       free     shared    buffers     cached
Mem:          923M       442M       480M       8.8M        30M       297M
-/+ buffers/cache:       114M       808M
Swap:          99M         0B        99M
Linux 4.9.35-v7+ (raspberrypi) 	29/11/18 	_armv7l_	(4 CPU)

avg-cpu:  %user   %nice %system %iowait  %steal   %idle
           7.49    0.00    2.50   12.81    0.00   77.20

Device:            tps    kB_read/s    kB_wrtn/s    kB_read    kB_wrtn
mmcblk0           7.44       109.81        36.03     320945     105301

             total       used       free     shared    buffers     cached
Mem:          923M       440M       483M       8.8M        30M       297M
-/+ buffers/cache:       112M       811M
Swap:          99M         0B        99M
Linux 4.9.35-v7+ (raspberrypi) 	29/11/18 	_armv7l_	(4 CPU)

avg-cpu:  %user   %nice %system %iowait  %steal   %idle
           7.49    0.00    2.50   12.82    0.00   77.19

Device:            tps    kB_read/s    kB_wrtn/s    kB_read    kB_wrtn
mmcblk0           7.44       109.79        36.06     320945     105421

             total       used       free     shared    buffers     cached
Mem:          923M       440M       482M       8.8M        30M       297M
-/+ buffers/cache:       112M       810M
Swap:          99M         0B        99M
Linux 4.9.35-v7+ (raspberrypi) 	29/11/18 	_armv7l_	(4 CPU)

avg-cpu:  %user   %nice %system %iowait  %steal   %idle
           7.49    0.00    2.50   12.83    0.00   77.18

Device:            tps    kB_read/s    kB_wrtn/s    kB_read    kB_wrtn
mmcblk0           7.44       109.76        36.06     320945     105445

             total       used       free     shared    buffers     cached
Mem:          923M       442M       480M       8.8M        30M       297M
-/+ buffers/cache:       114M       808M
Swap:          99M         0B        99M
Linux 4.9.35-v7+ (raspberrypi) 	29/11/18 	_armv7l_	(4 CPU)

avg-cpu:  %user   %nice %system %iowait  %steal   %idle
           7.49    0.00    2.50   12.83    0.00   77.18

Device:            tps    kB_read/s    kB_wrtn/s    kB_read    kB_wrtn
mmcblk0           7.45       109.75        36.10     320945     105577

             total       used       free     shared    buffers     cached
Mem:          923M       443M       479M       8.8M        30M       297M
-/+ buffers/cache:       115M       807M
Swap:          99M         0B        99M
Linux 4.9.35-v7+ (raspberrypi) 	29/11/18 	_armv7l_	(4 CPU)

avg-cpu:  %user   %nice %system %iowait  %steal   %idle
           7.50    0.00    2.50   12.83    0.00   77.17

Device:            tps    kB_read/s    kB_wrtn/s    kB_read    kB_wrtn
mmcblk0           7.46       109.74        36.15     320945     105721

             total       used       free     shared    buffers     cached
Mem:          923M       439M       483M       8.8M        30M       297M
-/+ buffers/cache:       111M       811M
Swap:          99M         0B        99M
Linux 4.9.35-v7+ (raspberrypi) 	29/11/18 	_armv7l_	(4 CPU)

avg-cpu:  %user   %nice %system %iowait  %steal   %idle
           7.50    0.00    2.50   12.83    0.00   77.17

Device:            tps    kB_read/s    kB_wrtn/s    kB_read    kB_wrtn
mmcblk0           7.46       109.73        36.15     320945     105721

             total       used       free     shared    buffers     cached
Mem:          923M       442M       481M       8.8M        30M       297M
-/+ buffers/cache:       114M       809M
Swap:          99M         0B        99M
Linux 4.9.35-v7+ (raspberrypi) 	29/11/18 	_armv7l_	(4 CPU)

avg-cpu:  %user   %nice %system %iowait  %steal   %idle
           7.50    0.00    2.50   12.83    0.00   77.17

Device:            tps    kB_read/s    kB_wrtn/s    kB_read    kB_wrtn
mmcblk0           7.46       109.72        36.15     320945     105745

             total       used       free     shared    buffers     cached
Mem:          923M       438M       484M       8.8M        30M       297M
-/+ buffers/cache:       110M       812M
Swap:          99M         0B        99M
Linux 4.9.35-v7+ (raspberrypi) 	29/11/18 	_armv7l_	(4 CPU)

avg-cpu:  %user   %nice %system %iowait  %steal   %idle
           7.50    0.00    2.50   12.87    0.00   77.13

Device:            tps    kB_read/s    kB_wrtn/s    kB_read    kB_wrtn
mmcblk0           7.46       109.63        36.13     320945     105781

             total       used       free     shared    buffers     cached
Mem:          923M       440M       482M       8.8M        30M       297M
-/+ buffers/cache:       112M       810M
Swap:          99M         0B        99M
Linux 4.9.35-v7+ (raspberrypi) 	29/11/18 	_armv7l_	(4 CPU)

avg-cpu:  %user   %nice %system %iowait  %steal   %idle
           7.50    0.00    2.50   12.87    0.00   77.12

Device:            tps    kB_read/s    kB_wrtn/s    kB_read    kB_wrtn
mmcblk0           7.47       109.63        36.17     320945     105897

             total       used       free     shared    buffers     cached
Mem:          923M       442M       481M       8.8M        30M       297M
-/+ buffers/cache:       114M       809M
Swap:          99M         0B        99M
Linux 4.9.35-v7+ (raspberrypi) 	29/11/18 	_armv7l_	(4 CPU)

avg-cpu:  %user   %nice %system %iowait  %steal   %idle
           7.50    0.00    2.50   12.88    0.00   77.11

Device:            tps    kB_read/s    kB_wrtn/s    kB_read    kB_wrtn
mmcblk0           7.47       109.60        36.18     320945     105961

             total       used       free     shared    buffers     cached
Mem:          923M       436M       486M       8.8M        30M       297M
-/+ buffers/cache:       108M       814M
Swap:          99M         0B        99M
Linux 4.9.35-v7+ (raspberrypi) 	29/11/18 	_armv7l_	(4 CPU)

avg-cpu:  %user   %nice %system %iowait  %steal   %idle
           7.50    0.00    2.50   12.88    0.00   77.11

Device:            tps    kB_read/s    kB_wrtn/s    kB_read    kB_wrtn
mmcblk0           7.47       109.60        36.18     320945     105965

             total       used       free     shared    buffers     cached
Mem:          923M       437M       485M       8.8M        30M       297M
-/+ buffers/cache:       109M       813M
Swap:          99M         0B        99M
Linux 4.9.35-v7+ (raspberrypi) 	29/11/18 	_armv7l_	(4 CPU)

avg-cpu:  %user   %nice %system %iowait  %steal   %idle
           7.51    0.00    2.50   12.89    0.00   77.10

Device:            tps    kB_read/s    kB_wrtn/s    kB_read    kB_wrtn
mmcblk0           7.47       109.58        36.19     320945     105985

             total       used       free     shared    buffers     cached
Mem:          923M       439M       484M       8.8M        30M       297M
-/+ buffers/cache:       111M       812M
Swap:          99M         0B        99M
Linux 4.9.35-v7+ (raspberrypi) 	29/11/18 	_armv7l_	(4 CPU)

avg-cpu:  %user   %nice %system %iowait  %steal   %idle
           7.51    0.00    2.50   12.90    0.00   77.09

Device:            tps    kB_read/s    kB_wrtn/s    kB_read    kB_wrtn
mmcblk0           7.47       109.55        36.18     320945     106001

             total       used       free     shared    buffers     cached
Mem:          923M       437M       486M       8.8M        30M       297M
-/+ buffers/cache:       109M       814M
Swap:          99M         0B        99M
Linux 4.9.35-v7+ (raspberrypi) 	29/11/18 	_armv7l_	(4 CPU)

avg-cpu:  %user   %nice %system %iowait  %steal   %idle
           7.51    0.00    2.51   12.91    0.00   77.07

Device:            tps    kB_read/s    kB_wrtn/s    kB_read    kB_wrtn
mmcblk0           7.47       109.52        36.18     320945     106021

             total       used       free     shared    buffers     cached
Mem:          923M       440M       483M       8.8M        30M       297M
-/+ buffers/cache:       112M       811M
Swap:          99M         0B        99M
Linux 4.9.35-v7+ (raspberrypi) 	29/11/18 	_armv7l_	(4 CPU)

avg-cpu:  %user   %nice %system %iowait  %steal   %idle
           7.51    0.00    2.51   12.91    0.00   77.07

Device:            tps    kB_read/s    kB_wrtn/s    kB_read    kB_wrtn
mmcblk0           7.48       109.51        36.23     320945     106173

             total       used       free     shared    buffers     cached
Mem:          923M       440M       483M       8.8M        30M       297M
-/+ buffers/cache:       111M       811M
Swap:          99M         0B        99M
Linux 4.9.35-v7+ (raspberrypi) 	29/11/18 	_armv7l_	(4 CPU)

avg-cpu:  %user   %nice %system %iowait  %steal   %idle
           7.52    0.00    2.51   12.91    0.00   77.07

Device:            tps    kB_read/s    kB_wrtn/s    kB_read    kB_wrtn
mmcblk0           7.50       109.50        36.29     320945     106353

             total       used       free     shared    buffers     cached
Mem:          923M       442M       480M       8.8M        30M       297M
-/+ buffers/cache:       114M       808M
Swap:          99M         0B        99M
Linux 4.9.35-v7+ (raspberrypi) 	29/11/18 	_armv7l_	(4 CPU)

avg-cpu:  %user   %nice %system %iowait  %steal   %idle
           7.52    0.00    2.51   12.91    0.00   77.07

Device:            tps    kB_read/s    kB_wrtn/s    kB_read    kB_wrtn
mmcblk0           7.50       109.49        36.29     320945     106357

             total       used       free     shared    buffers     cached
Mem:          923M       438M       484M       8.8M        30M       297M
-/+ buffers/cache:       110M       812M
Swap:          99M         0B        99M
Linux 4.9.35-v7+ (raspberrypi) 	29/11/18 	_armv7l_	(4 CPU)

avg-cpu:  %user   %nice %system %iowait  %steal   %idle
           7.52    0.00    2.51   12.91    0.00   77.06

Device:            tps    kB_read/s    kB_wrtn/s    kB_read    kB_wrtn
mmcblk0           7.50       109.48        36.29     320945     106373

             total       used       free     shared    buffers     cached
Mem:          923M       443M       479M       8.8M        30M       297M
-/+ buffers/cache:       115M       807M
Swap:          99M         0B        99M
Linux 4.9.35-v7+ (raspberrypi) 	29/11/18 	_armv7l_	(4 CPU)

avg-cpu:  %user   %nice %system %iowait  %steal   %idle
           7.52    0.00    2.51   12.91    0.00   77.06

Device:            tps    kB_read/s    kB_wrtn/s    kB_read    kB_wrtn
mmcblk0           7.51       109.47        36.33     320945     106509

             total       used       free     shared    buffers     cached
Mem:          923M       439M       483M       8.8M        30M       297M
-/+ buffers/cache:       111M       811M
Swap:          99M         0B        99M
Linux 4.9.35-v7+ (raspberrypi) 	29/11/18 	_armv7l_	(4 CPU)

avg-cpu:  %user   %nice %system %iowait  %steal   %idle
           7.52    0.00    2.51   12.91    0.00   77.06

Device:            tps    kB_read/s    kB_wrtn/s    kB_read    kB_wrtn
mmcblk0           7.52       109.46        36.39     320945     106701

             total       used       free     shared    buffers     cached
Mem:          923M       441M       481M       8.8M        30M       297M
-/+ buffers/cache:       113M       809M
Swap:          99M         0B        99M
Linux 4.9.35-v7+ (raspberrypi) 	29/11/18 	_armv7l_	(4 CPU)

avg-cpu:  %user   %nice %system %iowait  %steal   %idle
           7.52    0.00    2.51   12.91    0.00   77.05

Device:            tps    kB_read/s    kB_wrtn/s    kB_read    kB_wrtn
mmcblk0           7.52       109.45        36.39     320945     106709

             total       used       free     shared    buffers     cached
Mem:          923M       443M       479M       8.8M        30M       297M
-/+ buffers/cache:       115M       807M
Swap:          99M         0B        99M
Linux 4.9.35-v7+ (raspberrypi) 	29/11/18 	_armv7l_	(4 CPU)

avg-cpu:  %user   %nice %system %iowait  %steal   %idle
           7.53    0.00    2.51   12.92    0.00   77.05

Device:            tps    kB_read/s    kB_wrtn/s    kB_read    kB_wrtn
mmcblk0           7.52       109.44        36.39     320945     106725

             total       used       free     shared    buffers     cached
Mem:          923M       440M       482M       8.8M        30M       297M
-/+ buffers/cache:       112M       810M
Swap:          99M         0B        99M
Linux 4.9.35-v7+ (raspberrypi) 	29/11/18 	_armv7l_	(4 CPU)

avg-cpu:  %user   %nice %system %iowait  %steal   %idle
           7.53    0.00    2.51   12.93    0.00   77.03

Device:            tps    kB_read/s    kB_wrtn/s    kB_read    kB_wrtn
mmcblk0           7.53       109.41        36.43     320945     106865

             total       used       free     shared    buffers     cached
Mem:          923M       436M       486M       8.8M        30M       297M
-/+ buffers/cache:       108M       814M
Swap:          99M         0B        99M
Linux 4.9.35-v7+ (raspberrypi) 	29/11/18 	_armv7l_	(4 CPU)

avg-cpu:  %user   %nice %system %iowait  %steal   %idle
           7.53    0.00    2.51   12.93    0.00   77.03

Device:            tps    kB_read/s    kB_wrtn/s    kB_read    kB_wrtn
mmcblk0           7.53       109.40        36.44     320945     106909

             total       used       free     shared    buffers     cached
Mem:          923M       437M       485M       8.8M        30M       297M
-/+ buffers/cache:       109M       813M
Swap:          99M         0B        99M
Linux 4.9.35-v7+ (raspberrypi) 	29/11/18 	_armv7l_	(4 CPU)

avg-cpu:  %user   %nice %system %iowait  %steal   %idle
           7.53    0.00    2.51   12.95    0.00   77.01

Device:            tps    kB_read/s    kB_wrtn/s    kB_read    kB_wrtn
mmcblk0           7.53       109.35        36.43     320945     106933

             total       used       free     shared    buffers     cached
Mem:          923M       436M       486M       8.8M        30M       297M
-/+ buffers/cache:       108M       814M
Swap:          99M         0B        99M
Linux 4.9.35-v7+ (raspberrypi) 	29/11/18 	_armv7l_	(4 CPU)

avg-cpu:  %user   %nice %system %iowait  %steal   %idle
           7.53    0.00    2.51   12.97    0.00   76.99

Device:            tps    kB_read/s    kB_wrtn/s    kB_read    kB_wrtn
mmcblk0           7.53       109.30        36.43     320945     106965

             total       used       free     shared    buffers     cached
Mem:          923M       437M       486M       8.8M        30M       297M
-/+ buffers/cache:       109M       814M
Swap:          99M         0B        99M
Linux 4.9.35-v7+ (raspberrypi) 	29/11/18 	_armv7l_	(4 CPU)

avg-cpu:  %user   %nice %system %iowait  %steal   %idle
           7.53    0.00    2.51   12.97    0.00   76.99

Device:            tps    kB_read/s    kB_wrtn/s    kB_read    kB_wrtn
mmcblk0           7.53       109.29        36.45     320945     107033

             total       used       free     shared    buffers     cached
Mem:          923M       439M       483M       8.8M        30M       297M
-/+ buffers/cache:       111M       811M
Swap:          99M         0B        99M
Linux 4.9.35-v7+ (raspberrypi) 	29/11/18 	_armv7l_	(4 CPU)

avg-cpu:  %user   %nice %system %iowait  %steal   %idle
           7.54    0.00    2.51   12.98    0.00   76.98

Device:            tps    kB_read/s    kB_wrtn/s    kB_read    kB_wrtn
mmcblk0           7.53       109.27        36.44     320945     107049

             total       used       free     shared    buffers     cached
Mem:          923M       443M       479M       8.8M        30M       297M
-/+ buffers/cache:       115M       807M
Swap:          99M         0B        99M
Linux 4.9.35-v7+ (raspberrypi) 	29/11/18 	_armv7l_	(4 CPU)

avg-cpu:  %user   %nice %system %iowait  %steal   %idle
           7.54    0.00    2.51   12.98    0.00   76.98

Device:            tps    kB_read/s    kB_wrtn/s    kB_read    kB_wrtn
mmcblk0           7.54       109.26        36.48     320945     107165

             total       used       free     shared    buffers     cached
Mem:          923M       439M       483M       8.8M        30M       297M
-/+ buffers/cache:       111M       811M
Swap:          99M         0B        99M
Linux 4.9.35-v7+ (raspberrypi) 	29/11/18 	_armv7l_	(4 CPU)

avg-cpu:  %user   %nice %system %iowait  %steal   %idle
           7.54    0.00    2.51   12.98    0.00   76.98

Device:            tps    kB_read/s    kB_wrtn/s    kB_read    kB_wrtn
mmcblk0           7.54       109.25        36.48     320945     107165

             total       used       free     shared    buffers     cached
Mem:          923M       442M       481M       8.8M        30M       297M
-/+ buffers/cache:       114M       809M
Swap:          99M         0B        99M
Linux 4.9.35-v7+ (raspberrypi) 	29/11/18 	_armv7l_	(4 CPU)

avg-cpu:  %user   %nice %system %iowait  %steal   %idle
           7.53    0.00    2.51   13.04    0.00   76.92

Device:            tps    kB_read/s    kB_wrtn/s    kB_read    kB_wrtn
mmcblk0           7.54       109.16        36.47     320945     107221

             total       used       free     shared    buffers     cached
Mem:          923M       437M       485M       8.8M        30M       297M
-/+ buffers/cache:       109M       813M
Swap:          99M         0B        99M
Linux 4.9.35-v7+ (raspberrypi) 	29/11/18 	_armv7l_	(4 CPU)

avg-cpu:  %user   %nice %system %iowait  %steal   %idle
           7.54    0.00    2.51   13.04    0.00   76.91

Device:            tps    kB_read/s    kB_wrtn/s    kB_read    kB_wrtn
mmcblk0           7.54       109.14        36.47     320945     107237

             total       used       free     shared    buffers     cached
Mem:          923M       444M       478M       8.8M        30M       297M
-/+ buffers/cache:       116M       807M
Swap:          99M         0B        99M
Linux 4.9.35-v7+ (raspberrypi) 	29/11/18 	_armv7l_	(4 CPU)

avg-cpu:  %user   %nice %system %iowait  %steal   %idle
           7.54    0.00    2.51   13.04    0.00   76.91

Device:            tps    kB_read/s    kB_wrtn/s    kB_read    kB_wrtn
mmcblk0           7.54       109.13        36.48     320945     107297

             total       used       free     shared    buffers     cached
Mem:          923M       437M       485M       8.8M        30M       297M
-/+ buffers/cache:       109M       813M
Swap:          99M         0B        99M
Linux 4.9.35-v7+ (raspberrypi) 	29/11/18 	_armv7l_	(4 CPU)

avg-cpu:  %user   %nice %system %iowait  %steal   %idle
           7.54    0.00    2.51   13.05    0.00   76.91

Device:            tps    kB_read/s    kB_wrtn/s    kB_read    kB_wrtn
mmcblk0           7.54       109.11        36.48     320945     107309

             total       used       free     shared    buffers     cached
Mem:          923M       443M       479M       8.8M        30M       297M
-/+ buffers/cache:       115M       807M
Swap:          99M         0B        99M
Linux 4.9.35-v7+ (raspberrypi) 	29/11/18 	_armv7l_	(4 CPU)

avg-cpu:  %user   %nice %system %iowait  %steal   %idle
           7.54    0.00    2.51   13.06    0.00   76.90

Device:            tps    kB_read/s    kB_wrtn/s    kB_read    kB_wrtn
mmcblk0           7.54       109.08        36.49     320945     107353

             total       used       free     shared    buffers     cached
Mem:          923M       440M       482M       8.8M        30M       297M
-/+ buffers/cache:       112M       810M
Swap:          99M         0B        99M
Linux 4.9.35-v7+ (raspberrypi) 	29/11/18 	_armv7l_	(4 CPU)

avg-cpu:  %user   %nice %system %iowait  %steal   %idle
           7.54    0.00    2.51   13.06    0.00   76.89

Device:            tps    kB_read/s    kB_wrtn/s    kB_read    kB_wrtn
mmcblk0           7.55       109.07        36.52     320945     107477

             total       used       free     shared    buffers     cached
Mem:          923M       442M       480M       8.8M        30M       297M
-/+ buffers/cache:       114M       808M
Swap:          99M         0B        99M
Linux 4.9.35-v7+ (raspberrypi) 	29/11/18 	_armv7l_	(4 CPU)

avg-cpu:  %user   %nice %system %iowait  %steal   %idle
           7.55    0.00    2.51   13.06    0.00   76.89

Device:            tps    kB_read/s    kB_wrtn/s    kB_read    kB_wrtn
mmcblk0           7.56       109.06        36.56     320945     107585

             total       used       free     shared    buffers     cached
Mem:          923M       437M       485M       8.8M        30M       297M
-/+ buffers/cache:       109M       813M
Swap:          99M         0B        99M
Linux 4.9.35-v7+ (raspberrypi) 	29/11/18 	_armv7l_	(4 CPU)

avg-cpu:  %user   %nice %system %iowait  %steal   %idle
           7.55    0.00    2.51   13.06    0.00   76.89

Device:            tps    kB_read/s    kB_wrtn/s    kB_read    kB_wrtn
mmcblk0           7.56       109.05        36.56     320945     107585

             total       used       free     shared    buffers     cached
Mem:          923M       440M       482M       8.8M        30M       297M
-/+ buffers/cache:       112M       811M
Swap:          99M         0B        99M
Linux 4.9.35-v7+ (raspberrypi) 	29/11/18 	_armv7l_	(4 CPU)

avg-cpu:  %user   %nice %system %iowait  %steal   %idle
           7.55    0.00    2.51   13.06    0.00   76.88

Device:            tps    kB_read/s    kB_wrtn/s    kB_read    kB_wrtn
mmcblk0           7.56       109.04        36.57     320945     107641

             total       used       free     shared    buffers     cached
Mem:          923M       440M       482M       8.8M        30M       297M
-/+ buffers/cache:       112M       810M
Swap:          99M         0B        99M
Linux 4.9.35-v7+ (raspberrypi) 	29/11/18 	_armv7l_	(4 CPU)

avg-cpu:  %user   %nice %system %iowait  %steal   %idle
           7.55    0.00    2.51   13.07    0.00   76.88

Device:            tps    kB_read/s    kB_wrtn/s    kB_read    kB_wrtn
mmcblk0           7.56       109.01        36.57     320945     107657

             total       used       free     shared    buffers     cached
Mem:          923M       439M       483M       8.8M        30M       297M
-/+ buffers/cache:       111M       811M
Swap:          99M         0B        99M
Linux 4.9.35-v7+ (raspberrypi) 	29/11/18 	_armv7l_	(4 CPU)

avg-cpu:  %user   %nice %system %iowait  %steal   %idle
           7.55    0.00    2.51   13.07    0.00   76.88

Device:            tps    kB_read/s    kB_wrtn/s    kB_read    kB_wrtn
mmcblk0           7.57       109.00        36.61     320945     107789

             total       used       free     shared    buffers     cached
Mem:          923M       442M       481M       8.8M        30M       297M
-/+ buffers/cache:       114M       809M
Swap:          99M         0B        99M
Linux 4.9.35-v7+ (raspberrypi) 	29/11/18 	_armv7l_	(4 CPU)

avg-cpu:  %user   %nice %system %iowait  %steal   %idle
           7.55    0.00    2.51   13.06    0.00   76.87

Device:            tps    kB_read/s    kB_wrtn/s    kB_read    kB_wrtn
mmcblk0           7.57       108.99        36.62     320945     107821

             total       used       free     shared    buffers     cached
Mem:          923M       437M       485M       8.8M        30M       297M
-/+ buffers/cache:       109M       813M
Swap:          99M         0B        99M
Linux 4.9.35-v7+ (raspberrypi) 	29/11/18 	_armv7l_	(4 CPU)

avg-cpu:  %user   %nice %system %iowait  %steal   %idle
           7.55    0.00    2.51   13.07    0.00   76.87

Device:            tps    kB_read/s    kB_wrtn/s    kB_read    kB_wrtn
mmcblk0           7.57       108.98        36.62     320945     107837

             total       used       free     shared    buffers     cached
Mem:          923M       441M       481M       8.8M        30M       297M
-/+ buffers/cache:       113M       809M
Swap:          99M         0B        99M
Linux 4.9.35-v7+ (raspberrypi) 	29/11/18 	_armv7l_	(4 CPU)

avg-cpu:  %user   %nice %system %iowait  %steal   %idle
           7.56    0.00    2.51   13.08    0.00   76.86

Device:            tps    kB_read/s    kB_wrtn/s    kB_read    kB_wrtn
mmcblk0           7.57       108.95        36.62     320945     107869

             total       used       free     shared    buffers     cached
Mem:          923M       440M       482M       8.8M        30M       297M
-/+ buffers/cache:       112M       810M
Swap:          99M         0B        99M
Linux 4.9.35-v7+ (raspberrypi) 	29/11/18 	_armv7l_	(4 CPU)

avg-cpu:  %user   %nice %system %iowait  %steal   %idle
           7.56    0.00    2.51   13.08    0.00   76.85

Device:            tps    kB_read/s    kB_wrtn/s    kB_read    kB_wrtn
mmcblk0           7.58       108.94        36.66     320945     108001

             total       used       free     shared    buffers     cached
Mem:          923M       442M       480M       8.8M        30M       297M
-/+ buffers/cache:       114M       808M
Swap:          99M         0B        99M
Linux 4.9.35-v7+ (raspberrypi) 	29/11/18 	_armv7l_	(4 CPU)

avg-cpu:  %user   %nice %system %iowait  %steal   %idle
           7.56    0.00    2.51   13.08    0.00   76.85

Device:            tps    kB_read/s    kB_wrtn/s    kB_read    kB_wrtn
mmcblk0           7.59       108.93        36.70     320945     108125

             total       used       free     shared    buffers     cached
Mem:          923M       438M       484M       8.8M        30M       297M
-/+ buffers/cache:       110M       812M
Swap:          99M         0B        99M
Linux 4.9.35-v7+ (raspberrypi) 	29/11/18 	_armv7l_	(4 CPU)

avg-cpu:  %user   %nice %system %iowait  %steal   %idle
           7.56    0.00    2.51   13.08    0.00   76.85

Device:            tps    kB_read/s    kB_wrtn/s    kB_read    kB_wrtn
mmcblk0           7.59       108.92        36.70     320945     108125

             total       used       free     shared    buffers     cached
Mem:          923M       440M       482M       8.8M        30M       297M
-/+ buffers/cache:       112M       810M
Swap:          99M         0B        99M
Linux 4.9.35-v7+ (raspberrypi) 	29/11/18 	_armv7l_	(4 CPU)

avg-cpu:  %user   %nice %system %iowait  %steal   %idle
           7.56    0.00    2.51   13.10    0.00   76.83

Device:            tps    kB_read/s    kB_wrtn/s    kB_read    kB_wrtn
mmcblk0           7.59       108.88        36.71     320945     108209

             total       used       free     shared    buffers     cached
Mem:          923M       437M       485M       8.8M        30M       297M
-/+ buffers/cache:       109M       813M
Swap:          99M         0B        99M
Linux 4.9.35-v7+ (raspberrypi) 	29/11/18 	_armv7l_	(4 CPU)

avg-cpu:  %user   %nice %system %iowait  %steal   %idle
           7.56    0.00    2.51   13.10    0.00   76.83

Device:            tps    kB_read/s    kB_wrtn/s    kB_read    kB_wrtn
mmcblk0           7.59       108.88        36.74     320945     108285

             total       used       free     shared    buffers     cached
Mem:          923M       438M       485M       8.8M        30M       297M
-/+ buffers/cache:       110M       813M
Swap:          99M         0B        99M
Linux 4.9.35-v7+ (raspberrypi) 	29/11/18 	_armv7l_	(4 CPU)

avg-cpu:  %user   %nice %system %iowait  %steal   %idle
           7.56    0.00    2.51   13.09    0.00   76.83

Device:            tps    kB_read/s    kB_wrtn/s    kB_read    kB_wrtn
mmcblk0           7.60       108.87        36.75     320945     108337

             total       used       free     shared    buffers     cached
Mem:          923M       440M       482M       8.8M        30M       297M
-/+ buffers/cache:       112M       810M
Swap:          99M         0B        99M
Linux 4.9.35-v7+ (raspberrypi) 	29/11/18 	_armv7l_	(4 CPU)

avg-cpu:  %user   %nice %system %iowait  %steal   %idle
           7.57    0.00    2.51   13.10    0.00   76.83

Device:            tps    kB_read/s    kB_wrtn/s    kB_read    kB_wrtn
mmcblk0           7.60       108.85        36.75     320945     108345

             total       used       free     shared    buffers     cached
Mem:          923M       439M       484M       8.8M        30M       297M
-/+ buffers/cache:       111M       812M
Swap:          99M         0B        99M
Linux 4.9.35-v7+ (raspberrypi) 	29/11/18 	_armv7l_	(4 CPU)

avg-cpu:  %user   %nice %system %iowait  %steal   %idle
           7.57    0.00    2.51   13.10    0.00   76.82

Device:            tps    kB_read/s    kB_wrtn/s    kB_read    kB_wrtn
mmcblk0           7.60       108.83        36.75     320945     108381

             total       used       free     shared    buffers     cached
Mem:          923M       440M       482M       8.8M        30M       297M
-/+ buffers/cache:       112M       810M
Swap:          99M         0B        99M
Linux 4.9.35-v7+ (raspberrypi) 	29/11/18 	_armv7l_	(4 CPU)

avg-cpu:  %user   %nice %system %iowait  %steal   %idle
           7.57    0.00    2.51   13.10    0.00   76.81

Device:            tps    kB_read/s    kB_wrtn/s    kB_read    kB_wrtn
mmcblk0           7.60       108.82        36.78     320945     108469

             total       used       free     shared    buffers     cached
Mem:          923M       442M       480M       8.8M        30M       297M
-/+ buffers/cache:       114M       809M
Swap:          99M         0B        99M
Linux 4.9.35-v7+ (raspberrypi) 	29/11/18 	_armv7l_	(4 CPU)

avg-cpu:  %user   %nice %system %iowait  %steal   %idle
           7.57    0.00    2.51   13.10    0.00   76.81

Device:            tps    kB_read/s    kB_wrtn/s    kB_read    kB_wrtn
mmcblk0           7.60       108.81        36.77     320945     108469

             total       used       free     shared    buffers     cached
Mem:          923M       437M       485M       8.8M        30M       297M
-/+ buffers/cache:       109M       813M
Swap:          99M         0B        99M
Linux 4.9.35-v7+ (raspberrypi) 	29/11/18 	_armv7l_	(4 CPU)

avg-cpu:  %user   %nice %system %iowait  %steal   %idle
           7.58    0.00    2.51   13.11    0.00   76.81

Device:            tps    kB_read/s    kB_wrtn/s    kB_read    kB_wrtn
mmcblk0           7.60       108.79        36.78     320945     108497

             total       used       free     shared    buffers     cached
Mem:          923M       441M       482M       8.8M        30M       297M
-/+ buffers/cache:       113M       810M
Swap:          99M         0B        99M
Linux 4.9.35-v7+ (raspberrypi) 	29/11/18 	_armv7l_	(4 CPU)

avg-cpu:  %user   %nice %system %iowait  %steal   %idle
           7.58    0.00    2.51   13.11    0.00   76.81

Device:            tps    kB_read/s    kB_wrtn/s    kB_read    kB_wrtn
mmcblk0           7.61       108.79        36.82     320945     108629

             total       used       free     shared    buffers     cached
Mem:          923M       444M       479M       8.8M        30M       297M
-/+ buffers/cache:       115M       807M
Swap:          99M         0B        99M
Linux 4.9.35-v7+ (raspberrypi) 	29/11/18 	_armv7l_	(4 CPU)

avg-cpu:  %user   %nice %system %iowait  %steal   %idle
           7.58    0.00    2.51   13.10    0.00   76.80

Device:            tps    kB_read/s    kB_wrtn/s    kB_read    kB_wrtn
mmcblk0           7.62       108.78        36.82     320945     108641

             total       used       free     shared    buffers     cached
Mem:          923M       439M       483M       8.8M        30M       297M
-/+ buffers/cache:       111M       811M
Swap:          99M         0B        99M
Linux 4.9.35-v7+ (raspberrypi) 	29/11/18 	_armv7l_	(4 CPU)

avg-cpu:  %user   %nice %system %iowait  %steal   %idle
           7.58    0.00    2.51   13.13    0.00   76.78

Device:            tps    kB_read/s    kB_wrtn/s    kB_read    kB_wrtn
mmcblk0           7.61       108.67        36.81     320945     108721

             total       used       free     shared    buffers     cached
Mem:          923M       441M       481M       8.8M        30M       297M
-/+ buffers/cache:       113M       810M
Swap:          99M         0B        99M
Linux 4.9.35-v7+ (raspberrypi) 	29/11/18 	_armv7l_	(4 CPU)

avg-cpu:  %user   %nice %system %iowait  %steal   %idle
           7.58    0.00    2.51   13.13    0.00   76.78

Device:            tps    kB_read/s    kB_wrtn/s    kB_read    kB_wrtn
mmcblk0           7.61       108.67        36.81     320945     108721

             total       used       free     shared    buffers     cached
Mem:          923M       443M       480M       8.8M        30M       297M
-/+ buffers/cache:       115M       808M
Swap:          99M         0B        99M
Linux 4.9.35-v7+ (raspberrypi) 	29/11/18 	_armv7l_	(4 CPU)

avg-cpu:  %user   %nice %system %iowait  %steal   %idle
           7.58    0.00    2.51   13.14    0.00   76.76

Device:            tps    kB_read/s    kB_wrtn/s    kB_read    kB_wrtn
mmcblk0           7.61       108.62        36.81     320945     108757

             total       used       free     shared    buffers     cached
Mem:          923M       440M       482M       8.8M        30M       297M
-/+ buffers/cache:       112M       810M
Swap:          99M         0B        99M
Linux 4.9.35-v7+ (raspberrypi) 	29/11/18 	_armv7l_	(4 CPU)

avg-cpu:  %user   %nice %system %iowait  %steal   %idle
           7.59    0.00    2.51   13.14    0.00   76.76

Device:            tps    kB_read/s    kB_wrtn/s    kB_read    kB_wrtn
mmcblk0           7.62       108.61        36.85     320945     108901

             total       used       free     shared    buffers     cached
Mem:          923M       443M       480M       8.8M        30M       297M
-/+ buffers/cache:       115M       808M
Swap:          99M         0B        99M
Linux 4.9.35-v7+ (raspberrypi) 	29/11/18 	_armv7l_	(4 CPU)

avg-cpu:  %user   %nice %system %iowait  %steal   %idle
           7.59    0.00    2.51   13.14    0.00   76.76

Device:            tps    kB_read/s    kB_wrtn/s    kB_read    kB_wrtn
mmcblk0           7.62       108.60        36.87     320945     108961

             total       used       free     shared    buffers     cached
Mem:          923M       438M       484M       8.8M        30M       297M
-/+ buffers/cache:       110M       812M
Swap:          99M         0B        99M
Linux 4.9.35-v7+ (raspberrypi) 	29/11/18 	_armv7l_	(4 CPU)

avg-cpu:  %user   %nice %system %iowait  %steal   %idle
           7.59    0.00    2.51   13.14    0.00   76.75

Device:            tps    kB_read/s    kB_wrtn/s    kB_read    kB_wrtn
mmcblk0           7.62       108.58        36.87     320945     108977

             total       used       free     shared    buffers     cached
Mem:          923M       444M       479M       8.8M        30M       297M
-/+ buffers/cache:       115M       807M
Swap:          99M         0B        99M
Linux 4.9.35-v7+ (raspberrypi) 	29/11/18 	_armv7l_	(4 CPU)

avg-cpu:  %user   %nice %system %iowait  %steal   %idle
           7.59    0.00    2.51   13.14    0.00   76.75

Device:            tps    kB_read/s    kB_wrtn/s    kB_read    kB_wrtn
mmcblk0           7.64       108.58        36.91     320945     109109

             total       used       free     shared    buffers     cached
Mem:          923M       437M       485M       8.8M        30M       297M
-/+ buffers/cache:       109M       813M
Swap:          99M         0B        99M
Linux 4.9.35-v7+ (raspberrypi) 	29/11/18 	_armv7l_	(4 CPU)

avg-cpu:  %user   %nice %system %iowait  %steal   %idle
           7.59    0.00    2.51   13.14    0.00   76.75

Device:            tps    kB_read/s    kB_wrtn/s    kB_read    kB_wrtn
mmcblk0           7.65       108.57        36.97     320945     109305

             total       used       free     shared    buffers     cached
Mem:          923M       440M       482M       8.8M        30M       297M
-/+ buffers/cache:       112M       810M
Swap:          99M         0B        99M
Linux 4.9.35-v7+ (raspberrypi) 	29/11/18 	_armv7l_	(4 CPU)

avg-cpu:  %user   %nice %system %iowait  %steal   %idle
           7.59    0.00    2.51   13.15    0.00   76.75

Device:            tps    kB_read/s    kB_wrtn/s    kB_read    kB_wrtn
mmcblk0           7.65       108.56        36.97     320945     109309

             total       used       free     shared    buffers     cached
Mem:          923M       443M       480M       8.8M        30M       297M
-/+ buffers/cache:       115M       808M
Swap:          99M         0B        99M
Linux 4.9.35-v7+ (raspberrypi) 	29/11/18 	_armv7l_	(4 CPU)

avg-cpu:  %user   %nice %system %iowait  %steal   %idle
           7.59    0.00    2.51   13.15    0.00   76.74

Device:            tps    kB_read/s    kB_wrtn/s    kB_read    kB_wrtn
mmcblk0           7.65       108.54        36.98     320945     109333

             total       used       free     shared    buffers     cached
Mem:          923M       437M       485M       8.8M        30M       297M
-/+ buffers/cache:       109M       813M
Swap:          99M         0B        99M
Linux 4.9.35-v7+ (raspberrypi) 	29/11/18 	_armv7l_	(4 CPU)

avg-cpu:  %user   %nice %system %iowait  %steal   %idle
           7.60    0.00    2.51   13.15    0.00   76.74

Device:            tps    kB_read/s    kB_wrtn/s    kB_read    kB_wrtn
mmcblk0           7.66       108.53        37.02     320945     109473

             total       used       free     shared    buffers     cached
Mem:          923M       440M       482M       8.8M        30M       297M
-/+ buffers/cache:       112M       810M
Swap:          99M         0B        99M
Linux 4.9.35-v7+ (raspberrypi) 	29/11/18 	_armv7l_	(4 CPU)

avg-cpu:  %user   %nice %system %iowait  %steal   %idle
           7.60    0.00    2.51   13.15    0.00   76.74

Device:            tps    kB_read/s    kB_wrtn/s    kB_read    kB_wrtn
mmcblk0           7.67       108.52        37.04     320945     109545

             total       used       free     shared    buffers     cached
Mem:          923M       443M       480M       8.8M        30M       297M
-/+ buffers/cache:       115M       808M
Swap:          99M         0B        99M
Linux 4.9.35-v7+ (raspberrypi) 	29/11/18 	_armv7l_	(4 CPU)

avg-cpu:  %user   %nice %system %iowait  %steal   %idle
           7.60    0.00    2.51   13.15    0.00   76.73

Device:            tps    kB_read/s    kB_wrtn/s    kB_read    kB_wrtn
mmcblk0           7.67       108.51        37.04     320945     109561

             total       used       free     shared    buffers     cached
Mem:          923M       442M       480M       8.8M        30M       297M
-/+ buffers/cache:       114M       808M
Swap:          99M         0B        99M
Linux 4.9.35-v7+ (raspberrypi) 	29/11/18 	_armv7l_	(4 CPU)

avg-cpu:  %user   %nice %system %iowait  %steal   %idle
           7.60    0.00    2.51   13.15    0.00   76.73

Device:            tps    kB_read/s    kB_wrtn/s    kB_read    kB_wrtn
mmcblk0           7.68       108.50        37.08     320945     109693

             total       used       free     shared    buffers     cached
Mem:          923M       437M       485M       8.8M        30M       297M
-/+ buffers/cache:       109M       813M
Swap:          99M         0B        99M
Linux 4.9.35-v7+ (raspberrypi) 	29/11/18 	_armv7l_	(4 CPU)

avg-cpu:  %user   %nice %system %iowait  %steal   %idle
           7.60    0.00    2.51   13.16    0.00   76.73

Device:            tps    kB_read/s    kB_wrtn/s    kB_read    kB_wrtn
mmcblk0           7.69       108.47        37.12     320945     109833

             total       used       free     shared    buffers     cached
Mem:          923M       440M       482M       8.8M        30M       297M
-/+ buffers/cache:       112M       810M
Swap:          99M         0B        99M
Linux 4.9.35-v7+ (raspberrypi) 	29/11/18 	_armv7l_	(4 CPU)

avg-cpu:  %user   %nice %system %iowait  %steal   %idle
           7.60    0.00    2.51   13.16    0.00   76.72

Device:            tps    kB_read/s    kB_wrtn/s    kB_read    kB_wrtn
mmcblk0           7.69       108.47        37.12     320945     109833

             total       used       free     shared    buffers     cached
Mem:          923M       442M       481M       8.8M        30M       297M
-/+ buffers/cache:       113M       809M
Swap:          99M         0B        99M
Linux 4.9.35-v7+ (raspberrypi) 	29/11/18 	_armv7l_	(4 CPU)

avg-cpu:  %user   %nice %system %iowait  %steal   %idle
           7.61    0.00    2.51   13.16    0.00   76.72

Device:            tps    kB_read/s    kB_wrtn/s    kB_read    kB_wrtn
mmcblk0           7.69       108.44        37.12     320945     109861

             total       used       free     shared    buffers     cached
Mem:          923M       441M       481M       8.8M        30M       297M
-/+ buffers/cache:       113M       810M
Swap:          99M         0B        99M
Linux 4.9.35-v7+ (raspberrypi) 	29/11/18 	_armv7l_	(4 CPU)

avg-cpu:  %user   %nice %system %iowait  %steal   %idle
           7.61    0.00    2.51   13.16    0.00   76.72

Device:            tps    kB_read/s    kB_wrtn/s    kB_read    kB_wrtn
mmcblk0           7.69       108.43        37.15     320945     109945

             total       used       free     shared    buffers     cached
Mem:          923M       442M       480M       8.8M        30M       297M
-/+ buffers/cache:       114M       808M
Swap:          99M         0B        99M
Linux 4.9.35-v7+ (raspberrypi) 	29/11/18 	_armv7l_	(4 CPU)

avg-cpu:  %user   %nice %system %iowait  %steal   %idle
           7.61    0.00    2.51   13.16    0.00   76.71

Device:            tps    kB_read/s    kB_wrtn/s    kB_read    kB_wrtn
mmcblk0           7.69       108.41        37.14     320945     109949

             total       used       free     shared    buffers     cached
Mem:          923M       439M       483M       8.8M        30M       297M
-/+ buffers/cache:       111M       811M
Swap:          99M         0B        99M
Linux 4.9.35-v7+ (raspberrypi) 	29/11/18 	_armv7l_	(4 CPU)

avg-cpu:  %user   %nice %system %iowait  %steal   %idle
           7.61    0.00    2.51   13.19    0.00   76.68

Device:            tps    kB_read/s    kB_wrtn/s    kB_read    kB_wrtn
mmcblk0           7.69       108.35        37.13     320945     109993

             total       used       free     shared    buffers     cached
Mem:          923M       437M       485M       8.8M        30M       297M
-/+ buffers/cache:       109M       813M
Swap:          99M         0B        99M
Linux 4.9.35-v7+ (raspberrypi) 	29/11/18 	_armv7l_	(4 CPU)

avg-cpu:  %user   %nice %system %iowait  %steal   %idle
           7.61    0.00    2.51   13.20    0.00   76.68

Device:            tps    kB_read/s    kB_wrtn/s    kB_read    kB_wrtn
mmcblk0           7.69       108.34        37.14     320945     110037

             total       used       free     shared    buffers     cached
Mem:          923M       440M       482M       8.8M        30M       297M
-/+ buffers/cache:       112M       810M
Swap:          99M         0B        99M
Linux 4.9.35-v7+ (raspberrypi) 	29/11/18 	_armv7l_	(4 CPU)

avg-cpu:  %user   %nice %system %iowait  %steal   %idle
           7.61    0.00    2.51   13.26    0.00   76.63

Device:            tps    kB_read/s    kB_wrtn/s    kB_read    kB_wrtn
mmcblk0           7.69       108.21        37.13     320945     110129

             total       used       free     shared    buffers     cached
Mem:          923M       440M       482M       8.8M        30M       297M
-/+ buffers/cache:       112M       810M
Swap:          99M         0B        99M
Linux 4.9.35-v7+ (raspberrypi) 	29/11/18 	_armv7l_	(4 CPU)

avg-cpu:  %user   %nice %system %iowait  %steal   %idle
           7.61    0.00    2.51   13.26    0.00   76.61

Device:            tps    kB_read/s    kB_wrtn/s    kB_read    kB_wrtn
mmcblk0           7.69       108.19        37.13     320945     110153

             total       used       free     shared    buffers     cached
Mem:          923M       440M       483M       8.8M        30M       297M
-/+ buffers/cache:       112M       811M
Swap:          99M         0B        99M
Linux 4.9.35-v7+ (raspberrypi) 	29/11/18 	_armv7l_	(4 CPU)

avg-cpu:  %user   %nice %system %iowait  %steal   %idle
           7.61    0.00    2.51   13.26    0.00   76.61

Device:            tps    kB_read/s    kB_wrtn/s    kB_read    kB_wrtn
mmcblk0           7.69       108.18        37.15     320945     110217

             total       used       free     shared    buffers     cached
Mem:          923M       442M       480M       8.8M        30M       297M
-/+ buffers/cache:       114M       808M
Swap:          99M         0B        99M
Linux 4.9.35-v7+ (raspberrypi) 	29/11/18 	_armv7l_	(4 CPU)

avg-cpu:  %user   %nice %system %iowait  %steal   %idle
           7.61    0.00    2.51   13.27    0.00   76.60

Device:            tps    kB_read/s    kB_wrtn/s    kB_read    kB_wrtn
mmcblk0           7.69       108.16        37.15     320945     110225

             total       used       free     shared    buffers     cached
Mem:          923M       440M       482M       8.8M        30M       297M
-/+ buffers/cache:       112M       810M
Swap:          99M         0B        99M
Linux 4.9.35-v7+ (raspberrypi) 	29/11/18 	_armv7l_	(4 CPU)

avg-cpu:  %user   %nice %system %iowait  %steal   %idle
           7.61    0.00    2.51   13.28    0.00   76.59

Device:            tps    kB_read/s    kB_wrtn/s    kB_read    kB_wrtn
mmcblk0           7.69       108.13        37.15     320945     110269

             total       used       free     shared    buffers     cached
Mem:          923M       440M       482M       8.8M        30M       297M
-/+ buffers/cache:       112M       810M
Swap:          99M         0B        99M
Linux 4.9.35-v7+ (raspberrypi) 	29/11/18 	_armv7l_	(4 CPU)

avg-cpu:  %user   %nice %system %iowait  %steal   %idle
           7.61    0.00    2.51   13.28    0.00   76.59

Device:            tps    kB_read/s    kB_wrtn/s    kB_read    kB_wrtn
mmcblk0           7.70       108.12        37.18     320945     110373

             total       used       free     shared    buffers     cached
Mem:          923M       442M       480M       8.8M        30M       297M
-/+ buffers/cache:       114M       808M
Swap:          99M         0B        99M
Linux 4.9.35-v7+ (raspberrypi) 	29/11/18 	_armv7l_	(4 CPU)

avg-cpu:  %user   %nice %system %iowait  %steal   %idle
           7.61    0.00    2.51   13.28    0.00   76.59

Device:            tps    kB_read/s    kB_wrtn/s    kB_read    kB_wrtn
mmcblk0           7.70       108.11        37.19     320945     110417

             total       used       free     shared    buffers     cached
Mem:          923M       444M       478M       8.8M        30M       297M
-/+ buffers/cache:       116M       806M
Swap:          99M         0B        99M
Linux 4.9.35-v7+ (raspberrypi) 	29/11/18 	_armv7l_	(4 CPU)

avg-cpu:  %user   %nice %system %iowait  %steal   %idle
           7.62    0.00    2.51   13.29    0.00   76.58

Device:            tps    kB_read/s    kB_wrtn/s    kB_read    kB_wrtn
mmcblk0           7.70       108.10        37.19     320945     110433

             total       used       free     shared    buffers     cached
Mem:          923M       440M       482M       8.8M        30M       297M
-/+ buffers/cache:       112M       810M
Swap:          99M         0B        99M
Linux 4.9.35-v7+ (raspberrypi) 	29/11/18 	_armv7l_	(4 CPU)

avg-cpu:  %user   %nice %system %iowait  %steal   %idle
           7.62    0.00    2.51   13.30    0.00   76.57

Device:            tps    kB_read/s    kB_wrtn/s    kB_read    kB_wrtn
mmcblk0           7.71       108.07        37.23     320945     110569

             total       used       free     shared    buffers     cached
Mem:          923M       437M       485M       8.8M        30M       297M
-/+ buffers/cache:       109M       813M
Swap:          99M         0B        99M
Linux 4.9.35-v7+ (raspberrypi) 	29/11/18 	_armv7l_	(4 CPU)

avg-cpu:  %user   %nice %system %iowait  %steal   %idle
           7.62    0.00    2.51   13.30    0.00   76.57

Device:            tps    kB_read/s    kB_wrtn/s    kB_read    kB_wrtn
mmcblk0           7.71       108.07        37.23     320945     110581

             total       used       free     shared    buffers     cached
Mem:          923M       439M       483M       8.8M        30M       297M
-/+ buffers/cache:       111M       812M
Swap:          99M         0B        99M
Linux 4.9.35-v7+ (raspberrypi) 	29/11/18 	_armv7l_	(4 CPU)

avg-cpu:  %user   %nice %system %iowait  %steal   %idle
           7.62    0.00    2.51   13.30    0.00   76.56

Device:            tps    kB_read/s    kB_wrtn/s    kB_read    kB_wrtn
mmcblk0           7.71       108.04        37.23     320945     110605

             total       used       free     shared    buffers     cached
Mem:          923M       440M       482M       8.8M        30M       297M
-/+ buffers/cache:       112M       810M
Swap:          99M         0B        99M
Linux 4.9.35-v7+ (raspberrypi) 	29/11/18 	_armv7l_	(4 CPU)

avg-cpu:  %user   %nice %system %iowait  %steal   %idle
           7.62    0.00    2.52   13.30    0.00   76.56

Device:            tps    kB_read/s    kB_wrtn/s    kB_read    kB_wrtn
mmcblk0           7.72       108.03        37.28     320945     110745

             total       used       free     shared    buffers     cached
Mem:          923M       442M       480M       8.8M        30M       297M
-/+ buffers/cache:       114M       808M
Swap:          99M         0B        99M
Linux 4.9.35-v7+ (raspberrypi) 	29/11/18 	_armv7l_	(4 CPU)

avg-cpu:  %user   %nice %system %iowait  %steal   %idle
           7.62    0.00    2.52   13.30    0.00   76.55

Device:            tps    kB_read/s    kB_wrtn/s    kB_read    kB_wrtn
mmcblk0           7.74       108.03        37.34     320945     110925

             total       used       free     shared    buffers     cached
Mem:          923M       438M       485M       8.8M        30M       297M
-/+ buffers/cache:       109M       813M
Swap:          99M         0B        99M
Linux 4.9.35-v7+ (raspberrypi) 	29/11/18 	_armv7l_	(4 CPU)

avg-cpu:  %user   %nice %system %iowait  %steal   %idle
           7.63    0.00    2.52   13.31    0.00   76.55

Device:            tps    kB_read/s    kB_wrtn/s    kB_read    kB_wrtn
mmcblk0           7.75       108.02        37.39     320945     111089

             total       used       free     shared    buffers     cached
Mem:          923M       440M       482M       8.8M        30M       297M
-/+ buffers/cache:       112M       810M
Swap:          99M         0B        99M
Linux 4.9.35-v7+ (raspberrypi) 	29/11/18 	_armv7l_	(4 CPU)

avg-cpu:  %user   %nice %system %iowait  %steal   %idle
           7.63    0.00    2.52   13.31    0.00   76.55

Device:            tps    kB_read/s    kB_wrtn/s    kB_read    kB_wrtn
mmcblk0           7.75       108.01        37.39     320945     111101

             total       used       free     shared    buffers     cached
Mem:          923M       444M       479M       8.8M        30M       297M
-/+ buffers/cache:       115M       807M
Swap:          99M         0B        99M
Linux 4.9.35-v7+ (raspberrypi) 	29/11/18 	_armv7l_	(4 CPU)

avg-cpu:  %user   %nice %system %iowait  %steal   %idle
           7.63    0.00    2.52   13.31    0.00   76.55

Device:            tps    kB_read/s    kB_wrtn/s    kB_read    kB_wrtn
mmcblk0           7.75       108.00        37.39     320945     111129

             total       used       free     shared    buffers     cached
Mem:          923M       441M       482M       8.8M        30M       297M
-/+ buffers/cache:       112M       810M
Swap:          99M         0B        99M
Linux 4.9.35-v7+ (raspberrypi) 	29/11/18 	_armv7l_	(4 CPU)

avg-cpu:  %user   %nice %system %iowait  %steal   %idle
           7.63    0.00    2.52   13.31    0.00   76.54

Device:            tps    kB_read/s    kB_wrtn/s    kB_read    kB_wrtn
mmcblk0           7.76       107.99        37.43     320945     111257

             total       used       free     shared    buffers     cached
Mem:          923M       443M       479M       8.8M        30M       297M
-/+ buffers/cache:       115M       807M
Swap:          99M         0B        99M
Linux 4.9.35-v7+ (raspberrypi) 	29/11/18 	_armv7l_	(4 CPU)

avg-cpu:  %user   %nice %system %iowait  %steal   %idle
           7.63    0.00    2.52   13.31    0.00   76.54

Device:            tps    kB_read/s    kB_wrtn/s    kB_read    kB_wrtn
mmcblk0           7.77       107.98        37.45     320945     111321

             total       used       free     shared    buffers     cached
Mem:          923M       438M       484M       8.8M        30M       297M
-/+ buffers/cache:       110M       812M
Swap:          99M         0B        99M
Linux 4.9.35-v7+ (raspberrypi) 	29/11/18 	_armv7l_	(4 CPU)

avg-cpu:  %user   %nice %system %iowait  %steal   %idle
           7.64    0.00    2.52   13.31    0.00   76.54

Device:            tps    kB_read/s    kB_wrtn/s    kB_read    kB_wrtn
mmcblk0           7.77       107.96        37.45     320945     111345

             total       used       free     shared    buffers     cached
Mem:          923M       437M       485M       8.8M        30M       297M
-/+ buffers/cache:       109M       813M
Swap:          99M         0B        99M
Linux 4.9.35-v7+ (raspberrypi) 	29/11/18 	_armv7l_	(4 CPU)

avg-cpu:  %user   %nice %system %iowait  %steal   %idle
           7.64    0.00    2.52   13.31    0.00   76.54

Device:            tps    kB_read/s    kB_wrtn/s    kB_read    kB_wrtn
mmcblk0           7.77       107.95        37.48     320945     111437

             total       used       free     shared    buffers     cached
Mem:          923M       440M       482M       8.8M        30M       297M
-/+ buffers/cache:       112M       810M
Swap:          99M         0B        99M
Linux 4.9.35-v7+ (raspberrypi) 	29/11/18 	_armv7l_	(4 CPU)

avg-cpu:  %user   %nice %system %iowait  %steal   %idle
           7.64    0.00    2.52   13.31    0.00   76.53

Device:            tps    kB_read/s    kB_wrtn/s    kB_read    kB_wrtn
mmcblk0           7.77       107.94        37.48     320945     111437

             total       used       free     shared    buffers     cached
Mem:          923M       443M       480M       8.8M        30M       297M
-/+ buffers/cache:       114M       808M
Swap:          99M         0B        99M
Linux 4.9.35-v7+ (raspberrypi) 	29/11/18 	_armv7l_	(4 CPU)

avg-cpu:  %user   %nice %system %iowait  %steal   %idle
           7.64    0.00    2.52   13.31    0.00   76.53

Device:            tps    kB_read/s    kB_wrtn/s    kB_read    kB_wrtn
mmcblk0           7.77       107.93        37.48     320945     111461

             total       used       free     shared    buffers     cached
Mem:          923M       440M       483M       8.8M        30M       297M
-/+ buffers/cache:       112M       811M
Swap:          99M         0B        99M
Linux 4.9.35-v7+ (raspberrypi) 	29/11/18 	_armv7l_	(4 CPU)

avg-cpu:  %user   %nice %system %iowait  %steal   %idle
           7.64    0.00    2.52   13.31    0.00   76.53

Device:            tps    kB_read/s    kB_wrtn/s    kB_read    kB_wrtn
mmcblk0           7.78       107.92        37.52     320945     111589

             total       used       free     shared    buffers     cached
Mem:          923M       441M       481M       8.8M        30M       297M
-/+ buffers/cache:       113M       809M
Swap:          99M         0B        99M
Linux 4.9.35-v7+ (raspberrypi) 	29/11/18 	_armv7l_	(4 CPU)

avg-cpu:  %user   %nice %system %iowait  %steal   %idle
           7.64    0.00    2.52   13.31    0.00   76.53

Device:            tps    kB_read/s    kB_wrtn/s    kB_read    kB_wrtn
mmcblk0           7.78       107.91        37.52     320945     111597

             total       used       free     shared    buffers     cached
Mem:          923M       444M       478M       8.8M        30M       297M
-/+ buffers/cache:       116M       807M
Swap:          99M         0B        99M
Linux 4.9.35-v7+ (raspberrypi) 	29/11/18 	_armv7l_	(4 CPU)

avg-cpu:  %user   %nice %system %iowait  %steal   %idle
           7.64    0.00    2.52   13.34    0.00   76.50

Device:            tps    kB_read/s    kB_wrtn/s    kB_read    kB_wrtn
mmcblk0           7.78       107.87        37.53     320945     111657

             total       used       free     shared    buffers     cached
Mem:          923M       437M       485M       8.8M        30M       297M
-/+ buffers/cache:       109M       813M
Swap:          99M         0B        99M
Linux 4.9.35-v7+ (raspberrypi) 	29/11/18 	_armv7l_	(4 CPU)

avg-cpu:  %user   %nice %system %iowait  %steal   %idle
           7.64    0.00    2.52   13.34    0.00   76.50

Device:            tps    kB_read/s    kB_wrtn/s    kB_read    kB_wrtn
mmcblk0           7.78       107.86        37.52     320945     111657

             total       used       free     shared    buffers     cached
Mem:          923M       440M       482M       8.8M        30M       297M
-/+ buffers/cache:       112M       811M
Swap:          99M         0B        99M
Linux 4.9.35-v7+ (raspberrypi) 	29/11/18 	_armv7l_	(4 CPU)

avg-cpu:  %user   %nice %system %iowait  %steal   %idle
           7.64    0.00    2.52   13.35    0.00   76.49

Device:            tps    kB_read/s    kB_wrtn/s    kB_read    kB_wrtn
mmcblk0           7.78       107.84        37.53     320945     111685

             total       used       free     shared    buffers     cached
Mem:          923M       437M       485M       8.8M        30M       297M
-/+ buffers/cache:       109M       813M
Swap:          99M         0B        99M
Linux 4.9.35-v7+ (raspberrypi) 	29/11/18 	_armv7l_	(4 CPU)

avg-cpu:  %user   %nice %system %iowait  %steal   %idle
           7.65    0.00    2.52   13.35    0.00   76.48

Device:            tps    kB_read/s    kB_wrtn/s    kB_read    kB_wrtn
mmcblk0           7.78       107.82        37.52     320945     111697

             total       used       free     shared    buffers     cached
Mem:          923M       440M       482M       8.8M        30M       297M
-/+ buffers/cache:       112M       811M
Swap:          99M         0B        99M
Linux 4.9.35-v7+ (raspberrypi) 	29/11/18 	_armv7l_	(4 CPU)

avg-cpu:  %user   %nice %system %iowait  %steal   %idle
           7.65    0.00    2.52   13.36    0.00   76.47

Device:            tps    kB_read/s    kB_wrtn/s    kB_read    kB_wrtn
mmcblk0           7.78       107.79        37.52     320945     111729

             total       used       free     shared    buffers     cached
Mem:          923M       441M       481M       8.8M        30M       297M
-/+ buffers/cache:       113M       809M
Swap:          99M         0B        99M
Linux 4.9.35-v7+ (raspberrypi) 	29/11/18 	_armv7l_	(4 CPU)

avg-cpu:  %user   %nice %system %iowait  %steal   %idle
           7.65    0.00    2.52   13.36    0.00   76.46

Device:            tps    kB_read/s    kB_wrtn/s    kB_read    kB_wrtn
mmcblk0           7.79       107.78        37.57     320945     111869

             total       used       free     shared    buffers     cached
Mem:          923M       443M       479M       8.8M        30M       297M
-/+ buffers/cache:       115M       807M
Swap:          99M         0B        99M
Linux 4.9.35-v7+ (raspberrypi) 	29/11/18 	_armv7l_	(4 CPU)

avg-cpu:  %user   %nice %system %iowait  %steal   %idle
           7.65    0.00    2.52   13.36    0.00   76.46

Device:            tps    kB_read/s    kB_wrtn/s    kB_read    kB_wrtn
mmcblk0           7.81       107.77        37.62     320945     112033

             total       used       free     shared    buffers     cached
Mem:          923M       439M       484M       8.8M        30M       297M
-/+ buffers/cache:       110M       812M
Swap:          99M         0B        99M
Linux 4.9.35-v7+ (raspberrypi) 	29/11/18 	_armv7l_	(4 CPU)

avg-cpu:  %user   %nice %system %iowait  %steal   %idle
           7.66    0.00    2.52   13.36    0.00   76.46

Device:            tps    kB_read/s    kB_wrtn/s    kB_read    kB_wrtn
mmcblk0           7.80       107.76        37.62     320945     112033

             total       used       free     shared    buffers     cached
Mem:          923M       441M       481M       8.8M        30M       297M
-/+ buffers/cache:       113M       810M
Swap:          99M         0B        99M
Linux 4.9.35-v7+ (raspberrypi) 	29/11/18 	_armv7l_	(4 CPU)

avg-cpu:  %user   %nice %system %iowait  %steal   %idle
           7.66    0.00    2.52   13.36    0.00   76.45

Device:            tps    kB_read/s    kB_wrtn/s    kB_read    kB_wrtn
mmcblk0           7.81       107.75        37.62     320945     112065

             total       used       free     shared    buffers     cached
Mem:          923M       437M       485M       8.8M        30M       297M
-/+ buffers/cache:       109M       813M
Swap:          99M         0B        99M
Linux 4.9.35-v7+ (raspberrypi) 	29/11/18 	_armv7l_	(4 CPU)

avg-cpu:  %user   %nice %system %iowait  %steal   %idle
           7.66    0.00    2.52   13.36    0.00   76.45

Device:            tps    kB_read/s    kB_wrtn/s    kB_read    kB_wrtn
mmcblk0           7.82       107.74        37.66     320945     112189

             total       used       free     shared    buffers     cached
Mem:          923M       440M       482M       8.8M        30M       297M
-/+ buffers/cache:       112M       810M
Swap:          99M         0B        99M
Linux 4.9.35-v7+ (raspberrypi) 	29/11/18 	_armv7l_	(4 CPU)

avg-cpu:  %user   %nice %system %iowait  %steal   %idle
           7.66    0.00    2.52   13.37    0.00   76.45

Device:            tps    kB_read/s    kB_wrtn/s    kB_read    kB_wrtn
mmcblk0           7.82       107.73        37.66     320945     112189

             total       used       free     shared    buffers     cached
Mem:          923M       442M       480M       8.8M        30M       297M
-/+ buffers/cache:       114M       808M
Swap:          99M         0B        99M
Linux 4.9.35-v7+ (raspberrypi) 	29/11/18 	_armv7l_	(4 CPU)

avg-cpu:  %user   %nice %system %iowait  %steal   %idle
           7.66    0.00    2.52   13.38    0.00   76.43

Device:            tps    kB_read/s    kB_wrtn/s    kB_read    kB_wrtn
mmcblk0           7.81       107.69        37.68     320945     112293

             total       used       free     shared    buffers     cached
Mem:          923M       437M       485M       8.8M        30M       297M
-/+ buffers/cache:       109M       813M
Swap:          99M         0B        99M
Linux 4.9.35-v7+ (raspberrypi) 	29/11/18 	_armv7l_	(4 CPU)

avg-cpu:  %user   %nice %system %iowait  %steal   %idle
           7.66    0.00    2.52   13.38    0.00   76.43

Device:            tps    kB_read/s    kB_wrtn/s    kB_read    kB_wrtn
mmcblk0           7.81       107.68        37.68     320945     112293

             total       used       free     shared    buffers     cached
Mem:          923M       439M       483M       8.8M        30M       297M
-/+ buffers/cache:       111M       811M
Swap:          99M         0B        99M
Linux 4.9.35-v7+ (raspberrypi) 	29/11/18 	_armv7l_	(4 CPU)

avg-cpu:  %user   %nice %system %iowait  %steal   %idle
           7.67    0.00    2.52   13.39    0.00   76.42

Device:            tps    kB_read/s    kB_wrtn/s    kB_read    kB_wrtn
mmcblk0           7.82       107.66        37.68     320945     112329

             total       used       free     shared    buffers     cached
Mem:          923M       442M       480M       8.8M        30M       297M
-/+ buffers/cache:       114M       808M
Swap:          99M         0B        99M
Linux 4.9.35-v7+ (raspberrypi) 	29/11/18 	_armv7l_	(4 CPU)

avg-cpu:  %user   %nice %system %iowait  %steal   %idle
           7.67    0.00    2.52   13.39    0.00   76.42

Device:            tps    kB_read/s    kB_wrtn/s    kB_read    kB_wrtn
mmcblk0           7.82       107.65        37.72     320945     112449

             total       used       free     shared    buffers     cached
Mem:          923M       444M       478M       8.8M        30M       297M
-/+ buffers/cache:       116M       807M
Swap:          99M         0B        99M
Linux 4.9.35-v7+ (raspberrypi) 	29/11/18 	_armv7l_	(4 CPU)

avg-cpu:  %user   %nice %system %iowait  %steal   %idle
           7.67    0.00    2.53   13.39    0.00   76.42

Device:            tps    kB_read/s    kB_wrtn/s    kB_read    kB_wrtn
mmcblk0           7.84       107.64        37.78     320945     112637

             total       used       free     shared    buffers     cached
Mem:          923M       437M       485M       8.8M        30M       297M
-/+ buffers/cache:       109M       813M
Swap:          99M         0B        99M
Linux 4.9.35-v7+ (raspberrypi) 	29/11/18 	_armv7l_	(4 CPU)

avg-cpu:  %user   %nice %system %iowait  %steal   %idle
           7.67    0.00    2.53   13.39    0.00   76.41

Device:            tps    kB_read/s    kB_wrtn/s    kB_read    kB_wrtn
mmcblk0           7.84       107.64        37.78     320945     112641

             total       used       free     shared    buffers     cached
Mem:          923M       440M       483M       8.8M        30M       297M
-/+ buffers/cache:       112M       811M
Swap:          99M         0B        99M
Linux 4.9.35-v7+ (raspberrypi) 	29/11/18 	_armv7l_	(4 CPU)

avg-cpu:  %user   %nice %system %iowait  %steal   %idle
           7.68    0.00    2.53   13.39    0.00   76.41

Device:            tps    kB_read/s    kB_wrtn/s    kB_read    kB_wrtn
mmcblk0           7.84       107.62        37.79     320945     112689

             total       used       free     shared    buffers     cached
Mem:          923M       443M       479M       8.8M        30M       297M
-/+ buffers/cache:       115M       807M
Swap:          99M         0B        99M
Linux 4.9.35-v7+ (raspberrypi) 	29/11/18 	_armv7l_	(4 CPU)

avg-cpu:  %user   %nice %system %iowait  %steal   %idle
           7.68    0.00    2.53   13.39    0.00   76.40

Device:            tps    kB_read/s    kB_wrtn/s    kB_read    kB_wrtn
mmcblk0           7.85       107.61        37.80     320945     112749

             total       used       free     shared    buffers     cached
Mem:          923M       439M       484M       8.8M        30M       297M
-/+ buffers/cache:       110M       812M
Swap:          99M         0B        99M
Linux 4.9.35-v7+ (raspberrypi) 	29/11/18 	_armv7l_	(4 CPU)

avg-cpu:  %user   %nice %system %iowait  %steal   %idle
           7.68    0.00    2.53   13.40    0.00   76.39

Device:            tps    kB_read/s    kB_wrtn/s    kB_read    kB_wrtn
mmcblk0           7.85       107.59        37.81     320945     112777

             total       used       free     shared    buffers     cached
Mem:          923M       438M       485M       8.8M        30M       297M
-/+ buffers/cache:       110M       813M
Swap:          99M         0B        99M
Linux 4.9.35-v7+ (raspberrypi) 	29/11/18 	_armv7l_	(4 CPU)

avg-cpu:  %user   %nice %system %iowait  %steal   %idle
           7.68    0.00    2.53   13.40    0.00   76.39

Device:            tps    kB_read/s    kB_wrtn/s    kB_read    kB_wrtn
mmcblk0           7.85       107.58        37.83     320945     112857

             total       used       free     shared    buffers     cached
Mem:          923M       441M       482M       8.8M        30M       297M
-/+ buffers/cache:       112M       810M
Swap:          99M         0B        99M
Linux 4.9.35-v7+ (raspberrypi) 	29/11/18 	_armv7l_	(4 CPU)

avg-cpu:  %user   %nice %system %iowait  %steal   %idle
           7.68    0.00    2.53   13.40    0.00   76.39

Device:            tps    kB_read/s    kB_wrtn/s    kB_read    kB_wrtn
mmcblk0           7.85       107.57        37.83     320945     112857

             total       used       free     shared    buffers     cached
Mem:          923M       443M       479M       8.8M        30M       297M
-/+ buffers/cache:       115M       807M
Swap:          99M         0B        99M
Linux 4.9.35-v7+ (raspberrypi) 	29/11/18 	_armv7l_	(4 CPU)

avg-cpu:  %user   %nice %system %iowait  %steal   %idle
           7.68    0.00    2.53   13.40    0.00   76.39

Device:            tps    kB_read/s    kB_wrtn/s    kB_read    kB_wrtn
mmcblk0           7.85       107.56        37.83     320945     112881

             total       used       free     shared    buffers     cached
Mem:          923M       440M       482M       8.8M        30M       297M
-/+ buffers/cache:       112M       810M
Swap:          99M         0B        99M
Linux 4.9.35-v7+ (raspberrypi) 	29/11/18 	_armv7l_	(4 CPU)

avg-cpu:  %user   %nice %system %iowait  %steal   %idle
           7.69    0.00    2.53   13.40    0.00   76.38

Device:            tps    kB_read/s    kB_wrtn/s    kB_read    kB_wrtn
mmcblk0           7.86       107.55        37.87     320945     113017

             total       used       free     shared    buffers     cached
Mem:          923M       443M       480M       8.8M        30M       297M
-/+ buffers/cache:       114M       808M
Swap:          99M         0B        99M
Linux 4.9.35-v7+ (raspberrypi) 	29/11/18 	_armv7l_	(4 CPU)

avg-cpu:  %user   %nice %system %iowait  %steal   %idle
           7.69    0.00    2.53   13.40    0.00   76.38

Device:            tps    kB_read/s    kB_wrtn/s    kB_read    kB_wrtn
mmcblk0           7.87       107.54        37.89     320945     113081

             total       used       free     shared    buffers     cached
Mem:          923M       439M       484M       8.8M        30M       297M
-/+ buffers/cache:       111M       812M
Swap:          99M         0B        99M
Linux 4.9.35-v7+ (raspberrypi) 	29/11/18 	_armv7l_	(4 CPU)

avg-cpu:  %user   %nice %system %iowait  %steal   %idle
           7.69    0.00    2.53   13.41    0.00   76.37

Device:            tps    kB_read/s    kB_wrtn/s    kB_read    kB_wrtn
mmcblk0           7.87       107.52        37.91     320945     113149

             total       used       free     shared    buffers     cached
Mem:          923M       441M       481M       8.8M        30M       297M
-/+ buffers/cache:       113M       809M
Swap:          99M         0B        99M
Linux 4.9.35-v7+ (raspberrypi) 	29/11/18 	_armv7l_	(4 CPU)

avg-cpu:  %user   %nice %system %iowait  %steal   %idle
           7.69    0.00    2.53   13.41    0.00   76.37

Device:            tps    kB_read/s    kB_wrtn/s    kB_read    kB_wrtn
mmcblk0           7.88       107.51        37.95     320945     113281

             total       used       free     shared    buffers     cached
Mem:          923M       443M       480M       8.8M        30M       297M
-/+ buffers/cache:       115M       808M
Swap:          99M         0B        99M
Linux 4.9.35-v7+ (raspberrypi) 	29/11/18 	_armv7l_	(4 CPU)

avg-cpu:  %user   %nice %system %iowait  %steal   %idle
           7.69    0.00    2.53   13.41    0.00   76.37

Device:            tps    kB_read/s    kB_wrtn/s    kB_read    kB_wrtn
mmcblk0           7.89       107.50        37.97     320945     113345

             total       used       free     shared    buffers     cached
Mem:          923M       438M       485M       8.8M        30M       297M
-/+ buffers/cache:       109M       813M
Swap:          99M         0B        99M
Linux 4.9.35-v7+ (raspberrypi) 	29/11/18 	_armv7l_	(4 CPU)

avg-cpu:  %user   %nice %system %iowait  %steal   %idle
           7.69    0.00    2.53   13.42    0.00   76.36

Device:            tps    kB_read/s    kB_wrtn/s    kB_read    kB_wrtn
mmcblk0           7.89       107.49        37.97     320945     113361

             total       used       free     shared    buffers     cached
Mem:          923M       443M       479M       8.8M        30M       297M
-/+ buffers/cache:       115M       807M
Swap:          99M         0B        99M
Linux 4.9.35-v7+ (raspberrypi) 	29/11/18 	_armv7l_	(4 CPU)

avg-cpu:  %user   %nice %system %iowait  %steal   %idle
           7.70    0.00    2.53   13.42    0.00   76.36

Device:            tps    kB_read/s    kB_wrtn/s    kB_read    kB_wrtn
mmcblk0           7.89       107.48        37.99     320945     113433

             total       used       free     shared    buffers     cached
Mem:          923M       444M       479M       8.8M        30M       297M
-/+ buffers/cache:       115M       807M
Swap:          99M         0B        99M
Linux 4.9.35-v7+ (raspberrypi) 	29/11/18 	_armv7l_	(4 CPU)

avg-cpu:  %user   %nice %system %iowait  %steal   %idle
           7.70    0.00    2.53   13.42    0.00   76.35

Device:            tps    kB_read/s    kB_wrtn/s    kB_read    kB_wrtn
mmcblk0           7.89       107.46        37.99     320945     113453

             total       used       free     shared    buffers     cached
Mem:          923M       442M       480M       8.8M        30M       297M
-/+ buffers/cache:       114M       809M
Swap:          99M         0B        99M
Linux 4.9.35-v7+ (raspberrypi) 	29/11/18 	_armv7l_	(4 CPU)

avg-cpu:  %user   %nice %system %iowait  %steal   %idle
           7.70    0.00    2.53   13.42    0.00   76.35

Device:            tps    kB_read/s    kB_wrtn/s    kB_read    kB_wrtn
mmcblk0           7.90       107.45        38.03     320945     113581

             total       used       free     shared    buffers     cached
Mem:          923M       438M       484M       8.8M        30M       297M
-/+ buffers/cache:       110M       812M
Swap:          99M         0B        99M
Linux 4.9.35-v7+ (raspberrypi) 	29/11/18 	_armv7l_	(4 CPU)

avg-cpu:  %user   %nice %system %iowait  %steal   %idle
           7.70    0.00    2.53   13.42    0.00   76.35

Device:            tps    kB_read/s    kB_wrtn/s    kB_read    kB_wrtn
mmcblk0           7.90       107.44        38.02     320945     113581

             total       used       free     shared    buffers     cached
Mem:          923M       440M       482M       8.8M        30M       297M
-/+ buffers/cache:       112M       810M
Swap:          99M         0B        99M
Linux 4.9.35-v7+ (raspberrypi) 	29/11/18 	_armv7l_	(4 CPU)

avg-cpu:  %user   %nice %system %iowait  %steal   %idle
           7.70    0.00    2.53   13.42    0.00   76.34

Device:            tps    kB_read/s    kB_wrtn/s    kB_read    kB_wrtn
mmcblk0           7.90       107.42        38.02     320945     113601

             total       used       free     shared    buffers     cached
Mem:          923M       438M       484M       8.8M        30M       297M
-/+ buffers/cache:       110M       812M
Swap:          99M         0B        99M
Linux 4.9.35-v7+ (raspberrypi) 	29/11/18 	_armv7l_	(4 CPU)

avg-cpu:  %user   %nice %system %iowait  %steal   %idle
           7.70    0.00    2.53   13.42    0.00   76.34

Device:            tps    kB_read/s    kB_wrtn/s    kB_read    kB_wrtn
mmcblk0           7.91       107.42        38.07     320945     113737

             total       used       free     shared    buffers     cached
Mem:          923M       441M       482M       8.8M        30M       297M
-/+ buffers/cache:       112M       810M
Swap:          99M         0B        99M
Linux 4.9.35-v7+ (raspberrypi) 	29/11/18 	_armv7l_	(4 CPU)

avg-cpu:  %user   %nice %system %iowait  %steal   %idle
           7.71    0.00    2.53   13.42    0.00   76.34

Device:            tps    kB_read/s    kB_wrtn/s    kB_read    kB_wrtn
mmcblk0           7.91       107.41        38.08     320945     113789

             total       used       free     shared    buffers     cached
Mem:          923M       443M       479M       8.8M        30M       297M
-/+ buffers/cache:       115M       807M
Swap:          99M         0B        99M
Linux 4.9.35-v7+ (raspberrypi) 	29/11/18 	_armv7l_	(4 CPU)

avg-cpu:  %user   %nice %system %iowait  %steal   %idle
           7.71    0.00    2.53   13.43    0.00   76.34

Device:            tps    kB_read/s    kB_wrtn/s    kB_read    kB_wrtn
mmcblk0           7.91       107.39        38.08     320945     113817

             total       used       free     shared    buffers     cached
Mem:          923M       441M       481M       8.8M        30M       297M
-/+ buffers/cache:       113M       810M
Swap:          99M         0B        99M
Linux 4.9.35-v7+ (raspberrypi) 	29/11/18 	_armv7l_	(4 CPU)

avg-cpu:  %user   %nice %system %iowait  %steal   %idle
           7.71    0.00    2.53   13.43    0.00   76.33

Device:            tps    kB_read/s    kB_wrtn/s    kB_read    kB_wrtn
mmcblk0           7.93       107.38        38.13     320945     113957

             total       used       free     shared    buffers     cached
Mem:          923M       444M       479M       8.8M        30M       297M
-/+ buffers/cache:       115M       807M
Swap:          99M         0B        99M
Linux 4.9.35-v7+ (raspberrypi) 	29/11/18 	_armv7l_	(4 CPU)

avg-cpu:  %user   %nice %system %iowait  %steal   %idle
           7.71    0.00    2.53   13.43    0.00   76.33

Device:            tps    kB_read/s    kB_wrtn/s    kB_read    kB_wrtn
mmcblk0           7.94       107.37        38.18     320945     114133

             total       used       free     shared    buffers     cached
Mem:          923M       445M       478M       8.8M        30M       297M
-/+ buffers/cache:       117M       806M
Swap:          99M         0B        99M
Linux 4.9.35-v7+ (raspberrypi) 	29/11/18 	_armv7l_	(4 CPU)

avg-cpu:  %user   %nice %system %iowait  %steal   %idle
           7.71    0.00    2.53   13.43    0.00   76.33

Device:            tps    kB_read/s    kB_wrtn/s    kB_read    kB_wrtn
mmcblk0           7.94       107.36        38.20     320945     114197

             total       used       free     shared    buffers     cached
Mem:          923M       445M       478M       8.8M        30M       297M
-/+ buffers/cache:       116M       806M
Swap:          99M         0B        99M
Linux 4.9.35-v7+ (raspberrypi) 	29/11/18 	_armv7l_	(4 CPU)

avg-cpu:  %user   %nice %system %iowait  %steal   %idle
           7.71    0.00    2.53   13.43    0.00   76.33

Device:            tps    kB_read/s    kB_wrtn/s    kB_read    kB_wrtn
mmcblk0           7.94       107.36        38.20     320945     114197

             total       used       free     shared    buffers     cached
Mem:          923M       440M       482M       8.8M        30M       297M
-/+ buffers/cache:       112M       810M
Swap:          99M         0B        99M
Linux 4.9.35-v7+ (raspberrypi) 	29/11/18 	_armv7l_	(4 CPU)

avg-cpu:  %user   %nice %system %iowait  %steal   %idle
           7.71    0.00    2.53   13.47    0.00   76.29

Device:            tps    kB_read/s    kB_wrtn/s    kB_read    kB_wrtn
mmcblk0           7.94       107.30        38.20     320945     114253

             total       used       free     shared    buffers     cached
Mem:          923M       441M       482M       8.8M        30M       297M
-/+ buffers/cache:       113M       810M
Swap:          99M         0B        99M
Linux 4.9.35-v7+ (raspberrypi) 	29/11/18 	_armv7l_	(4 CPU)

avg-cpu:  %user   %nice %system %iowait  %steal   %idle
           7.71    0.00    2.53   13.47    0.00   76.29

Device:            tps    kB_read/s    kB_wrtn/s    kB_read    kB_wrtn
mmcblk0           7.94       107.28        38.19     320945     114257

             total       used       free     shared    buffers     cached
Mem:          923M       439M       484M       8.8M        30M       297M
-/+ buffers/cache:       110M       812M
Swap:          99M         0B        99M
Linux 4.9.35-v7+ (raspberrypi) 	29/11/18 	_armv7l_	(4 CPU)

