Linux 4.9.35-v7+ (raspberrypi) 	29/11/18 	_armv7l_	(4 CPU)

avg-cpu:  %user   %nice %system %iowait  %steal   %idle
           8.39    0.00    2.70   14.83    0.00   74.09

Device:            tps    kB_read/s    kB_wrtn/s    kB_read    kB_wrtn
mmcblk0          10.71        98.96        49.44     320949     160329

             total       used       free     shared    buffers     cached
Mem:          923M       440M       482M       8.8M        31M       297M
-/+ buffers/cache:       111M       811M
Swap:          99M         0B        99M
Linux 4.9.35-v7+ (raspberrypi) 	29/11/18 	_armv7l_	(4 CPU)

avg-cpu:  %user   %nice %system %iowait  %steal   %idle
           8.39    0.00    2.70   14.82    0.00   74.09

Device:            tps    kB_read/s    kB_wrtn/s    kB_read    kB_wrtn
mmcblk0          10.71        98.96        49.43     320949     160329

             total       used       free     shared    buffers     cached
Mem:          923M       443M       479M       8.8M        31M       297M
-/+ buffers/cache:       115M       808M
Swap:          99M         0B        99M
Linux 4.9.35-v7+ (raspberrypi) 	29/11/18 	_armv7l_	(4 CPU)

avg-cpu:  %user   %nice %system %iowait  %steal   %idle
           8.39    0.00    2.70   14.82    0.00   74.08

Device:            tps    kB_read/s    kB_wrtn/s    kB_read    kB_wrtn
mmcblk0          10.70        98.94        49.43     320949     160337

             total       used       free     shared    buffers     cached
Mem:          923M       442M       480M       8.8M        31M       297M
-/+ buffers/cache:       113M       809M
Swap:          99M         0B        99M
Linux 4.9.35-v7+ (raspberrypi) 	29/11/18 	_armv7l_	(4 CPU)

avg-cpu:  %user   %nice %system %iowait  %steal   %idle
           8.39    0.00    2.70   14.83    0.00   74.08

Device:            tps    kB_read/s    kB_wrtn/s    kB_read    kB_wrtn
mmcblk0          10.70        98.91        49.42     320949     160353

             total       used       free     shared    buffers     cached
Mem:          923M       439M       483M       8.8M        31M       297M
-/+ buffers/cache:       110M       812M
Swap:          99M         0B        99M
Linux 4.9.35-v7+ (raspberrypi) 	29/11/18 	_armv7l_	(4 CPU)

avg-cpu:  %user   %nice %system %iowait  %steal   %idle
           8.40    0.00    2.70   14.84    0.00   74.07

Device:            tps    kB_read/s    kB_wrtn/s    kB_read    kB_wrtn
mmcblk0          10.70        98.89        49.41     320949     160373

             total       used       free     shared    buffers     cached
Mem:          923M       446M       477M       8.8M        31M       297M
-/+ buffers/cache:       117M       806M
Swap:          99M         0B        99M
Linux 4.9.35-v7+ (raspberrypi) 	29/11/18 	_armv7l_	(4 CPU)

avg-cpu:  %user   %nice %system %iowait  %steal   %idle
           8.40    0.00    2.70   14.84    0.00   74.07

Device:            tps    kB_read/s    kB_wrtn/s    kB_read    kB_wrtn
mmcblk0          10.70        98.88        49.41     320949     160385

             total       used       free     shared    buffers     cached
Mem:          923M       440M       482M       8.8M        31M       297M
-/+ buffers/cache:       112M       811M
Swap:          99M         0B        99M
Linux 4.9.35-v7+ (raspberrypi) 	29/11/18 	_armv7l_	(4 CPU)

avg-cpu:  %user   %nice %system %iowait  %steal   %idle
           8.40    0.00    2.70   14.84    0.00   74.07

Device:            tps    kB_read/s    kB_wrtn/s    kB_read    kB_wrtn
mmcblk0          10.70        98.88        49.41     320949     160385

             total       used       free     shared    buffers     cached
Mem:          923M       443M       479M       8.8M        31M       297M
-/+ buffers/cache:       114M       808M
Swap:          99M         0B        99M
Linux 4.9.35-v7+ (raspberrypi) 	29/11/18 	_armv7l_	(4 CPU)

avg-cpu:  %user   %nice %system %iowait  %steal   %idle
           8.40    0.00    2.70   14.84    0.00   74.06

Device:            tps    kB_read/s    kB_wrtn/s    kB_read    kB_wrtn
mmcblk0          10.70        98.86        49.41     320949     160401

             total       used       free     shared    buffers     cached
Mem:          923M       440M       482M       8.8M        31M       297M
-/+ buffers/cache:       112M       811M
Swap:          99M         0B        99M
Linux 4.9.35-v7+ (raspberrypi) 	29/11/18 	_armv7l_	(4 CPU)

avg-cpu:  %user   %nice %system %iowait  %steal   %idle
           8.40    0.00    2.70   14.83    0.00   74.06

Device:            tps    kB_read/s    kB_wrtn/s    kB_read    kB_wrtn
mmcblk0          10.70        98.85        49.41     320949     160417

             total       used       free     shared    buffers     cached
Mem:          923M       443M       479M       8.8M        31M       297M
-/+ buffers/cache:       114M       808M
Swap:          99M         0B        99M
Linux 4.9.35-v7+ (raspberrypi) 	29/11/18 	_armv7l_	(4 CPU)

avg-cpu:  %user   %nice %system %iowait  %steal   %idle
           8.41    0.00    2.70   14.83    0.00   74.06

Device:            tps    kB_read/s    kB_wrtn/s    kB_read    kB_wrtn
mmcblk0          10.71        98.84        49.43     320949     160501

             total       used       free     shared    buffers     cached
Mem:          923M       439M       484M       8.8M        31M       297M
-/+ buffers/cache:       110M       813M
Swap:          99M         0B        99M
Linux 4.9.35-v7+ (raspberrypi) 	29/11/18 	_armv7l_	(4 CPU)

avg-cpu:  %user   %nice %system %iowait  %steal   %idle
           8.41    0.00    2.70   14.83    0.00   74.06

Device:            tps    kB_read/s    kB_wrtn/s    kB_read    kB_wrtn
mmcblk0          10.71        98.84        49.45     320949     160573

             total       used       free     shared    buffers     cached
Mem:          923M       442M       481M       8.8M        31M       297M
-/+ buffers/cache:       113M       810M
Swap:          99M         0B        99M
Linux 4.9.35-v7+ (raspberrypi) 	29/11/18 	_armv7l_	(4 CPU)

avg-cpu:  %user   %nice %system %iowait  %steal   %idle
           8.41    0.00    2.70   14.83    0.00   74.05

Device:            tps    kB_read/s    kB_wrtn/s    kB_read    kB_wrtn
mmcblk0          10.71        98.82        49.44     320949     160577

             total       used       free     shared    buffers     cached
Mem:          923M       446M       477M       8.8M        31M       297M
-/+ buffers/cache:       117M       806M
Swap:          99M         0B        99M
Linux 4.9.35-v7+ (raspberrypi) 	29/11/18 	_armv7l_	(4 CPU)

avg-cpu:  %user   %nice %system %iowait  %steal   %idle
           8.40    0.00    2.70   14.87    0.00   74.03

Device:            tps    kB_read/s    kB_wrtn/s    kB_read    kB_wrtn
mmcblk0          10.71        98.77        49.44     320949     160657

             total       used       free     shared    buffers     cached
Mem:          923M       439M       484M       8.8M        31M       297M
-/+ buffers/cache:       110M       812M
Swap:          99M         0B        99M
Linux 4.9.35-v7+ (raspberrypi) 	29/11/18 	_armv7l_	(4 CPU)

avg-cpu:  %user   %nice %system %iowait  %steal   %idle
           8.41    0.00    2.70   14.87    0.00   74.03

Device:            tps    kB_read/s    kB_wrtn/s    kB_read    kB_wrtn
mmcblk0          10.72        98.76        49.48     320949     160785

             total       used       free     shared    buffers     cached
Mem:          923M       442M       481M       8.8M        31M       297M
-/+ buffers/cache:       113M       810M
Swap:          99M         0B        99M
Linux 4.9.35-v7+ (raspberrypi) 	29/11/18 	_armv7l_	(4 CPU)

avg-cpu:  %user   %nice %system %iowait  %steal   %idle
           8.41    0.00    2.70   14.87    0.00   74.02

Device:            tps    kB_read/s    kB_wrtn/s    kB_read    kB_wrtn
mmcblk0          10.73        98.75        49.51     320949     160917

             total       used       free     shared    buffers     cached
Mem:          923M       444M       479M       8.8M        31M       297M
-/+ buffers/cache:       115M       808M
Swap:          99M         0B        99M
Linux 4.9.35-v7+ (raspberrypi) 	29/11/18 	_armv7l_	(4 CPU)

avg-cpu:  %user   %nice %system %iowait  %steal   %idle
           8.41    0.00    2.70   14.87    0.00   74.02

Device:            tps    kB_read/s    kB_wrtn/s    kB_read    kB_wrtn
mmcblk0          10.72        98.74        49.51     320949     160917

             total       used       free     shared    buffers     cached
Mem:          923M       446M       477M       8.8M        31M       297M
-/+ buffers/cache:       117M       806M
Swap:          99M         0B        99M
Linux 4.9.35-v7+ (raspberrypi) 	29/11/18 	_armv7l_	(4 CPU)

avg-cpu:  %user   %nice %system %iowait  %steal   %idle
           8.41    0.00    2.70   14.87    0.00   74.02

Device:            tps    kB_read/s    kB_wrtn/s    kB_read    kB_wrtn
mmcblk0          10.72        98.73        49.51     320949     160937

             total       used       free     shared    buffers     cached
Mem:          923M       443M       480M       8.8M        31M       297M
-/+ buffers/cache:       114M       809M
Swap:          99M         0B        99M
Linux 4.9.35-v7+ (raspberrypi) 	29/11/18 	_armv7l_	(4 CPU)

avg-cpu:  %user   %nice %system %iowait  %steal   %idle
           8.41    0.00    2.70   14.88    0.00   74.01

Device:            tps    kB_read/s    kB_wrtn/s    kB_read    kB_wrtn
mmcblk0          10.72        98.71        49.50     320949     160949

             total       used       free     shared    buffers     cached
Mem:          923M       442M       480M       8.8M        31M       297M
-/+ buffers/cache:       113M       809M
Swap:          99M         0B        99M
Linux 4.9.35-v7+ (raspberrypi) 	29/11/18 	_armv7l_	(4 CPU)

avg-cpu:  %user   %nice %system %iowait  %steal   %idle
           8.41    0.00    2.70   14.88    0.00   74.01

Device:            tps    kB_read/s    kB_wrtn/s    kB_read    kB_wrtn
mmcblk0          10.73        98.70        49.54     320949     161093

             total       used       free     shared    buffers     cached
Mem:          923M       444M       478M       8.8M        31M       297M
-/+ buffers/cache:       115M       807M
Swap:          99M         0B        99M
Linux 4.9.35-v7+ (raspberrypi) 	29/11/18 	_armv7l_	(4 CPU)

avg-cpu:  %user   %nice %system %iowait  %steal   %idle
           8.41    0.00    2.70   14.88    0.00   74.01

Device:            tps    kB_read/s    kB_wrtn/s    kB_read    kB_wrtn
mmcblk0          10.74        98.69        49.56     320949     161157

             total       used       free     shared    buffers     cached
Mem:          923M       439M       483M       8.8M        31M       297M
-/+ buffers/cache:       110M       812M
Swap:          99M         0B        99M
Linux 4.9.35-v7+ (raspberrypi) 	29/11/18 	_armv7l_	(4 CPU)

avg-cpu:  %user   %nice %system %iowait  %steal   %idle
           8.42    0.00    2.70   14.88    0.00   74.00

Device:            tps    kB_read/s    kB_wrtn/s    kB_read    kB_wrtn
mmcblk0          10.74        98.68        49.57     320949     161237

             total       used       free     shared    buffers     cached
Mem:          923M       439M       483M       8.8M        31M       297M
-/+ buffers/cache:       110M       812M
Swap:          99M         0B        99M
Linux 4.9.35-v7+ (raspberrypi) 	29/11/18 	_armv7l_	(4 CPU)

avg-cpu:  %user   %nice %system %iowait  %steal   %idle
           8.42    0.00    2.70   14.88    0.00   74.00

Device:            tps    kB_read/s    kB_wrtn/s    kB_read    kB_wrtn
mmcblk0          10.75        98.67        49.61     320949     161361

             total       used       free     shared    buffers     cached
Mem:          923M       442M       481M       8.8M        31M       297M
-/+ buffers/cache:       113M       810M
Swap:          99M         0B        99M
Linux 4.9.35-v7+ (raspberrypi) 	29/11/18 	_armv7l_	(4 CPU)

avg-cpu:  %user   %nice %system %iowait  %steal   %idle
           8.42    0.00    2.70   14.89    0.00   73.99

Device:            tps    kB_read/s    kB_wrtn/s    kB_read    kB_wrtn
mmcblk0          10.76        98.65        49.65     320949     161533

             total       used       free     shared    buffers     cached
Mem:          923M       439M       484M       8.8M        31M       297M
-/+ buffers/cache:       110M       812M
Swap:          99M         0B        99M
Linux 4.9.35-v7+ (raspberrypi) 	29/11/18 	_armv7l_	(4 CPU)

avg-cpu:  %user   %nice %system %iowait  %steal   %idle
           8.42    0.00    2.70   14.89    0.00   73.99

Device:            tps    kB_read/s    kB_wrtn/s    kB_read    kB_wrtn
mmcblk0          10.76        98.65        49.67     320949     161609

             total       used       free     shared    buffers     cached
Mem:          923M       440M       482M       8.8M        31M       297M
-/+ buffers/cache:       111M       811M
Swap:          99M         0B        99M
Linux 4.9.35-v7+ (raspberrypi) 	29/11/18 	_armv7l_	(4 CPU)

avg-cpu:  %user   %nice %system %iowait  %steal   %idle
           8.42    0.00    2.70   14.89    0.00   73.99

Device:            tps    kB_read/s    kB_wrtn/s    kB_read    kB_wrtn
mmcblk0          10.77        98.64        49.71     320949     161733

             total       used       free     shared    buffers     cached
Mem:          923M       442M       480M       8.8M        31M       297M
-/+ buffers/cache:       114M       809M
Swap:          99M         0B        99M
Linux 4.9.35-v7+ (raspberrypi) 	29/11/18 	_armv7l_	(4 CPU)

avg-cpu:  %user   %nice %system %iowait  %steal   %idle
           8.42    0.00    2.70   14.89    0.00   73.98

Device:            tps    kB_read/s    kB_wrtn/s    kB_read    kB_wrtn
mmcblk0          10.78        98.63        49.73     320949     161809

             total       used       free     shared    buffers     cached
Mem:          923M       446M       477M       8.8M        31M       297M
-/+ buffers/cache:       117M       806M
Swap:          99M         0B        99M
Linux 4.9.35-v7+ (raspberrypi) 	29/11/18 	_armv7l_	(4 CPU)

avg-cpu:  %user   %nice %system %iowait  %steal   %idle
           8.43    0.00    2.70   14.89    0.00   73.98

Device:            tps    kB_read/s    kB_wrtn/s    kB_read    kB_wrtn
mmcblk0          10.78        98.62        49.72     320949     161809

             total       used       free     shared    buffers     cached
Mem:          923M       442M       481M       8.8M        31M       297M
-/+ buffers/cache:       113M       809M
Swap:          99M         0B        99M
Linux 4.9.35-v7+ (raspberrypi) 	29/11/18 	_armv7l_	(4 CPU)

avg-cpu:  %user   %nice %system %iowait  %steal   %idle
           8.43    0.00    2.70   14.89    0.00   73.98

Device:            tps    kB_read/s    kB_wrtn/s    kB_read    kB_wrtn
mmcblk0          10.78        98.62        49.73     320949     161837

             total       used       free     shared    buffers     cached
Mem:          923M       444M       478M       8.8M        31M       297M
-/+ buffers/cache:       116M       807M
Swap:          99M         0B        99M
Linux 4.9.35-v7+ (raspberrypi) 	29/11/18 	_armv7l_	(4 CPU)

avg-cpu:  %user   %nice %system %iowait  %steal   %idle
           8.43    0.00    2.70   14.89    0.00   73.98

Device:            tps    kB_read/s    kB_wrtn/s    kB_read    kB_wrtn
mmcblk0          10.79        98.61        49.76     320949     161969

             total       used       free     shared    buffers     cached
Mem:          923M       440M       482M       8.8M        31M       297M
-/+ buffers/cache:       111M       811M
Swap:          99M         0B        99M
Linux 4.9.35-v7+ (raspberrypi) 	29/11/18 	_armv7l_	(4 CPU)

avg-cpu:  %user   %nice %system %iowait  %steal   %idle
           8.43    0.00    2.70   14.89    0.00   73.98

Device:            tps    kB_read/s    kB_wrtn/s    kB_read    kB_wrtn
mmcblk0          10.79        98.60        49.76     320949     161985

             total       used       free     shared    buffers     cached
Mem:          923M       442M       480M       8.8M        31M       297M
-/+ buffers/cache:       113M       809M
Swap:          99M         0B        99M
Linux 4.9.35-v7+ (raspberrypi) 	29/11/18 	_armv7l_	(4 CPU)

avg-cpu:  %user   %nice %system %iowait  %steal   %idle
           8.43    0.00    2.70   14.89    0.00   73.97

Device:            tps    kB_read/s    kB_wrtn/s    kB_read    kB_wrtn
mmcblk0          10.78        98.58        49.76     320949     161993

             total       used       free     shared    buffers     cached
Mem:          923M       442M       480M       8.8M        31M       297M
-/+ buffers/cache:       113M       809M
Swap:          99M         0B        99M
Linux 4.9.35-v7+ (raspberrypi) 	29/11/18 	_armv7l_	(4 CPU)

avg-cpu:  %user   %nice %system %iowait  %steal   %idle
           8.43    0.00    2.70   14.91    0.00   73.96

Device:            tps    kB_read/s    kB_wrtn/s    kB_read    kB_wrtn
mmcblk0          10.78        98.52        49.74     320949     162033

             total       used       free     shared    buffers     cached
Mem:          923M       443M       480M       8.8M        31M       297M
-/+ buffers/cache:       114M       809M
Swap:          99M         0B        99M
Linux 4.9.35-v7+ (raspberrypi) 	29/11/18 	_armv7l_	(4 CPU)

avg-cpu:  %user   %nice %system %iowait  %steal   %idle
           8.43    0.00    2.70   14.91    0.00   73.95

Device:            tps    kB_read/s    kB_wrtn/s    kB_read    kB_wrtn
mmcblk0          10.79        98.52        49.78     320949     162161

             total       used       free     shared    buffers     cached
Mem:          923M       444M       478M       8.8M        31M       297M
-/+ buffers/cache:       115M       807M
Swap:          99M         0B        99M
Linux 4.9.35-v7+ (raspberrypi) 	29/11/18 	_armv7l_	(4 CPU)

avg-cpu:  %user   %nice %system %iowait  %steal   %idle
           8.43    0.00    2.70   14.93    0.00   73.94

Device:            tps    kB_read/s    kB_wrtn/s    kB_read    kB_wrtn
mmcblk0          10.80        98.49        49.81     320949     162325

             total       used       free     shared    buffers     cached
Mem:          923M       439M       483M       8.8M        31M       297M
-/+ buffers/cache:       110M       812M
Swap:          99M         0B        99M
Linux 4.9.35-v7+ (raspberrypi) 	29/11/18 	_armv7l_	(4 CPU)

avg-cpu:  %user   %nice %system %iowait  %steal   %idle
           8.43    0.00    2.70   14.93    0.00   73.94

Device:            tps    kB_read/s    kB_wrtn/s    kB_read    kB_wrtn
mmcblk0          10.80        98.49        49.82     320949     162333

             total       used       free     shared    buffers     cached
Mem:          923M       440M       482M       8.8M        31M       297M
-/+ buffers/cache:       111M       811M
Swap:          99M         0B        99M
Linux 4.9.35-v7+ (raspberrypi) 	29/11/18 	_armv7l_	(4 CPU)

avg-cpu:  %user   %nice %system %iowait  %steal   %idle
           8.43    0.00    2.70   14.93    0.00   73.93

Device:            tps    kB_read/s    kB_wrtn/s    kB_read    kB_wrtn
mmcblk0          10.80        98.47        49.81     320949     162357

             total       used       free     shared    buffers     cached
Mem:          923M       446M       477M       8.8M        31M       297M
-/+ buffers/cache:       117M       806M
Swap:          99M         0B        99M
Linux 4.9.35-v7+ (raspberrypi) 	29/11/18 	_armv7l_	(4 CPU)

avg-cpu:  %user   %nice %system %iowait  %steal   %idle
           8.43    0.00    2.70   14.93    0.00   73.93

Device:            tps    kB_read/s    kB_wrtn/s    kB_read    kB_wrtn
mmcblk0          10.81        98.46        49.85     320949     162497

             total       used       free     shared    buffers     cached
Mem:          923M       442M       481M       8.8M        31M       297M
-/+ buffers/cache:       113M       810M
Swap:          99M         0B        99M
Linux 4.9.35-v7+ (raspberrypi) 	29/11/18 	_armv7l_	(4 CPU)

avg-cpu:  %user   %nice %system %iowait  %steal   %idle
           8.44    0.00    2.70   14.93    0.00   73.93

Device:            tps    kB_read/s    kB_wrtn/s    kB_read    kB_wrtn
mmcblk0          10.82        98.46        49.90     320949     162677

             total       used       free     shared    buffers     cached
Mem:          923M       444M       479M       8.8M        31M       297M
-/+ buffers/cache:       115M       807M
Swap:          99M         0B        99M
Linux 4.9.35-v7+ (raspberrypi) 	29/11/18 	_armv7l_	(4 CPU)

avg-cpu:  %user   %nice %system %iowait  %steal   %idle
           8.44    0.00    2.70   14.93    0.00   73.93

Device:            tps    kB_read/s    kB_wrtn/s    kB_read    kB_wrtn
mmcblk0          10.83        98.45        49.95     320949     162829

             total       used       free     shared    buffers     cached
Mem:          923M       445M       477M       8.8M        31M       297M
-/+ buffers/cache:       116M       806M
Swap:          99M         0B        99M
Linux 4.9.35-v7+ (raspberrypi) 	29/11/18 	_armv7l_	(4 CPU)

avg-cpu:  %user   %nice %system %iowait  %steal   %idle
           8.44    0.00    2.71   14.93    0.00   73.93

Device:            tps    kB_read/s    kB_wrtn/s    kB_read    kB_wrtn
mmcblk0          10.84        98.44        49.98     320949     162957

             total       used       free     shared    buffers     cached
Mem:          923M       441M       481M       8.8M        31M       297M
-/+ buffers/cache:       112M       810M
Swap:          99M         0B        99M
Linux 4.9.35-v7+ (raspberrypi) 	29/11/18 	_armv7l_	(4 CPU)

avg-cpu:  %user   %nice %system %iowait  %steal   %idle
           8.44    0.00    2.71   14.93    0.00   73.92

Device:            tps    kB_read/s    kB_wrtn/s    kB_read    kB_wrtn
mmcblk0          10.85        98.44        50.03     320949     163133

             total       used       free     shared    buffers     cached
Mem:          923M       444M       479M       8.8M        31M       297M
-/+ buffers/cache:       115M       808M
Swap:          99M         0B        99M
Linux 4.9.35-v7+ (raspberrypi) 	29/11/18 	_armv7l_	(4 CPU)

avg-cpu:  %user   %nice %system %iowait  %steal   %idle
           8.44    0.00    2.71   14.93    0.00   73.92

Device:            tps    kB_read/s    kB_wrtn/s    kB_read    kB_wrtn
mmcblk0          10.87        98.43        50.08     320949     163305

             total       used       free     shared    buffers     cached
Mem:          923M       439M       484M       8.8M        31M       297M
-/+ buffers/cache:       110M       812M
Swap:          99M         0B        99M
Linux 4.9.35-v7+ (raspberrypi) 	29/11/18 	_armv7l_	(4 CPU)

avg-cpu:  %user   %nice %system %iowait  %steal   %idle
           8.44    0.00    2.71   14.93    0.00   73.92

Device:            tps    kB_read/s    kB_wrtn/s    kB_read    kB_wrtn
mmcblk0          10.87        98.42        50.09     320949     163345

             total       used       free     shared    buffers     cached
Mem:          923M       442M       480M       8.8M        31M       297M
-/+ buffers/cache:       113M       809M
Swap:          99M         0B        99M
Linux 4.9.35-v7+ (raspberrypi) 	29/11/18 	_armv7l_	(4 CPU)

avg-cpu:  %user   %nice %system %iowait  %steal   %idle
           8.44    0.00    2.71   14.93    0.00   73.92

Device:            tps    kB_read/s    kB_wrtn/s    kB_read    kB_wrtn
mmcblk0          10.87        98.41        50.09     320949     163353

             total       used       free     shared    buffers     cached
Mem:          923M       445M       477M       8.8M        31M       297M
-/+ buffers/cache:       116M       806M
Swap:          99M         0B        99M
Linux 4.9.35-v7+ (raspberrypi) 	29/11/18 	_armv7l_	(4 CPU)

avg-cpu:  %user   %nice %system %iowait  %steal   %idle
           8.45    0.00    2.71   14.94    0.00   73.91

Device:            tps    kB_read/s    kB_wrtn/s    kB_read    kB_wrtn
mmcblk0          10.87        98.39        50.09     320949     163381

             total       used       free     shared    buffers     cached
Mem:          923M       446M       477M       8.8M        31M       297M
-/+ buffers/cache:       117M       806M
Swap:          99M         0B        99M
Linux 4.9.35-v7+ (raspberrypi) 	29/11/18 	_armv7l_	(4 CPU)

avg-cpu:  %user   %nice %system %iowait  %steal   %idle
           8.45    0.00    2.71   14.94    0.00   73.91

Device:            tps    kB_read/s    kB_wrtn/s    kB_read    kB_wrtn
mmcblk0          10.88        98.39        50.12     320949     163513

             total       used       free     shared    buffers     cached
Mem:          923M       439M       483M       8.8M        31M       297M
-/+ buffers/cache:       111M       812M
Swap:          99M         0B        99M
Linux 4.9.35-v7+ (raspberrypi) 	29/11/18 	_armv7l_	(4 CPU)

avg-cpu:  %user   %nice %system %iowait  %steal   %idle
           8.45    0.00    2.71   14.93    0.00   73.91

Device:            tps    kB_read/s    kB_wrtn/s    kB_read    kB_wrtn
mmcblk0          10.88        98.38        50.14     320949     163581

             total       used       free     shared    buffers     cached
Mem:          923M       443M       480M       8.8M        31M       297M
-/+ buffers/cache:       114M       809M
Swap:          99M         0B        99M
Linux 4.9.35-v7+ (raspberrypi) 	29/11/18 	_armv7l_	(4 CPU)

avg-cpu:  %user   %nice %system %iowait  %steal   %idle
           8.45    0.00    2.71   14.94    0.00   73.91

Device:            tps    kB_read/s    kB_wrtn/s    kB_read    kB_wrtn
mmcblk0          10.88        98.36        50.14     320949     163593

             total       used       free     shared    buffers     cached
Mem:          923M       446M       476M       8.8M        31M       297M
-/+ buffers/cache:       117M       805M
Swap:          99M         0B        99M
Linux 4.9.35-v7+ (raspberrypi) 	29/11/18 	_armv7l_	(4 CPU)

avg-cpu:  %user   %nice %system %iowait  %steal   %idle
           8.45    0.00    2.71   14.94    0.00   73.90

Device:            tps    kB_read/s    kB_wrtn/s    kB_read    kB_wrtn
mmcblk0          10.89        98.36        50.18     320949     163733

             total       used       free     shared    buffers     cached
Mem:          923M       439M       483M       8.8M        31M       297M
-/+ buffers/cache:       110M       812M
Swap:          99M         0B        99M
Linux 4.9.35-v7+ (raspberrypi) 	29/11/18 	_armv7l_	(4 CPU)

avg-cpu:  %user   %nice %system %iowait  %steal   %idle
           8.45    0.00    2.71   14.94    0.00   73.90

Device:            tps    kB_read/s    kB_wrtn/s    kB_read    kB_wrtn
mmcblk0          10.89        98.35        50.17     320949     163733

             total       used       free     shared    buffers     cached
Mem:          923M       442M       481M       8.8M        31M       297M
-/+ buffers/cache:       113M       810M
Swap:          99M         0B        99M
Linux 4.9.35-v7+ (raspberrypi) 	29/11/18 	_armv7l_	(4 CPU)

avg-cpu:  %user   %nice %system %iowait  %steal   %idle
           8.45    0.00    2.71   14.94    0.00   73.90

Device:            tps    kB_read/s    kB_wrtn/s    kB_read    kB_wrtn
mmcblk0          10.89        98.34        50.18     320949     163761

             total       used       free     shared    buffers     cached
Mem:          923M       446M       477M       8.8M        31M       297M
-/+ buffers/cache:       117M       806M
Swap:          99M         0B        99M
Linux 4.9.35-v7+ (raspberrypi) 	29/11/18 	_armv7l_	(4 CPU)

avg-cpu:  %user   %nice %system %iowait  %steal   %idle
           8.46    0.00    2.71   14.94    0.00   73.90

Device:            tps    kB_read/s    kB_wrtn/s    kB_read    kB_wrtn
mmcblk0          10.90        98.33        50.21     320949     163885

             total       used       free     shared    buffers     cached
Mem:          923M       442M       481M       8.8M        31M       297M
-/+ buffers/cache:       113M       810M
Swap:          99M         0B        99M
Linux 4.9.35-v7+ (raspberrypi) 	29/11/18 	_armv7l_	(4 CPU)

avg-cpu:  %user   %nice %system %iowait  %steal   %idle
           8.46    0.00    2.71   14.94    0.00   73.90

Device:            tps    kB_read/s    kB_wrtn/s    kB_read    kB_wrtn
mmcblk0          10.91        98.32        50.25     320949     164025

             total       used       free     shared    buffers     cached
Mem:          923M       444M       478M       8.8M        31M       297M
-/+ buffers/cache:       115M       807M
Swap:          99M         0B        99M
Linux 4.9.35-v7+ (raspberrypi) 	29/11/18 	_armv7l_	(4 CPU)

avg-cpu:  %user   %nice %system %iowait  %steal   %idle
           8.46    0.00    2.71   14.94    0.00   73.90

Device:            tps    kB_read/s    kB_wrtn/s    kB_read    kB_wrtn
mmcblk0          10.91        98.32        50.25     320949     164025

             total       used       free     shared    buffers     cached
Mem:          923M       446M       476M       8.8M        31M       297M
-/+ buffers/cache:       117M       805M
Swap:          99M         0B        99M
Linux 4.9.35-v7+ (raspberrypi) 	29/11/18 	_armv7l_	(4 CPU)

avg-cpu:  %user   %nice %system %iowait  %steal   %idle
           8.46    0.00    2.71   14.94    0.00   73.90

Device:            tps    kB_read/s    kB_wrtn/s    kB_read    kB_wrtn
mmcblk0          10.91        98.31        50.25     320949     164049

             total       used       free     shared    buffers     cached
Mem:          923M       442M       481M       8.8M        31M       297M
-/+ buffers/cache:       113M       810M
Swap:          99M         0B        99M
Linux 4.9.35-v7+ (raspberrypi) 	29/11/18 	_armv7l_	(4 CPU)

avg-cpu:  %user   %nice %system %iowait  %steal   %idle
           8.46    0.00    2.71   14.94    0.00   73.89

Device:            tps    kB_read/s    kB_wrtn/s    kB_read    kB_wrtn
mmcblk0          10.92        98.30        50.28     320949     164173

             total       used       free     shared    buffers     cached
Mem:          923M       444M       478M       8.8M        31M       297M
-/+ buffers/cache:       115M       807M
Swap:          99M         0B        99M
Linux 4.9.35-v7+ (raspberrypi) 	29/11/18 	_armv7l_	(4 CPU)

avg-cpu:  %user   %nice %system %iowait  %steal   %idle
           8.46    0.00    2.71   14.94    0.00   73.89

Device:            tps    kB_read/s    kB_wrtn/s    kB_read    kB_wrtn
mmcblk0          10.92        98.29        50.30     320949     164253

             total       used       free     shared    buffers     cached
Mem:          923M       446M       477M       8.8M        31M       297M
-/+ buffers/cache:       117M       806M
Swap:          99M         0B        99M
Linux 4.9.35-v7+ (raspberrypi) 	29/11/18 	_armv7l_	(4 CPU)

avg-cpu:  %user   %nice %system %iowait  %steal   %idle
           8.46    0.00    2.71   14.94    0.00   73.89

Device:            tps    kB_read/s    kB_wrtn/s    kB_read    kB_wrtn
mmcblk0          10.92        98.29        50.30     320949     164253

             total       used       free     shared    buffers     cached
Mem:          923M       441M       482M       8.8M        31M       297M
-/+ buffers/cache:       112M       811M
Swap:          99M         0B        99M
Linux 4.9.35-v7+ (raspberrypi) 	29/11/18 	_armv7l_	(4 CPU)

avg-cpu:  %user   %nice %system %iowait  %steal   %idle
           8.46    0.00    2.71   14.94    0.00   73.89

Device:            tps    kB_read/s    kB_wrtn/s    kB_read    kB_wrtn
mmcblk0          10.92        98.28        50.30     320949     164277

             total       used       free     shared    buffers     cached
Mem:          923M       444M       479M       8.8M        31M       297M
-/+ buffers/cache:       115M       808M
Swap:          99M         0B        99M
Linux 4.9.35-v7+ (raspberrypi) 	29/11/18 	_armv7l_	(4 CPU)

avg-cpu:  %user   %nice %system %iowait  %steal   %idle
           8.46    0.00    2.71   14.94    0.00   73.89

Device:            tps    kB_read/s    kB_wrtn/s    kB_read    kB_wrtn
mmcblk0          10.93        98.27        50.34     320949     164421

             total       used       free     shared    buffers     cached
Mem:          923M       446M       476M       8.8M        31M       297M
-/+ buffers/cache:       117M       805M
Swap:          99M         0B        99M
Linux 4.9.35-v7+ (raspberrypi) 	29/11/18 	_armv7l_	(4 CPU)

avg-cpu:  %user   %nice %system %iowait  %steal   %idle
           8.47    0.00    2.71   14.94    0.00   73.88

Device:            tps    kB_read/s    kB_wrtn/s    kB_read    kB_wrtn
mmcblk0          10.94        98.26        50.39     320949     164577

             total       used       free     shared    buffers     cached
Mem:          923M       442M       480M       8.8M        31M       297M
-/+ buffers/cache:       113M       809M
Swap:          99M         0B        99M
Linux 4.9.35-v7+ (raspberrypi) 	29/11/18 	_armv7l_	(4 CPU)

avg-cpu:  %user   %nice %system %iowait  %steal   %idle
           8.47    0.00    2.71   14.94    0.00   73.88

Device:            tps    kB_read/s    kB_wrtn/s    kB_read    kB_wrtn
mmcblk0          10.94        98.26        50.38     320949     164577

             total       used       free     shared    buffers     cached
Mem:          923M       445M       478M       8.8M        31M       297M
-/+ buffers/cache:       116M       807M
Swap:          99M         0B        99M
Linux 4.9.35-v7+ (raspberrypi) 	29/11/18 	_armv7l_	(4 CPU)

avg-cpu:  %user   %nice %system %iowait  %steal   %idle
           8.47    0.00    2.71   14.94    0.00   73.88

Device:            tps    kB_read/s    kB_wrtn/s    kB_read    kB_wrtn
mmcblk0          10.94        98.24        50.39     320949     164601

             total       used       free     shared    buffers     cached
Mem:          923M       442M       480M       8.8M        31M       297M
-/+ buffers/cache:       113M       809M
Swap:          99M         0B        99M
Linux 4.9.35-v7+ (raspberrypi) 	29/11/18 	_armv7l_	(4 CPU)

avg-cpu:  %user   %nice %system %iowait  %steal   %idle
           8.47    0.00    2.71   14.94    0.00   73.88

Device:            tps    kB_read/s    kB_wrtn/s    kB_read    kB_wrtn
mmcblk0          10.95        98.24        50.41     320949     164689

             total       used       free     shared    buffers     cached
Mem:          923M       444M       479M       8.8M        31M       297M
-/+ buffers/cache:       115M       808M
Swap:          99M         0B        99M
Linux 4.9.35-v7+ (raspberrypi) 	29/11/18 	_armv7l_	(4 CPU)

avg-cpu:  %user   %nice %system %iowait  %steal   %idle
           8.47    0.00    2.71   14.94    0.00   73.87

Device:            tps    kB_read/s    kB_wrtn/s    kB_read    kB_wrtn
mmcblk0          10.95        98.23        50.41     320949     164693

             total       used       free     shared    buffers     cached
Mem:          923M       440M       483M       8.8M        31M       297M
-/+ buffers/cache:       111M       812M
Swap:          99M         0B        99M
Linux 4.9.35-v7+ (raspberrypi) 	29/11/18 	_armv7l_	(4 CPU)

avg-cpu:  %user   %nice %system %iowait  %steal   %idle
           8.47    0.00    2.71   14.97    0.00   73.85

Device:            tps    kB_read/s    kB_wrtn/s    kB_read    kB_wrtn
mmcblk0          10.94        98.18        50.40     320949     164765

             total       used       free     shared    buffers     cached
Mem:          923M       439M       483M       8.8M        31M       297M
-/+ buffers/cache:       110M       812M
Swap:          99M         0B        99M
Linux 4.9.35-v7+ (raspberrypi) 	29/11/18 	_armv7l_	(4 CPU)

avg-cpu:  %user   %nice %system %iowait  %steal   %idle
           8.47    0.00    2.71   14.97    0.00   73.85

Device:            tps    kB_read/s    kB_wrtn/s    kB_read    kB_wrtn
mmcblk0          10.95        98.17        50.43     320949     164881

             total       used       free     shared    buffers     cached
Mem:          923M       442M       480M       8.8M        31M       297M
-/+ buffers/cache:       113M       809M
Swap:          99M         0B        99M
Linux 4.9.35-v7+ (raspberrypi) 	29/11/18 	_armv7l_	(4 CPU)

avg-cpu:  %user   %nice %system %iowait  %steal   %idle
           8.48    0.00    2.71   14.97    0.00   73.85

Device:            tps    kB_read/s    kB_wrtn/s    kB_read    kB_wrtn
mmcblk0          10.97        98.17        50.49     320949     165061

             total       used       free     shared    buffers     cached
Mem:          923M       445M       478M       8.8M        31M       297M
-/+ buffers/cache:       116M       807M
Swap:          99M         0B        99M
Linux 4.9.35-v7+ (raspberrypi) 	29/11/18 	_armv7l_	(4 CPU)

avg-cpu:  %user   %nice %system %iowait  %steal   %idle
           8.48    0.00    2.71   14.97    0.00   73.85

Device:            tps    kB_read/s    kB_wrtn/s    kB_read    kB_wrtn
mmcblk0          10.98        98.16        50.53     320949     165225

             total       used       free     shared    buffers     cached
Mem:          923M       440M       482M       8.8M        31M       297M
-/+ buffers/cache:       111M       811M
Swap:          99M         0B        99M
Linux 4.9.35-v7+ (raspberrypi) 	29/11/18 	_armv7l_	(4 CPU)

avg-cpu:  %user   %nice %system %iowait  %steal   %idle
           8.48    0.00    2.71   14.97    0.00   73.84

Device:            tps    kB_read/s    kB_wrtn/s    kB_read    kB_wrtn
mmcblk0          10.99        98.15        50.57     320949     165365

             total       used       free     shared    buffers     cached
Mem:          923M       443M       479M       8.8M        31M       297M
-/+ buffers/cache:       114M       808M
Swap:          99M         0B        99M
Linux 4.9.35-v7+ (raspberrypi) 	29/11/18 	_armv7l_	(4 CPU)

avg-cpu:  %user   %nice %system %iowait  %steal   %idle
           8.48    0.00    2.71   14.97    0.00   73.84

Device:            tps    kB_read/s    kB_wrtn/s    kB_read    kB_wrtn
mmcblk0          11.00        98.15        50.61     320949     165517

             total       used       free     shared    buffers     cached
Mem:          923M       446M       477M       8.8M        31M       297M
-/+ buffers/cache:       117M       806M
Swap:          99M         0B        99M
Linux 4.9.35-v7+ (raspberrypi) 	29/11/18 	_armv7l_	(4 CPU)

avg-cpu:  %user   %nice %system %iowait  %steal   %idle
           8.48    0.00    2.71   14.97    0.00   73.84

Device:            tps    kB_read/s    kB_wrtn/s    kB_read    kB_wrtn
mmcblk0          11.01        98.14        50.67     320949     165701

             total       used       free     shared    buffers     cached
Mem:          923M       440M       483M       8.8M        31M       297M
-/+ buffers/cache:       111M       812M
Swap:          99M         0B        99M
Linux 4.9.35-v7+ (raspberrypi) 	29/11/18 	_armv7l_	(4 CPU)

avg-cpu:  %user   %nice %system %iowait  %steal   %idle
           8.48    0.00    2.71   14.97    0.00   73.84

Device:            tps    kB_read/s    kB_wrtn/s    kB_read    kB_wrtn
mmcblk0          11.02        98.13        50.70     320949     165833

             total       used       free     shared    buffers     cached
Mem:          923M       443M       480M       8.8M        31M       297M
-/+ buffers/cache:       114M       809M
Swap:          99M         0B        99M
Linux 4.9.35-v7+ (raspberrypi) 	29/11/18 	_armv7l_	(4 CPU)

avg-cpu:  %user   %nice %system %iowait  %steal   %idle
           8.48    0.00    2.71   14.97    0.00   73.84

Device:            tps    kB_read/s    kB_wrtn/s    kB_read    kB_wrtn
mmcblk0          11.03        98.12        50.74     320949     165973

             total       used       free     shared    buffers     cached
Mem:          923M       445M       477M       8.8M        31M       297M
-/+ buffers/cache:       117M       806M
Swap:          99M         0B        99M
Linux 4.9.35-v7+ (raspberrypi) 	29/11/18 	_armv7l_	(4 CPU)

avg-cpu:  %user   %nice %system %iowait  %steal   %idle
           8.48    0.00    2.71   14.97    0.00   73.84

Device:            tps    kB_read/s    kB_wrtn/s    kB_read    kB_wrtn
mmcblk0          11.03        98.12        50.76     320949     166029

             total       used       free     shared    buffers     cached
Mem:          923M       439M       483M       8.8M        31M       297M
-/+ buffers/cache:       110M       812M
Swap:          99M         0B        99M
Linux 4.9.35-v7+ (raspberrypi) 	29/11/18 	_armv7l_	(4 CPU)

avg-cpu:  %user   %nice %system %iowait  %steal   %idle
           8.49    0.00    2.71   14.97    0.00   73.83

Device:            tps    kB_read/s    kB_wrtn/s    kB_read    kB_wrtn
mmcblk0          11.03        98.11        50.75     320949     166033

             total       used       free     shared    buffers     cached
Mem:          923M       443M       480M       8.8M        31M       297M
-/+ buffers/cache:       114M       809M
Swap:          99M         0B        99M
Linux 4.9.35-v7+ (raspberrypi) 	29/11/18 	_armv7l_	(4 CPU)

avg-cpu:  %user   %nice %system %iowait  %steal   %idle
           8.49    0.00    2.71   14.98    0.00   73.82

Device:            tps    kB_read/s    kB_wrtn/s    kB_read    kB_wrtn
mmcblk0          11.03        98.06        50.74     320949     166073

             total       used       free     shared    buffers     cached
Mem:          923M       443M       479M       8.8M        31M       297M
-/+ buffers/cache:       114M       808M
Swap:          99M         0B        99M
Linux 4.9.35-v7+ (raspberrypi) 	29/11/18 	_armv7l_	(4 CPU)

avg-cpu:  %user   %nice %system %iowait  %steal   %idle
           8.49    0.00    2.71   14.98    0.00   73.82

Device:            tps    kB_read/s    kB_wrtn/s    kB_read    kB_wrtn
mmcblk0          11.03        98.05        50.75     320949     166125

             total       used       free     shared    buffers     cached
Mem:          923M       445M       477M       8.8M        31M       297M
-/+ buffers/cache:       116M       806M
Swap:          99M         0B        99M
Linux 4.9.35-v7+ (raspberrypi) 	29/11/18 	_armv7l_	(4 CPU)

avg-cpu:  %user   %nice %system %iowait  %steal   %idle
           8.48    0.00    2.71   15.00    0.00   73.80

Device:            tps    kB_read/s    kB_wrtn/s    kB_read    kB_wrtn
mmcblk0          11.03        97.99        50.74     320949     166185

             total       used       free     shared    buffers     cached
Mem:          923M       440M       482M       8.8M        31M       297M
-/+ buffers/cache:       111M       811M
Swap:          99M         0B        99M
Linux 4.9.35-v7+ (raspberrypi) 	29/11/18 	_armv7l_	(4 CPU)

avg-cpu:  %user   %nice %system %iowait  %steal   %idle
           8.49    0.00    2.71   15.02    0.00   73.78

Device:            tps    kB_read/s    kB_wrtn/s    kB_read    kB_wrtn
mmcblk0          11.03        97.95        50.73     320949     166217

             total       used       free     shared    buffers     cached
Mem:          923M       443M       480M       8.8M        31M       297M
-/+ buffers/cache:       114M       809M
Swap:          99M         0B        99M
Linux 4.9.35-v7+ (raspberrypi) 	29/11/18 	_armv7l_	(4 CPU)

avg-cpu:  %user   %nice %system %iowait  %steal   %idle
           8.49    0.00    2.71   15.02    0.00   73.78

Device:            tps    kB_read/s    kB_wrtn/s    kB_read    kB_wrtn
mmcblk0          11.04        97.94        50.76     320949     166353

             total       used       free     shared    buffers     cached
Mem:          923M       445M       478M       8.8M        31M       297M
-/+ buffers/cache:       116M       807M
Swap:          99M         0B        99M
Linux 4.9.35-v7+ (raspberrypi) 	29/11/18 	_armv7l_	(4 CPU)

avg-cpu:  %user   %nice %system %iowait  %steal   %idle
           8.49    0.00    2.71   15.02    0.00   73.78

Device:            tps    kB_read/s    kB_wrtn/s    kB_read    kB_wrtn
mmcblk0          11.04        97.93        50.78     320949     166417

             total       used       free     shared    buffers     cached
Mem:          923M       446M       476M       8.8M        31M       297M
-/+ buffers/cache:       118M       805M
Swap:          99M         0B        99M
Linux 4.9.35-v7+ (raspberrypi) 	29/11/18 	_armv7l_	(4 CPU)

avg-cpu:  %user   %nice %system %iowait  %steal   %idle
           8.49    0.00    2.71   15.02    0.00   73.78

Device:            tps    kB_read/s    kB_wrtn/s    kB_read    kB_wrtn
mmcblk0          11.04        97.92        50.78     320949     166429

             total       used       free     shared    buffers     cached
Mem:          923M       444M       479M       8.8M        31M       297M
-/+ buffers/cache:       115M       808M
Swap:          99M         0B        99M
Linux 4.9.35-v7+ (raspberrypi) 	29/11/18 	_armv7l_	(4 CPU)

avg-cpu:  %user   %nice %system %iowait  %steal   %idle
           8.49    0.00    2.71   15.02    0.00   73.77

Device:            tps    kB_read/s    kB_wrtn/s    kB_read    kB_wrtn
mmcblk0          11.05        97.91        50.81     320949     166553

             total       used       free     shared    buffers     cached
Mem:          923M       446M       476M       8.8M        31M       297M
-/+ buffers/cache:       117M       805M
Swap:          99M         0B        99M
Linux 4.9.35-v7+ (raspberrypi) 	29/11/18 	_armv7l_	(4 CPU)

avg-cpu:  %user   %nice %system %iowait  %steal   %idle
           8.49    0.00    2.71   15.02    0.00   73.77

Device:            tps    kB_read/s    kB_wrtn/s    kB_read    kB_wrtn
mmcblk0          11.06        97.91        50.85     320949     166697

             total       used       free     shared    buffers     cached
Mem:          923M       442M       480M       8.8M        31M       297M
-/+ buffers/cache:       113M       809M
Swap:          99M         0B        99M
Linux 4.9.35-v7+ (raspberrypi) 	29/11/18 	_armv7l_	(4 CPU)

avg-cpu:  %user   %nice %system %iowait  %steal   %idle
           8.49    0.00    2.71   15.02    0.00   73.77

Device:            tps    kB_read/s    kB_wrtn/s    kB_read    kB_wrtn
mmcblk0          11.06        97.90        50.85     320949     166697

             total       used       free     shared    buffers     cached
Mem:          923M       442M       480M       8.8M        31M       297M
-/+ buffers/cache:       113M       809M
Swap:          99M         0B        99M
Linux 4.9.35-v7+ (raspberrypi) 	29/11/18 	_armv7l_	(4 CPU)

avg-cpu:  %user   %nice %system %iowait  %steal   %idle
           8.49    0.00    2.71   15.04    0.00   73.75

Device:            tps    kB_read/s    kB_wrtn/s    kB_read    kB_wrtn
mmcblk0          11.06        97.86        50.88     320949     166881

             total       used       free     shared    buffers     cached
Mem:          923M       440M       482M       8.8M        31M       297M
-/+ buffers/cache:       111M       811M
Swap:          99M         0B        99M
Linux 4.9.35-v7+ (raspberrypi) 	29/11/18 	_armv7l_	(4 CPU)

avg-cpu:  %user   %nice %system %iowait  %steal   %idle
           8.49    0.00    2.71   15.04    0.00   73.75

Device:            tps    kB_read/s    kB_wrtn/s    kB_read    kB_wrtn
mmcblk0          11.07        97.86        50.92     320949     167017

             total       used       free     shared    buffers     cached
Mem:          923M       443M       480M       8.8M        31M       297M
-/+ buffers/cache:       114M       809M
Swap:          99M         0B        99M
Linux 4.9.35-v7+ (raspberrypi) 	29/11/18 	_armv7l_	(4 CPU)

avg-cpu:  %user   %nice %system %iowait  %steal   %idle
           8.50    0.00    2.71   15.04    0.00   73.75

Device:            tps    kB_read/s    kB_wrtn/s    kB_read    kB_wrtn
mmcblk0          11.07        97.85        50.92     320949     167025

             total       used       free     shared    buffers     cached
Mem:          923M       445M       477M       8.8M        31M       297M
-/+ buffers/cache:       116M       806M
Swap:          99M         0B        99M
Linux 4.9.35-v7+ (raspberrypi) 	29/11/18 	_armv7l_	(4 CPU)

avg-cpu:  %user   %nice %system %iowait  %steal   %idle
           8.50    0.00    2.71   15.04    0.00   73.75

Device:            tps    kB_read/s    kB_wrtn/s    kB_read    kB_wrtn
mmcblk0          11.07        97.84        50.92     320949     167053

             total       used       free     shared    buffers     cached
Mem:          923M       443M       479M       8.8M        31M       297M
-/+ buffers/cache:       114M       808M
Swap:          99M         0B        99M
Linux 4.9.35-v7+ (raspberrypi) 	29/11/18 	_armv7l_	(4 CPU)

avg-cpu:  %user   %nice %system %iowait  %steal   %idle
           8.50    0.00    2.71   15.05    0.00   73.74

Device:            tps    kB_read/s    kB_wrtn/s    kB_read    kB_wrtn
mmcblk0          11.07        97.81        50.92     320949     167073

             total       used       free     shared    buffers     cached
Mem:          923M       443M       479M       8.8M        31M       297M
-/+ buffers/cache:       114M       808M
Swap:          99M         0B        99M
Linux 4.9.35-v7+ (raspberrypi) 	29/11/18 	_armv7l_	(4 CPU)

avg-cpu:  %user   %nice %system %iowait  %steal   %idle
           8.50    0.00    2.71   15.05    0.00   73.74

Device:            tps    kB_read/s    kB_wrtn/s    kB_read    kB_wrtn
mmcblk0          11.08        97.81        50.95     320949     167177

             total       used       free     shared    buffers     cached
Mem:          923M       445M       478M       8.8M        31M       297M
-/+ buffers/cache:       116M       807M
Swap:          99M         0B        99M
Linux 4.9.35-v7+ (raspberrypi) 	29/11/18 	_armv7l_	(4 CPU)

avg-cpu:  %user   %nice %system %iowait  %steal   %idle
           8.50    0.00    2.72   15.05    0.00   73.74

Device:            tps    kB_read/s    kB_wrtn/s    kB_read    kB_wrtn
mmcblk0          11.09        97.80        51.01     320949     167397

             total       used       free     shared    buffers     cached
Mem:          923M       446M       476M       8.8M        31M       297M
-/+ buffers/cache:       117M       805M
Swap:          99M         0B        99M
Linux 4.9.35-v7+ (raspberrypi) 	29/11/18 	_armv7l_	(4 CPU)

avg-cpu:  %user   %nice %system %iowait  %steal   %idle
           8.50    0.00    2.72   15.05    0.00   73.74

Device:            tps    kB_read/s    kB_wrtn/s    kB_read    kB_wrtn
mmcblk0          11.10        97.79        51.03     320949     167493

             total       used       free     shared    buffers     cached
Mem:          923M       447M       476M       8.8M        31M       297M
-/+ buffers/cache:       118M       805M
Swap:          99M         0B        99M
Linux 4.9.35-v7+ (raspberrypi) 	29/11/18 	_armv7l_	(4 CPU)

avg-cpu:  %user   %nice %system %iowait  %steal   %idle
           8.50    0.00    2.72   15.05    0.00   73.74

Device:            tps    kB_read/s    kB_wrtn/s    kB_read    kB_wrtn
mmcblk0          11.10        97.78        51.03     320949     167493

             total       used       free     shared    buffers     cached
Mem:          923M       441M       481M       8.8M        31M       297M
-/+ buffers/cache:       112M       810M
Swap:          99M         0B        99M
Linux 4.9.35-v7+ (raspberrypi) 	29/11/18 	_armv7l_	(4 CPU)

avg-cpu:  %user   %nice %system %iowait  %steal   %idle
           8.50    0.00    2.72   15.05    0.00   73.73

Device:            tps    kB_read/s    kB_wrtn/s    kB_read    kB_wrtn
mmcblk0          11.10        97.77        51.03     320949     167521

             total       used       free     shared    buffers     cached
Mem:          923M       445M       477M       8.8M        31M       297M
-/+ buffers/cache:       116M       806M
Swap:          99M         0B        99M
Linux 4.9.35-v7+ (raspberrypi) 	29/11/18 	_armv7l_	(4 CPU)

avg-cpu:  %user   %nice %system %iowait  %steal   %idle
           8.51    0.00    2.72   15.05    0.00   73.73

Device:            tps    kB_read/s    kB_wrtn/s    kB_read    kB_wrtn
mmcblk0          11.10        97.76        51.03     320949     167525

             total       used       free     shared    buffers     cached
Mem:          923M       447M       475M       8.8M        31M       297M
-/+ buffers/cache:       118M       804M
Swap:          99M         0B        99M
Linux 4.9.35-v7+ (raspberrypi) 	29/11/18 	_armv7l_	(4 CPU)

avg-cpu:  %user   %nice %system %iowait  %steal   %idle
           8.51    0.00    2.71   15.08    0.00   73.70

Device:            tps    kB_read/s    kB_wrtn/s    kB_read    kB_wrtn
mmcblk0          11.09        97.72        51.02     320949     167581

             total       used       free     shared    buffers     cached
Mem:          923M       440M       483M       8.8M        31M       297M
-/+ buffers/cache:       111M       812M
Swap:          99M         0B        99M
Linux 4.9.35-v7+ (raspberrypi) 	29/11/18 	_armv7l_	(4 CPU)

avg-cpu:  %user   %nice %system %iowait  %steal   %idle
           8.51    0.00    2.72   15.09    0.00   73.69

Device:            tps    kB_read/s    kB_wrtn/s    kB_read    kB_wrtn
mmcblk0          11.09        97.70        51.02     320949     167597

             total       used       free     shared    buffers     cached
Mem:          923M       447M       475M       8.8M        31M       297M
-/+ buffers/cache:       118M       804M
Swap:          99M         0B        99M
Linux 4.9.35-v7+ (raspberrypi) 	29/11/18 	_armv7l_	(4 CPU)

avg-cpu:  %user   %nice %system %iowait  %steal   %idle
           8.51    0.00    2.72   15.09    0.00   73.69

Device:            tps    kB_read/s    kB_wrtn/s    kB_read    kB_wrtn
mmcblk0          11.10        97.69        51.06     320949     167741

             total       used       free     shared    buffers     cached
Mem:          923M       442M       480M       8.8M        31M       297M
-/+ buffers/cache:       113M       809M
Swap:          99M         0B        99M
Linux 4.9.35-v7+ (raspberrypi) 	29/11/18 	_armv7l_	(4 CPU)

avg-cpu:  %user   %nice %system %iowait  %steal   %idle
           8.51    0.00    2.71   15.12    0.00   73.66

Device:            tps    kB_read/s    kB_wrtn/s    kB_read    kB_wrtn
mmcblk0          11.10        97.62        51.06     320949     167873

             total       used       free     shared    buffers     cached
Mem:          923M       439M       483M       8.8M        31M       297M
-/+ buffers/cache:       110M       812M
Swap:          99M         0B        99M
Linux 4.9.35-v7+ (raspberrypi) 	29/11/18 	_armv7l_	(4 CPU)

avg-cpu:  %user   %nice %system %iowait  %steal   %idle
           8.51    0.00    2.71   15.12    0.00   73.66

Device:            tps    kB_read/s    kB_wrtn/s    kB_read    kB_wrtn
mmcblk0          11.10        97.62        51.08     320949     167949

             total       used       free     shared    buffers     cached
Mem:          923M       441M       481M       8.8M        31M       297M
-/+ buffers/cache:       112M       810M
Swap:          99M         0B        99M
Linux 4.9.35-v7+ (raspberrypi) 	29/11/18 	_armv7l_	(4 CPU)

avg-cpu:  %user   %nice %system %iowait  %steal   %idle
           8.51    0.00    2.71   15.12    0.00   73.66

Device:            tps    kB_read/s    kB_wrtn/s    kB_read    kB_wrtn
mmcblk0          11.10        97.61        51.08     320949     167957

             total       used       free     shared    buffers     cached
Mem:          923M       443M       479M       8.8M        31M       297M
-/+ buffers/cache:       114M       808M
Swap:          99M         0B        99M
Linux 4.9.35-v7+ (raspberrypi) 	29/11/18 	_armv7l_	(4 CPU)

avg-cpu:  %user   %nice %system %iowait  %steal   %idle
           8.51    0.00    2.71   15.12    0.00   73.65

Device:            tps    kB_read/s    kB_wrtn/s    kB_read    kB_wrtn
mmcblk0          11.10        97.60        51.08     320949     167977

             total       used       free     shared    buffers     cached
Mem:          923M       443M       480M       8.8M        31M       297M
-/+ buffers/cache:       114M       809M
Swap:          99M         0B        99M
Linux 4.9.35-v7+ (raspberrypi) 	29/11/18 	_armv7l_	(4 CPU)

avg-cpu:  %user   %nice %system %iowait  %steal   %idle
           8.51    0.00    2.72   15.12    0.00   73.65

Device:            tps    kB_read/s    kB_wrtn/s    kB_read    kB_wrtn
mmcblk0          11.11        97.59        51.12     320949     168105

             total       used       free     shared    buffers     cached
Mem:          923M       445M       477M       8.8M        31M       297M
-/+ buffers/cache:       116M       806M
Swap:          99M         0B        99M
Linux 4.9.35-v7+ (raspberrypi) 	29/11/18 	_armv7l_	(4 CPU)

avg-cpu:  %user   %nice %system %iowait  %steal   %idle
           8.51    0.00    2.72   15.12    0.00   73.65

Device:            tps    kB_read/s    kB_wrtn/s    kB_read    kB_wrtn
mmcblk0          11.13        97.58        51.17     320949     168301

             total       used       free     shared    buffers     cached
Mem:          923M       446M       476M       8.8M        31M       297M
-/+ buffers/cache:       117M       805M
Swap:          99M         0B        99M
Linux 4.9.35-v7+ (raspberrypi) 	29/11/18 	_armv7l_	(4 CPU)

avg-cpu:  %user   %nice %system %iowait  %steal   %idle
           8.52    0.00    2.72   15.12    0.00   73.65

Device:            tps    kB_read/s    kB_wrtn/s    kB_read    kB_wrtn
mmcblk0          11.14        97.58        51.22     320949     168461

             total       used       free     shared    buffers     cached
Mem:          923M       441M       481M       8.8M        31M       297M
-/+ buffers/cache:       112M       810M
Swap:          99M         0B        99M
Linux 4.9.35-v7+ (raspberrypi) 	29/11/18 	_armv7l_	(4 CPU)

avg-cpu:  %user   %nice %system %iowait  %steal   %idle
           8.52    0.00    2.72   15.12    0.00   73.64

Device:            tps    kB_read/s    kB_wrtn/s    kB_read    kB_wrtn
mmcblk0          11.15        97.57        51.25     320949     168589

             total       used       free     shared    buffers     cached
Mem:          923M       444M       478M       8.8M        31M       297M
-/+ buffers/cache:       115M       807M
Swap:          99M         0B        99M
Linux 4.9.35-v7+ (raspberrypi) 	29/11/18 	_armv7l_	(4 CPU)

avg-cpu:  %user   %nice %system %iowait  %steal   %idle
           8.52    0.00    2.72   15.12    0.00   73.64

Device:            tps    kB_read/s    kB_wrtn/s    kB_read    kB_wrtn
mmcblk0          11.15        97.56        51.27     320949     168653

             total       used       free     shared    buffers     cached
Mem:          923M       446M       476M       8.8M        31M       297M
-/+ buffers/cache:       117M       805M
Swap:          99M         0B        99M
Linux 4.9.35-v7+ (raspberrypi) 	29/11/18 	_armv7l_	(4 CPU)

avg-cpu:  %user   %nice %system %iowait  %steal   %idle
           8.52    0.00    2.72   15.12    0.00   73.64

Device:            tps    kB_read/s    kB_wrtn/s    kB_read    kB_wrtn
mmcblk0          11.15        97.55        51.27     320949     168673

             total       used       free     shared    buffers     cached
Mem:          923M       443M       480M       8.8M        31M       297M
-/+ buffers/cache:       113M       809M
Swap:          99M         0B        99M
Linux 4.9.35-v7+ (raspberrypi) 	29/11/18 	_armv7l_	(4 CPU)

avg-cpu:  %user   %nice %system %iowait  %steal   %idle
           8.52    0.00    2.72   15.12    0.00   73.64

Device:            tps    kB_read/s    kB_wrtn/s    kB_read    kB_wrtn
mmcblk0          11.16        97.55        51.30     320949     168793

             total       used       free     shared    buffers     cached
Mem:          923M       445M       477M       8.8M        31M       297M
-/+ buffers/cache:       116M       806M
Swap:          99M         0B        99M
Linux 4.9.35-v7+ (raspberrypi) 	29/11/18 	_armv7l_	(4 CPU)

avg-cpu:  %user   %nice %system %iowait  %steal   %idle
           8.52    0.00    2.72   15.12    0.00   73.64

Device:            tps    kB_read/s    kB_wrtn/s    kB_read    kB_wrtn
mmcblk0          11.17        97.54        51.34     320949     168929

             total       used       free     shared    buffers     cached
Mem:          923M       441M       481M       8.8M        31M       297M
-/+ buffers/cache:       112M       810M
Swap:          99M         0B        99M
Linux 4.9.35-v7+ (raspberrypi) 	29/11/18 	_armv7l_	(4 CPU)

avg-cpu:  %user   %nice %system %iowait  %steal   %idle
           8.52    0.00    2.72   15.12    0.00   73.63

Device:            tps    kB_read/s    kB_wrtn/s    kB_read    kB_wrtn
mmcblk0          11.17        97.53        51.34     320949     168929

             total       used       free     shared    buffers     cached
Mem:          923M       444M       479M       8.8M        31M       297M
-/+ buffers/cache:       115M       808M
Swap:          99M         0B        99M
Linux 4.9.35-v7+ (raspberrypi) 	29/11/18 	_armv7l_	(4 CPU)

avg-cpu:  %user   %nice %system %iowait  %steal   %idle
           8.52    0.00    2.72   15.15    0.00   73.61

Device:            tps    kB_read/s    kB_wrtn/s    kB_read    kB_wrtn
mmcblk0          11.16        97.46        51.32     320949     169005

             total       used       free     shared    buffers     cached
Mem:          923M       443M       479M       8.8M        31M       297M
-/+ buffers/cache:       114M       808M
Swap:          99M         0B        99M
Linux 4.9.35-v7+ (raspberrypi) 	29/11/18 	_armv7l_	(4 CPU)

avg-cpu:  %user   %nice %system %iowait  %steal   %idle
           8.52    0.00    2.72   15.15    0.00   73.61

Device:            tps    kB_read/s    kB_wrtn/s    kB_read    kB_wrtn
mmcblk0          11.16        97.45        51.31     320949     169005

             total       used       free     shared    buffers     cached
Mem:          923M       445M       477M       8.8M        31M       297M
-/+ buffers/cache:       116M       806M
Swap:          99M         0B        99M
Linux 4.9.35-v7+ (raspberrypi) 	29/11/18 	_armv7l_	(4 CPU)

avg-cpu:  %user   %nice %system %iowait  %steal   %idle
           8.53    0.00    2.72   15.15    0.00   73.60

Device:            tps    kB_read/s    kB_wrtn/s    kB_read    kB_wrtn
mmcblk0          11.16        97.41        51.30     320949     169017

             total       used       free     shared    buffers     cached
Mem:          923M       446M       476M       8.8M        31M       297M
-/+ buffers/cache:       117M       805M
Swap:          99M         0B        99M
Linux 4.9.35-v7+ (raspberrypi) 	29/11/18 	_armv7l_	(4 CPU)

avg-cpu:  %user   %nice %system %iowait  %steal   %idle
           8.52    0.00    2.71   15.18    0.00   73.58

Device:            tps    kB_read/s    kB_wrtn/s    kB_read    kB_wrtn
mmcblk0          11.16        97.36        51.30     320949     169093

             total       used       free     shared    buffers     cached
Mem:          923M       440M       482M       8.8M        31M       297M
-/+ buffers/cache:       111M       811M
Swap:          99M         0B        99M
Linux 4.9.35-v7+ (raspberrypi) 	29/11/18 	_armv7l_	(4 CPU)

avg-cpu:  %user   %nice %system %iowait  %steal   %idle
           8.52    0.00    2.72   15.18    0.00   73.58

Device:            tps    kB_read/s    kB_wrtn/s    kB_read    kB_wrtn
mmcblk0          11.16        97.36        51.31     320949     169145

             total       used       free     shared    buffers     cached
Mem:          923M       442M       480M       8.8M        31M       297M
-/+ buffers/cache:       113M       809M
Swap:          99M         0B        99M
Linux 4.9.35-v7+ (raspberrypi) 	29/11/18 	_armv7l_	(4 CPU)

avg-cpu:  %user   %nice %system %iowait  %steal   %idle
           8.52    0.00    2.72   15.19    0.00   73.57

Device:            tps    kB_read/s    kB_wrtn/s    kB_read    kB_wrtn
mmcblk0          11.16        97.34        51.30     320949     169165

             total       used       free     shared    buffers     cached
Mem:          923M       442M       481M       8.8M        31M       297M
-/+ buffers/cache:       113M       810M
Swap:          99M         0B        99M
Linux 4.9.35-v7+ (raspberrypi) 	29/11/18 	_armv7l_	(4 CPU)

avg-cpu:  %user   %nice %system %iowait  %steal   %idle
           8.53    0.00    2.72   15.19    0.00   73.56

Device:            tps    kB_read/s    kB_wrtn/s    kB_read    kB_wrtn
mmcblk0          11.16        97.32        51.30     320949     169173

             total       used       free     shared    buffers     cached
Mem:          923M       443M       479M       8.8M        31M       297M
-/+ buffers/cache:       114M       808M
Swap:          99M         0B        99M
Linux 4.9.35-v7+ (raspberrypi) 	29/11/18 	_armv7l_	(4 CPU)

avg-cpu:  %user   %nice %system %iowait  %steal   %idle
           8.53    0.00    2.72   15.19    0.00   73.56

Device:            tps    kB_read/s    kB_wrtn/s    kB_read    kB_wrtn
mmcblk0          11.16        97.31        51.33     320949     169305

             total       used       free     shared    buffers     cached
Mem:          923M       446M       477M       8.8M        31M       297M
-/+ buffers/cache:       117M       806M
Swap:          99M         0B        99M
Linux 4.9.35-v7+ (raspberrypi) 	29/11/18 	_armv7l_	(4 CPU)

avg-cpu:  %user   %nice %system %iowait  %steal   %idle
           8.53    0.00    2.72   15.19    0.00   73.56

Device:            tps    kB_read/s    kB_wrtn/s    kB_read    kB_wrtn
mmcblk0          11.17        97.30        51.35     320949     169369

             total       used       free     shared    buffers     cached
Mem:          923M       442M       481M       8.8M        31M       297M
-/+ buffers/cache:       113M       810M
Swap:          99M         0B        99M
Linux 4.9.35-v7+ (raspberrypi) 	29/11/18 	_armv7l_	(4 CPU)

avg-cpu:  %user   %nice %system %iowait  %steal   %idle
           8.53    0.00    2.72   15.20    0.00   73.55

Device:            tps    kB_read/s    kB_wrtn/s    kB_read    kB_wrtn
mmcblk0          11.17        97.29        51.34     320949     169381

             total       used       free     shared    buffers     cached
Mem:          923M       447M       475M       8.8M        31M       297M
-/+ buffers/cache:       118M       804M
Swap:          99M         0B        99M
Linux 4.9.35-v7+ (raspberrypi) 	29/11/18 	_armv7l_	(4 CPU)

avg-cpu:  %user   %nice %system %iowait  %steal   %idle
           8.53    0.00    2.72   15.20    0.00   73.55

Device:            tps    kB_read/s    kB_wrtn/s    kB_read    kB_wrtn
mmcblk0          11.18        97.28        51.38     320949     169517

             total       used       free     shared    buffers     cached
Mem:          923M       442M       480M       8.8M        31M       297M
-/+ buffers/cache:       113M       809M
Swap:          99M         0B        99M
Linux 4.9.35-v7+ (raspberrypi) 	29/11/18 	_armv7l_	(4 CPU)

avg-cpu:  %user   %nice %system %iowait  %steal   %idle
           8.54    0.00    2.72   15.20    0.00   73.55

Device:            tps    kB_read/s    kB_wrtn/s    kB_read    kB_wrtn
mmcblk0          11.18        97.27        51.40     320949     169581

             total       used       free     shared    buffers     cached
Mem:          923M       445M       477M       8.8M        31M       297M
-/+ buffers/cache:       116M       806M
Swap:          99M         0B        99M
Linux 4.9.35-v7+ (raspberrypi) 	29/11/18 	_armv7l_	(4 CPU)

avg-cpu:  %user   %nice %system %iowait  %steal   %idle
           8.54    0.00    2.72   15.20    0.00   73.54

Device:            tps    kB_read/s    kB_wrtn/s    kB_read    kB_wrtn
mmcblk0          11.18        97.26        51.39     320949     169597

             total       used       free     shared    buffers     cached
Mem:          923M       441M       481M       8.8M        31M       297M
-/+ buffers/cache:       112M       810M
Swap:          99M         0B        99M
Linux 4.9.35-v7+ (raspberrypi) 	29/11/18 	_armv7l_	(4 CPU)

avg-cpu:  %user   %nice %system %iowait  %steal   %idle
           8.54    0.00    2.72   15.20    0.00   73.54

Device:            tps    kB_read/s    kB_wrtn/s    kB_read    kB_wrtn
mmcblk0          11.19        97.25        51.43     320949     169725

             total       used       free     shared    buffers     cached
Mem:          923M       443M       479M       8.8M        31M       297M
-/+ buffers/cache:       114M       808M
Swap:          99M         0B        99M
Linux 4.9.35-v7+ (raspberrypi) 	29/11/18 	_armv7l_	(4 CPU)

avg-cpu:  %user   %nice %system %iowait  %steal   %idle
           8.54    0.00    2.72   15.20    0.00   73.54

Device:            tps    kB_read/s    kB_wrtn/s    kB_read    kB_wrtn
mmcblk0          11.19        97.24        51.43     320949     169741

             total       used       free     shared    buffers     cached
Mem:          923M       446M       476M       8.8M        31M       297M
-/+ buffers/cache:       117M       805M
Swap:          99M         0B        99M
Linux 4.9.35-v7+ (raspberrypi) 	29/11/18 	_armv7l_	(4 CPU)

avg-cpu:  %user   %nice %system %iowait  %steal   %idle
           8.54    0.00    2.72   15.21    0.00   73.54

Device:            tps    kB_read/s    kB_wrtn/s    kB_read    kB_wrtn
mmcblk0          11.19        97.23        51.43     320949     169765

             total       used       free     shared    buffers     cached
Mem:          923M       442M       480M       8.8M        31M       297M
-/+ buffers/cache:       113M       809M
Swap:          99M         0B        99M
Linux 4.9.35-v7+ (raspberrypi) 	29/11/18 	_armv7l_	(4 CPU)

avg-cpu:  %user   %nice %system %iowait  %steal   %idle
           8.54    0.00    2.72   15.21    0.00   73.53

Device:            tps    kB_read/s    kB_wrtn/s    kB_read    kB_wrtn
mmcblk0          11.20        97.22        51.47     320949     169893

             total       used       free     shared    buffers     cached
Mem:          923M       444M       478M       8.8M        31M       297M
-/+ buffers/cache:       115M       807M
Swap:          99M         0B        99M
Linux 4.9.35-v7+ (raspberrypi) 	29/11/18 	_armv7l_	(4 CPU)

avg-cpu:  %user   %nice %system %iowait  %steal   %idle
           8.54    0.00    2.72   15.21    0.00   73.53

Device:            tps    kB_read/s    kB_wrtn/s    kB_read    kB_wrtn
mmcblk0          11.20        97.22        51.48     320949     169961

             total       used       free     shared    buffers     cached
Mem:          923M       447M       476M       8.8M        31M       297M
-/+ buffers/cache:       118M       805M
Swap:          99M         0B        99M
Linux 4.9.35-v7+ (raspberrypi) 	29/11/18 	_armv7l_	(4 CPU)

avg-cpu:  %user   %nice %system %iowait  %steal   %idle
           8.54    0.00    2.72   15.21    0.00   73.53

Device:            tps    kB_read/s    kB_wrtn/s    kB_read    kB_wrtn
mmcblk0          11.20        97.20        51.49     320949     170017

             total       used       free     shared    buffers     cached
Mem:          923M       443M       479M       8.8M        31M       297M
-/+ buffers/cache:       114M       808M
Swap:          99M         0B        99M
Linux 4.9.35-v7+ (raspberrypi) 	29/11/18 	_armv7l_	(4 CPU)

avg-cpu:  %user   %nice %system %iowait  %steal   %idle
           8.55    0.00    2.72   15.22    0.00   73.52

Device:            tps    kB_read/s    kB_wrtn/s    kB_read    kB_wrtn
mmcblk0          11.20        97.18        51.48     320949     170029

             total       used       free     shared    buffers     cached
Mem:          923M       443M       480M       8.8M        31M       297M
-/+ buffers/cache:       114M       809M
Swap:          99M         0B        99M
Linux 4.9.35-v7+ (raspberrypi) 	29/11/18 	_armv7l_	(4 CPU)

avg-cpu:  %user   %nice %system %iowait  %steal   %idle
           8.55    0.00    2.72   15.23    0.00   73.51

Device:            tps    kB_read/s    kB_wrtn/s    kB_read    kB_wrtn
mmcblk0          11.20        97.16        51.48     320949     170061

             total       used       free     shared    buffers     cached
Mem:          923M       440M       482M       8.8M        31M       297M
-/+ buffers/cache:       111M       812M
Swap:          99M         0B        99M
Linux 4.9.35-v7+ (raspberrypi) 	29/11/18 	_armv7l_	(4 CPU)

avg-cpu:  %user   %nice %system %iowait  %steal   %idle
           8.55    0.00    2.72   15.23    0.00   73.51

Device:            tps    kB_read/s    kB_wrtn/s    kB_read    kB_wrtn
mmcblk0          11.21        97.15        51.52     320949     170189

             total       used       free     shared    buffers     cached
Mem:          923M       443M       479M       8.8M        31M       297M
-/+ buffers/cache:       114M       808M
Swap:          99M         0B        99M
Linux 4.9.35-v7+ (raspberrypi) 	29/11/18 	_armv7l_	(4 CPU)

avg-cpu:  %user   %nice %system %iowait  %steal   %idle
           8.55    0.00    2.72   15.23    0.00   73.50

Device:            tps    kB_read/s    kB_wrtn/s    kB_read    kB_wrtn
mmcblk0          11.22        97.15        51.57     320949     170361

             total       used       free     shared    buffers     cached
Mem:          923M       446M       477M       8.8M        31M       297M
-/+ buffers/cache:       117M       806M
Swap:          99M         0B        99M
Linux 4.9.35-v7+ (raspberrypi) 	29/11/18 	_armv7l_	(4 CPU)

avg-cpu:  %user   %nice %system %iowait  %steal   %idle
           8.55    0.00    2.72   15.23    0.00   73.50

Device:            tps    kB_read/s    kB_wrtn/s    kB_read    kB_wrtn
mmcblk0          11.22        97.14        51.56     320949     170361

             total       used       free     shared    buffers     cached
Mem:          923M       440M       482M       8.8M        31M       297M
-/+ buffers/cache:       111M       811M
Swap:          99M         0B        99M
Linux 4.9.35-v7+ (raspberrypi) 	29/11/18 	_armv7l_	(4 CPU)

avg-cpu:  %user   %nice %system %iowait  %steal   %idle
           8.55    0.00    2.72   15.23    0.00   73.50

Device:            tps    kB_read/s    kB_wrtn/s    kB_read    kB_wrtn
mmcblk0          11.22        97.13        51.56     320949     170369

             total       used       free     shared    buffers     cached
Mem:          923M       443M       479M       8.8M        31M       297M
-/+ buffers/cache:       114M       808M
Swap:          99M         0B        99M
Linux 4.9.35-v7+ (raspberrypi) 	29/11/18 	_armv7l_	(4 CPU)

avg-cpu:  %user   %nice %system %iowait  %steal   %idle
           8.55    0.00    2.72   15.23    0.00   73.49

Device:            tps    kB_read/s    kB_wrtn/s    kB_read    kB_wrtn
mmcblk0          11.22        97.11        51.56     320949     170397

             total       used       free     shared    buffers     cached
Mem:          923M       444M       479M       8.8M        31M       297M
-/+ buffers/cache:       115M       808M
Swap:          99M         0B        99M
Linux 4.9.35-v7+ (raspberrypi) 	29/11/18 	_armv7l_	(4 CPU)

avg-cpu:  %user   %nice %system %iowait  %steal   %idle
           8.56    0.00    2.72   15.23    0.00   73.49

Device:            tps    kB_read/s    kB_wrtn/s    kB_read    kB_wrtn
mmcblk0          11.23        97.10        51.59     320949     170533

             total       used       free     shared    buffers     cached
Mem:          923M       446M       476M       8.8M        31M       297M
-/+ buffers/cache:       117M       805M
Swap:          99M         0B        99M
Linux 4.9.35-v7+ (raspberrypi) 	29/11/18 	_armv7l_	(4 CPU)

avg-cpu:  %user   %nice %system %iowait  %steal   %idle
           8.56    0.00    2.72   15.23    0.00   73.49

Device:            tps    kB_read/s    kB_wrtn/s    kB_read    kB_wrtn
mmcblk0          11.24        97.10        51.62     320949     170645

             total       used       free     shared    buffers     cached
Mem:          923M       441M       482M       8.8M        31M       297M
-/+ buffers/cache:       112M       811M
Swap:          99M         0B        99M
Linux 4.9.35-v7+ (raspberrypi) 	29/11/18 	_armv7l_	(4 CPU)

avg-cpu:  %user   %nice %system %iowait  %steal   %idle
           8.56    0.00    2.72   15.23    0.00   73.49

Device:            tps    kB_read/s    kB_wrtn/s    kB_read    kB_wrtn
mmcblk0          11.24        97.09        51.62     320949     170645

             total       used       free     shared    buffers     cached
Mem:          923M       444M       479M       8.8M        31M       297M
-/+ buffers/cache:       115M       808M
Swap:          99M         0B        99M
Linux 4.9.35-v7+ (raspberrypi) 	29/11/18 	_armv7l_	(4 CPU)

avg-cpu:  %user   %nice %system %iowait  %steal   %idle
           8.56    0.00    2.72   15.23    0.00   73.48

Device:            tps    kB_read/s    kB_wrtn/s    kB_read    kB_wrtn
mmcblk0          11.24        97.08        51.62     320949     170673

             total       used       free     shared    buffers     cached
Mem:          923M       447M       476M       8.8M        31M       297M
-/+ buffers/cache:       118M       805M
Swap:          99M         0B        99M
Linux 4.9.35-v7+ (raspberrypi) 	29/11/18 	_armv7l_	(4 CPU)

avg-cpu:  %user   %nice %system %iowait  %steal   %idle
           8.56    0.00    2.72   15.23    0.00   73.48

Device:            tps    kB_read/s    kB_wrtn/s    kB_read    kB_wrtn
mmcblk0          11.25        97.07        51.66     320949     170805

             total       used       free     shared    buffers     cached
Mem:          923M       443M       480M       8.8M        31M       297M
-/+ buffers/cache:       114M       809M
Swap:          99M         0B        99M
Linux 4.9.35-v7+ (raspberrypi) 	29/11/18 	_armv7l_	(4 CPU)

avg-cpu:  %user   %nice %system %iowait  %steal   %idle
           8.56    0.00    2.72   15.23    0.00   73.48

Device:            tps    kB_read/s    kB_wrtn/s    kB_read    kB_wrtn
mmcblk0          11.26        97.06        51.71     320949     170989

             total       used       free     shared    buffers     cached
Mem:          923M       445M       477M       8.8M        31M       297M
-/+ buffers/cache:       116M       806M
Swap:          99M         0B        99M
Linux 4.9.35-v7+ (raspberrypi) 	29/11/18 	_armv7l_	(4 CPU)

avg-cpu:  %user   %nice %system %iowait  %steal   %idle
           8.56    0.00    2.72   15.24    0.00   73.47

Device:            tps    kB_read/s    kB_wrtn/s    kB_read    kB_wrtn
mmcblk0          11.26        97.04        51.71     320949     171029

             total       used       free     shared    buffers     cached
Mem:          923M       440M       482M       8.8M        31M       297M
-/+ buffers/cache:       111M       811M
Swap:          99M         0B        99M
Linux 4.9.35-v7+ (raspberrypi) 	29/11/18 	_armv7l_	(4 CPU)

avg-cpu:  %user   %nice %system %iowait  %steal   %idle
           8.56    0.00    2.72   15.24    0.00   73.47

Device:            tps    kB_read/s    kB_wrtn/s    kB_read    kB_wrtn
mmcblk0          11.26        97.04        51.71     320949     171029

             total       used       free     shared    buffers     cached
Mem:          923M       443M       479M       8.8M        31M       297M
-/+ buffers/cache:       114M       808M
Swap:          99M         0B        99M
Linux 4.9.35-v7+ (raspberrypi) 	29/11/18 	_armv7l_	(4 CPU)

avg-cpu:  %user   %nice %system %iowait  %steal   %idle
           8.56    0.00    2.72   15.25    0.00   73.47

Device:            tps    kB_read/s    kB_wrtn/s    kB_read    kB_wrtn
mmcblk0          11.26        97.02        51.71     320949     171061

             total       used       free     shared    buffers     cached
Mem:          923M       447M       476M       8.8M        31M       297M
-/+ buffers/cache:       118M       805M
Swap:          99M         0B        99M
Linux 4.9.35-v7+ (raspberrypi) 	29/11/18 	_armv7l_	(4 CPU)

avg-cpu:  %user   %nice %system %iowait  %steal   %idle
           8.57    0.00    2.72   15.25    0.00   73.47

Device:            tps    kB_read/s    kB_wrtn/s    kB_read    kB_wrtn
mmcblk0          11.26        97.02        51.71     320949     171081

             total       used       free     shared    buffers     cached
Mem:          923M       442M       481M       8.8M        31M       297M
-/+ buffers/cache:       113M       810M
Swap:          99M         0B        99M
Linux 4.9.35-v7+ (raspberrypi) 	29/11/18 	_armv7l_	(4 CPU)

avg-cpu:  %user   %nice %system %iowait  %steal   %idle
           8.57    0.00    2.72   15.27    0.00   73.44

Device:            tps    kB_read/s    kB_wrtn/s    kB_read    kB_wrtn
mmcblk0          11.25        96.96        51.69     320949     171113

             total       used       free     shared    buffers     cached
Mem:          923M       447M       475M       8.8M        31M       297M
-/+ buffers/cache:       118M       804M
Swap:          99M         0B        99M
Linux 4.9.35-v7+ (raspberrypi) 	29/11/18 	_armv7l_	(4 CPU)

avg-cpu:  %user   %nice %system %iowait  %steal   %idle
           8.56    0.00    2.72   15.34    0.00   73.38

Device:            tps    kB_read/s    kB_wrtn/s    kB_read    kB_wrtn
mmcblk0          11.24        96.83        51.66     320949     171233

             total       used       free     shared    buffers     cached
Mem:          923M       444M       479M       8.8M        31M       297M
-/+ buffers/cache:       114M       808M
Swap:          99M         0B        99M
Linux 4.9.35-v7+ (raspberrypi) 	29/11/18 	_armv7l_	(4 CPU)

avg-cpu:  %user   %nice %system %iowait  %steal   %idle
           8.56    0.00    2.72   15.36    0.00   73.36

Device:            tps    kB_read/s    kB_wrtn/s    kB_read    kB_wrtn
mmcblk0          11.24        96.79        51.65     320949     171253

             total       used       free     shared    buffers     cached
Mem:          923M       444M       479M       8.8M        31M       297M
-/+ buffers/cache:       115M       808M
Swap:          99M         0B        99M
Linux 4.9.35-v7+ (raspberrypi) 	29/11/18 	_armv7l_	(4 CPU)

avg-cpu:  %user   %nice %system %iowait  %steal   %idle
           8.56    0.00    2.72   15.36    0.00   73.36

Device:            tps    kB_read/s    kB_wrtn/s    kB_read    kB_wrtn
mmcblk0          11.24        96.77        51.64     320949     171273

             total       used       free     shared    buffers     cached
Mem:          923M       440M       482M       8.8M        31M       297M
-/+ buffers/cache:       111M       812M
Swap:          99M         0B        99M
Linux 4.9.35-v7+ (raspberrypi) 	29/11/18 	_armv7l_	(4 CPU)

avg-cpu:  %user   %nice %system %iowait  %steal   %idle
           8.56    0.00    2.72   15.37    0.00   73.35

Device:            tps    kB_read/s    kB_wrtn/s    kB_read    kB_wrtn
mmcblk0          11.24        96.74        51.65     320949     171337

             total       used       free     shared    buffers     cached
Mem:          923M       440M       482M       8.8M        31M       297M
-/+ buffers/cache:       111M       812M
Swap:          99M         0B        99M
Linux 4.9.35-v7+ (raspberrypi) 	29/11/18 	_armv7l_	(4 CPU)

avg-cpu:  %user   %nice %system %iowait  %steal   %idle
           8.57    0.00    2.72   15.37    0.00   73.35

Device:            tps    kB_read/s    kB_wrtn/s    kB_read    kB_wrtn
mmcblk0          11.24        96.74        51.66     320949     171397

             total       used       free     shared    buffers     cached
Mem:          923M       443M       480M       8.8M        31M       297M
-/+ buffers/cache:       113M       809M
Swap:          99M         0B        99M
Linux 4.9.35-v7+ (raspberrypi) 	29/11/18 	_armv7l_	(4 CPU)

avg-cpu:  %user   %nice %system %iowait  %steal   %idle
           8.57    0.00    2.72   15.37    0.00   73.34

Device:            tps    kB_read/s    kB_wrtn/s    kB_read    kB_wrtn
mmcblk0          11.24        96.72        51.66     320949     171409

             total       used       free     shared    buffers     cached
Mem:          923M       443M       479M       8.8M        31M       297M
-/+ buffers/cache:       114M       808M
Swap:          99M         0B        99M
Linux 4.9.35-v7+ (raspberrypi) 	29/11/18 	_armv7l_	(4 CPU)

avg-cpu:  %user   %nice %system %iowait  %steal   %idle
           8.57    0.00    2.72   15.37    0.00   73.34

Device:            tps    kB_read/s    kB_wrtn/s    kB_read    kB_wrtn
mmcblk0          11.25        96.71        51.67     320949     171481

             total       used       free     shared    buffers     cached
Mem:          923M       445M       477M       8.8M        31M       297M
-/+ buffers/cache:       116M       806M
Swap:          99M         0B        99M
Linux 4.9.35-v7+ (raspberrypi) 	29/11/18 	_armv7l_	(4 CPU)

avg-cpu:  %user   %nice %system %iowait  %steal   %idle
           8.57    0.00    2.72   15.37    0.00   73.34

Device:            tps    kB_read/s    kB_wrtn/s    kB_read    kB_wrtn
mmcblk0          11.25        96.70        51.68     320949     171517

             total       used       free     shared    buffers     cached
Mem:          923M       443M       479M       8.8M        31M       297M
-/+ buffers/cache:       114M       808M
Swap:          99M         0B        99M
Linux 4.9.35-v7+ (raspberrypi) 	29/11/18 	_armv7l_	(4 CPU)

avg-cpu:  %user   %nice %system %iowait  %steal   %idle
           8.57    0.00    2.72   15.37    0.00   73.34

Device:            tps    kB_read/s    kB_wrtn/s    kB_read    kB_wrtn
mmcblk0          11.25        96.69        51.71     320949     171645

             total       used       free     shared    buffers     cached
Mem:          923M       445M       477M       8.8M        31M       297M
-/+ buffers/cache:       116M       806M
Swap:          99M         0B        99M
Linux 4.9.35-v7+ (raspberrypi) 	29/11/18 	_armv7l_	(4 CPU)

avg-cpu:  %user   %nice %system %iowait  %steal   %idle
           8.57    0.00    2.72   15.37    0.00   73.33

Device:            tps    kB_read/s    kB_wrtn/s    kB_read    kB_wrtn
mmcblk0          11.27        96.68        51.76     320949     171825

             total       used       free     shared    buffers     cached
Mem:          923M       447M       476M       8.8M        31M       297M
-/+ buffers/cache:       118M       805M
Swap:          99M         0B        99M
Linux 4.9.35-v7+ (raspberrypi) 	29/11/18 	_armv7l_	(4 CPU)

avg-cpu:  %user   %nice %system %iowait  %steal   %idle
           8.57    0.00    2.72   15.37    0.00   73.33

Device:            tps    kB_read/s    kB_wrtn/s    kB_read    kB_wrtn
mmcblk0          11.27        96.68        51.76     320949     171841

             total       used       free     shared    buffers     cached
Mem:          923M       441M       482M       8.8M        31M       297M
-/+ buffers/cache:       112M       811M
Swap:          99M         0B        99M
Linux 4.9.35-v7+ (raspberrypi) 	29/11/18 	_armv7l_	(4 CPU)

avg-cpu:  %user   %nice %system %iowait  %steal   %idle
           8.58    0.00    2.72   15.37    0.00   73.33

Device:            tps    kB_read/s    kB_wrtn/s    kB_read    kB_wrtn
mmcblk0          11.27        96.67        51.76     320949     171853

             total       used       free     shared    buffers     cached
Mem:          923M       445M       477M       8.8M        31M       297M
-/+ buffers/cache:       116M       806M
Swap:          99M         0B        99M
Linux 4.9.35-v7+ (raspberrypi) 	29/11/18 	_armv7l_	(4 CPU)

avg-cpu:  %user   %nice %system %iowait  %steal   %idle
           8.58    0.00    2.72   15.38    0.00   73.33

Device:            tps    kB_read/s    kB_wrtn/s    kB_read    kB_wrtn
mmcblk0          11.27        96.66        51.76     320949     171861

             total       used       free     shared    buffers     cached
Mem:          923M       443M       479M       8.8M        31M       297M
-/+ buffers/cache:       114M       808M
Swap:          99M         0B        99M
Linux 4.9.35-v7+ (raspberrypi) 	29/11/18 	_armv7l_	(4 CPU)

avg-cpu:  %user   %nice %system %iowait  %steal   %idle
           8.57    0.00    2.72   15.42    0.00   73.29

Device:            tps    kB_read/s    kB_wrtn/s    kB_read    kB_wrtn
mmcblk0          11.26        96.60        51.73     320949     171881

             total       used       free     shared    buffers     cached
Mem:          923M       444M       479M       8.8M        31M       297M
-/+ buffers/cache:       114M       808M
Swap:          99M         0B        99M
Linux 4.9.35-v7+ (raspberrypi) 	29/11/18 	_armv7l_	(4 CPU)

avg-cpu:  %user   %nice %system %iowait  %steal   %idle
           8.57    0.00    2.72   15.45    0.00   73.26

Device:            tps    kB_read/s    kB_wrtn/s    kB_read    kB_wrtn
mmcblk0          11.26        96.56        51.74     320949     171969

             total       used       free     shared    buffers     cached
Mem:          923M       440M       482M       8.8M        31M       297M
-/+ buffers/cache:       111M       812M
Swap:          99M         0B        99M
Linux 4.9.35-v7+ (raspberrypi) 	29/11/18 	_armv7l_	(4 CPU)

avg-cpu:  %user   %nice %system %iowait  %steal   %idle
           8.57    0.00    2.72   15.45    0.00   73.26

Device:            tps    kB_read/s    kB_wrtn/s    kB_read    kB_wrtn
mmcblk0          11.26        96.55        51.73     320949     171969

             total       used       free     shared    buffers     cached
Mem:          923M       443M       480M       8.8M        31M       297M
-/+ buffers/cache:       113M       809M
Swap:          99M         0B        99M
Linux 4.9.35-v7+ (raspberrypi) 	29/11/18 	_armv7l_	(4 CPU)

avg-cpu:  %user   %nice %system %iowait  %steal   %idle
           8.58    0.00    2.72   15.46    0.00   73.25

Device:            tps    kB_read/s    kB_wrtn/s    kB_read    kB_wrtn
mmcblk0          11.26        96.54        51.73     320949     171993

             total       used       free     shared    buffers     cached
Mem:          923M       440M       482M       8.8M        31M       297M
-/+ buffers/cache:       111M       811M
Swap:          99M         0B        99M
Linux 4.9.35-v7+ (raspberrypi) 	29/11/18 	_armv7l_	(4 CPU)

avg-cpu:  %user   %nice %system %iowait  %steal   %idle
           8.58    0.00    2.72   15.46    0.00   73.24

Device:            tps    kB_read/s    kB_wrtn/s    kB_read    kB_wrtn
mmcblk0          11.26        96.51        51.73     320949     172021

             total       used       free     shared    buffers     cached
Mem:          923M       440M       482M       8.8M        31M       297M
-/+ buffers/cache:       111M       812M
Swap:          99M         0B        99M
Linux 4.9.35-v7+ (raspberrypi) 	29/11/18 	_armv7l_	(4 CPU)

avg-cpu:  %user   %nice %system %iowait  %steal   %idle
           8.58    0.00    2.72   15.47    0.00   73.23

Device:            tps    kB_read/s    kB_wrtn/s    kB_read    kB_wrtn
mmcblk0          11.26        96.49        51.73     320949     172045

             total       used       free     shared    buffers     cached
Mem:          923M       442M       481M       8.8M        31M       297M
-/+ buffers/cache:       113M       810M
Swap:          99M         0B        99M
Linux 4.9.35-v7+ (raspberrypi) 	29/11/18 	_armv7l_	(4 CPU)

avg-cpu:  %user   %nice %system %iowait  %steal   %idle
           8.58    0.00    2.72   15.47    0.00   73.23

Device:            tps    kB_read/s    kB_wrtn/s    kB_read    kB_wrtn
mmcblk0          11.27        96.49        51.76     320949     172185

             total       used       free     shared    buffers     cached
Mem:          923M       444M       478M       8.8M        31M       297M
-/+ buffers/cache:       115M       808M
Swap:          99M         0B        99M
Linux 4.9.35-v7+ (raspberrypi) 	29/11/18 	_armv7l_	(4 CPU)

avg-cpu:  %user   %nice %system %iowait  %steal   %idle
           8.59    0.00    2.72   15.47    0.00   73.23

Device:            tps    kB_read/s    kB_wrtn/s    kB_read    kB_wrtn
mmcblk0          11.28        96.48        51.81     320949     172365

             total       used       free     shared    buffers     cached
Mem:          923M       447M       476M       8.8M        31M       297M
-/+ buffers/cache:       118M       805M
Swap:          99M         0B        99M
Linux 4.9.35-v7+ (raspberrypi) 	29/11/18 	_armv7l_	(4 CPU)

avg-cpu:  %user   %nice %system %iowait  %steal   %idle
           8.58    0.00    2.72   15.47    0.00   73.23

Device:            tps    kB_read/s    kB_wrtn/s    kB_read    kB_wrtn
mmcblk0          11.28        96.47        51.84     320949     172453

             total       used       free     shared    buffers     cached
Mem:          923M       447M       475M       8.8M        31M       297M
-/+ buffers/cache:       118M       804M
Swap:          99M         0B        99M
Linux 4.9.35-v7+ (raspberrypi) 	29/11/18 	_armv7l_	(4 CPU)

avg-cpu:  %user   %nice %system %iowait  %steal   %idle
           8.59    0.00    2.72   15.47    0.00   73.23

Device:            tps    kB_read/s    kB_wrtn/s    kB_read    kB_wrtn
mmcblk0          11.28        96.47        51.83     320949     172453

             total       used       free     shared    buffers     cached
Mem:          923M       443M       479M       8.8M        31M       297M
-/+ buffers/cache:       114M       808M
Swap:          99M         0B        99M
Linux 4.9.35-v7+ (raspberrypi) 	29/11/18 	_armv7l_	(4 CPU)

avg-cpu:  %user   %nice %system %iowait  %steal   %idle
           8.59    0.00    2.72   15.47    0.00   73.22

Device:            tps    kB_read/s    kB_wrtn/s    kB_read    kB_wrtn
mmcblk0          11.29        96.46        51.84     320949     172489

             total       used       free     shared    buffers     cached
Mem:          923M       446M       476M       8.8M        31M       297M
-/+ buffers/cache:       117M       805M
Swap:          99M         0B        99M
Linux 4.9.35-v7+ (raspberrypi) 	29/11/18 	_armv7l_	(4 CPU)

avg-cpu:  %user   %nice %system %iowait  %steal   %idle
           8.59    0.00    2.72   15.47    0.00   73.22

Device:            tps    kB_read/s    kB_wrtn/s    kB_read    kB_wrtn
mmcblk0          11.29        96.45        51.86     320949     172573

             total       used       free     shared    buffers     cached
Mem:          923M       442M       481M       8.8M        31M       297M
-/+ buffers/cache:       112M       810M
Swap:          99M         0B        99M
Linux 4.9.35-v7+ (raspberrypi) 	29/11/18 	_armv7l_	(4 CPU)

avg-cpu:  %user   %nice %system %iowait  %steal   %idle
           8.59    0.00    2.72   15.49    0.00   73.20

Device:            tps    kB_read/s    kB_wrtn/s    kB_read    kB_wrtn
mmcblk0          11.29        96.41        51.85     320949     172617

             total       used       free     shared    buffers     cached
Mem:          923M       444M       479M       8.8M        31M       297M
-/+ buffers/cache:       114M       808M
Swap:          99M         0B        99M
Linux 4.9.35-v7+ (raspberrypi) 	29/11/18 	_armv7l_	(4 CPU)

avg-cpu:  %user   %nice %system %iowait  %steal   %idle
           8.59    0.00    2.72   15.49    0.00   73.20

Device:            tps    kB_read/s    kB_wrtn/s    kB_read    kB_wrtn
mmcblk0          11.29        96.41        51.85     320949     172621

             total       used       free     shared    buffers     cached
Mem:          923M       444M       478M       8.8M        31M       297M
-/+ buffers/cache:       115M       807M
Swap:          99M         0B        99M
Linux 4.9.35-v7+ (raspberrypi) 	29/11/18 	_armv7l_	(4 CPU)

avg-cpu:  %user   %nice %system %iowait  %steal   %idle
           8.59    0.00    2.72   15.49    0.00   73.20

Device:            tps    kB_read/s    kB_wrtn/s    kB_read    kB_wrtn
mmcblk0          11.29        96.39        51.85     320949     172649

             total       used       free     shared    buffers     cached
Mem:          923M       444M       478M       8.8M        31M       297M
-/+ buffers/cache:       115M       807M
Swap:          99M         0B        99M
Linux 4.9.35-v7+ (raspberrypi) 	29/11/18 	_armv7l_	(4 CPU)

avg-cpu:  %user   %nice %system %iowait  %steal   %idle
           8.59    0.00    2.72   15.49    0.00   73.19

Device:            tps    kB_read/s    kB_wrtn/s    kB_read    kB_wrtn
mmcblk0          11.29        96.37        51.85     320949     172677

             total       used       free     shared    buffers     cached
Mem:          923M       445M       477M       8.8M        31M       297M
-/+ buffers/cache:       116M       806M
Swap:          99M         0B        99M
Linux 4.9.35-v7+ (raspberrypi) 	29/11/18 	_armv7l_	(4 CPU)

avg-cpu:  %user   %nice %system %iowait  %steal   %idle
           8.59    0.00    2.72   15.49    0.00   73.19

Device:            tps    kB_read/s    kB_wrtn/s    kB_read    kB_wrtn
mmcblk0          11.29        96.36        51.88     320949     172801

             total       used       free     shared    buffers     cached
Mem:          923M       447M       475M       8.8M        31M       297M
-/+ buffers/cache:       118M       804M
Swap:          99M         0B        99M
Linux 4.9.35-v7+ (raspberrypi) 	29/11/18 	_armv7l_	(4 CPU)

avg-cpu:  %user   %nice %system %iowait  %steal   %idle
           8.60    0.00    2.72   15.49    0.00   73.19

Device:            tps    kB_read/s    kB_wrtn/s    kB_read    kB_wrtn
mmcblk0          11.30        96.35        51.92     320949     172929

             total       used       free     shared    buffers     cached
Mem:          923M       443M       479M       8.8M        31M       297M
-/+ buffers/cache:       114M       809M
Swap:          99M         0B        99M
Linux 4.9.35-v7+ (raspberrypi) 	29/11/18 	_armv7l_	(4 CPU)

avg-cpu:  %user   %nice %system %iowait  %steal   %idle
           8.60    0.00    2.72   15.50    0.00   73.19

Device:            tps    kB_read/s    kB_wrtn/s    kB_read    kB_wrtn
mmcblk0          11.30        96.35        51.91     320949     172929

             total       used       free     shared    buffers     cached
Mem:          923M       446M       477M       8.8M        31M       297M
-/+ buffers/cache:       116M       806M
Swap:          99M         0B        99M
Linux 4.9.35-v7+ (raspberrypi) 	29/11/18 	_armv7l_	(4 CPU)

avg-cpu:  %user   %nice %system %iowait  %steal   %idle
           8.60    0.00    2.72   15.50    0.00   73.18

Device:            tps    kB_read/s    kB_wrtn/s    kB_read    kB_wrtn
mmcblk0          11.30        96.34        51.92     320949     172965

             total       used       free     shared    buffers     cached
Mem:          923M       442M       480M       8.8M        31M       297M
-/+ buffers/cache:       113M       809M
Swap:          99M         0B        99M
Linux 4.9.35-v7+ (raspberrypi) 	29/11/18 	_armv7l_	(4 CPU)

